Archive member included to satisfy reference by file (symbol)

c:/st/stm32cubeide_1.10.1/stm32cubeide/plugins/com.st.stm32cube.ide.mcu.externaltools.gnu-tools-for-stm32.10.3-2021.10.win32_1.0.0.202111181127/tools/bin/../lib/gcc/arm-none-eabi/10.3.1/../../../../arm-none-eabi/lib/thumb/v7e-m+fp/hard\libstdc++_nano.a(pure.o)
                              ./Core/Src/ros_port.o (__cxa_pure_virtual)
c:/st/stm32cubeide_1.10.1/stm32cubeide/plugins/com.st.stm32cube.ide.mcu.externaltools.gnu-tools-for-stm32.10.3-2021.10.win32_1.0.0.202111181127/tools/bin/../lib/gcc/arm-none-eabi/10.3.1/../../../../arm-none-eabi/lib/thumb/v7e-m+fp/hard\libstdc++_nano.a(eh_terminate.o)
                              c:/st/stm32cubeide_1.10.1/stm32cubeide/plugins/com.st.stm32cube.ide.mcu.externaltools.gnu-tools-for-stm32.10.3-2021.10.win32_1.0.0.202111181127/tools/bin/../lib/gcc/arm-none-eabi/10.3.1/../../../../arm-none-eabi/lib/thumb/v7e-m+fp/hard\libstdc++_nano.a(pure.o) (std::terminate())
c:/st/stm32cubeide_1.10.1/stm32cubeide/plugins/com.st.stm32cube.ide.mcu.externaltools.gnu-tools-for-stm32.10.3-2021.10.win32_1.0.0.202111181127/tools/bin/../lib/gcc/arm-none-eabi/10.3.1/../../../../arm-none-eabi/lib/thumb/v7e-m+fp/hard\libstdc++_nano.a(eh_unex_handler.o)
                              c:/st/stm32cubeide_1.10.1/stm32cubeide/plugins/com.st.stm32cube.ide.mcu.externaltools.gnu-tools-for-stm32.10.3-2021.10.win32_1.0.0.202111181127/tools/bin/../lib/gcc/arm-none-eabi/10.3.1/../../../../arm-none-eabi/lib/thumb/v7e-m+fp/hard\libstdc++_nano.a(eh_terminate.o) (__cxxabiv1::__unexpected_handler)
c:/st/stm32cubeide_1.10.1/stm32cubeide/plugins/com.st.stm32cube.ide.mcu.externaltools.gnu-tools-for-stm32.10.3-2021.10.win32_1.0.0.202111181127/tools/bin/../lib/gcc/arm-none-eabi/10.3.1/../../../../arm-none-eabi/lib/thumb/v7e-m+fp/hard\libstdc++_nano.a(eh_term_handler.o)
                              c:/st/stm32cubeide_1.10.1/stm32cubeide/plugins/com.st.stm32cube.ide.mcu.externaltools.gnu-tools-for-stm32.10.3-2021.10.win32_1.0.0.202111181127/tools/bin/../lib/gcc/arm-none-eabi/10.3.1/../../../../arm-none-eabi/lib/thumb/v7e-m+fp/hard\libstdc++_nano.a(eh_terminate.o) (__cxxabiv1::__terminate_handler)
c:/st/stm32cubeide_1.10.1/stm32cubeide/plugins/com.st.stm32cube.ide.mcu.externaltools.gnu-tools-for-stm32.10.3-2021.10.win32_1.0.0.202111181127/tools/bin/../lib/gcc/arm-none-eabi/10.3.1/../../../../arm-none-eabi/lib/thumb/v7e-m+fp/hard\libc_nano.a(lib_a-abort.o)
                              c:/st/stm32cubeide_1.10.1/stm32cubeide/plugins/com.st.stm32cube.ide.mcu.externaltools.gnu-tools-for-stm32.10.3-2021.10.win32_1.0.0.202111181127/tools/bin/../lib/gcc/arm-none-eabi/10.3.1/../../../../arm-none-eabi/lib/thumb/v7e-m+fp/hard\libstdc++_nano.a(eh_terminate.o) (abort)
c:/st/stm32cubeide_1.10.1/stm32cubeide/plugins/com.st.stm32cube.ide.mcu.externaltools.gnu-tools-for-stm32.10.3-2021.10.win32_1.0.0.202111181127/tools/bin/../lib/gcc/arm-none-eabi/10.3.1/../../../../arm-none-eabi/lib/thumb/v7e-m+fp/hard\libc_nano.a(lib_a-errno.o)
                              ./Core/Src/syscalls.o (__errno)
c:/st/stm32cubeide_1.10.1/stm32cubeide/plugins/com.st.stm32cube.ide.mcu.externaltools.gnu-tools-for-stm32.10.3-2021.10.win32_1.0.0.202111181127/tools/bin/../lib/gcc/arm-none-eabi/10.3.1/../../../../arm-none-eabi/lib/thumb/v7e-m+fp/hard\libc_nano.a(lib_a-exit.o)
                              c:/st/stm32cubeide_1.10.1/stm32cubeide/plugins/com.st.stm32cube.ide.mcu.externaltools.gnu-tools-for-stm32.10.3-2021.10.win32_1.0.0.202111181127/tools/bin/../lib/gcc/arm-none-eabi/10.3.1/../../../../arm-none-eabi/lib/thumb/v7e-m+fp/hard/crt0.o (exit)
c:/st/stm32cubeide_1.10.1/stm32cubeide/plugins/com.st.stm32cube.ide.mcu.externaltools.gnu-tools-for-stm32.10.3-2021.10.win32_1.0.0.202111181127/tools/bin/../lib/gcc/arm-none-eabi/10.3.1/../../../../arm-none-eabi/lib/thumb/v7e-m+fp/hard\libc_nano.a(lib_a-impure.o)
                              c:/st/stm32cubeide_1.10.1/stm32cubeide/plugins/com.st.stm32cube.ide.mcu.externaltools.gnu-tools-for-stm32.10.3-2021.10.win32_1.0.0.202111181127/tools/bin/../lib/gcc/arm-none-eabi/10.3.1/../../../../arm-none-eabi/lib/thumb/v7e-m+fp/hard\libc_nano.a(lib_a-exit.o) (_global_impure_ptr)
c:/st/stm32cubeide_1.10.1/stm32cubeide/plugins/com.st.stm32cube.ide.mcu.externaltools.gnu-tools-for-stm32.10.3-2021.10.win32_1.0.0.202111181127/tools/bin/../lib/gcc/arm-none-eabi/10.3.1/../../../../arm-none-eabi/lib/thumb/v7e-m+fp/hard\libc_nano.a(lib_a-init.o)
                              c:/st/stm32cubeide_1.10.1/stm32cubeide/plugins/com.st.stm32cube.ide.mcu.externaltools.gnu-tools-for-stm32.10.3-2021.10.win32_1.0.0.202111181127/tools/bin/../lib/gcc/arm-none-eabi/10.3.1/../../../../arm-none-eabi/lib/thumb/v7e-m+fp/hard/crt0.o (__libc_init_array)
[...]
Memory Configuration

Name             Origin             Length             Attributes
RAM              0x0000000020000000 0x0000000000020000 xrw
FLASH            0x0000000008000000 0x0000000000080000 xr
*default*        0x0000000000000000 0xffffffffffffffff

Linker script and memory map

LOAD c:/st/stm32cubeide_1.10.1/stm32cubeide/plugins/com.st.stm32cube.ide.mcu.externaltools.gnu-tools-for-stm32.10.3-2021.10.win32_1.0.0.202111181127/tools/bin/../lib/gcc/arm-none-eabi/10.3.1/thumb/v7e-m+fp/hard/crti.o
LOAD c:/st/stm32cubeide_1.10.1/stm32cubeide/plugins/com.st.stm32cube.ide.mcu.externaltools.gnu-tools-for-stm32.10.3-2021.10.win32_1.0.0.202111181127/tools/bin/../lib/gcc/arm-none-eabi/10.3.1/thumb/v7e-m+fp/hard/crtbegin.o
LOAD c:/st/stm32cubeide_1.10.1/stm32cubeide/plugins/com.st.stm32cube.ide.mcu.externaltools.gnu-tools-for-stm32.10.3-2021.10.win32_1.0.0.202111181127/tools/bin/../lib/gcc/arm-none-eabi/10.3.1/../../../../arm-none-eabi/lib/thumb/v7e-m+fp/hard/crt0.o
LOAD ./Core/Inc/duration.o
LOAD ./Core/Inc/time.o
LOAD ./Core/Src/TIM_IT.o
LOAD ./Core/Src/baseball_intake.o
LOAD ./Core/Src/main.o
LOAD ./Core/Src/mainpp.o
LOAD ./Core/Src/reset_button.o
LOAD ./Core/Src/ros_port.o
LOAD ./Core/Src/servo.o
LOAD ./Core/Src/shooter.o
LOAD ./Core/Src/shooter_base.o
LOAD ./Core/Src/stm32f4xx_hal_msp.o
LOAD ./Core/Src/stm32f4xx_it.o
LOAD ./Core/Src/syscalls.o
LOAD ./Core/Src/sysmem.o
LOAD ./Core/Src/system_stm32f4xx.o
LOAD ./Core/Startup/startup_stm32f446retx.o
LOAD ./Drivers/STM32F4xx_HAL_Driver/Src/stm32f4xx_hal.o
LOAD ./Drivers/STM32F4xx_HAL_Driver/Src/stm32f4xx_hal_cortex.o
LOAD ./Drivers/STM32F4xx_HAL_Driver/Src/stm32f4xx_hal_dma.o
LOAD ./Drivers/STM32F4xx_HAL_Driver/Src/stm32f4xx_hal_dma_ex.o
LOAD ./Drivers/STM32F4xx_HAL_Driver/Src/stm32f4xx_hal_exti.o
LOAD ./Drivers/STM32F4xx_HAL_Driver/Src/stm32f4xx_hal_flash.o
LOAD ./Drivers/STM32F4xx_HAL_Driver/Src/stm32f4xx_hal_flash_ex.o
LOAD ./Drivers/STM32F4xx_HAL_Driver/Src/stm32f4xx_hal_flash_ramfunc.o
LOAD ./Drivers/STM32F4xx_HAL_Driver/Src/stm32f4xx_hal_gpio.o
LOAD ./Drivers/STM32F4xx_HAL_Driver/Src/stm32f4xx_hal_pwr.o
LOAD ./Drivers/STM32F4xx_HAL_Driver/Src/stm32f4xx_hal_pwr_ex.o
LOAD ./Drivers/STM32F4xx_HAL_Driver/Src/stm32f4xx_hal_rcc.o
LOAD ./Drivers/STM32F4xx_HAL_Driver/Src/stm32f4xx_hal_rcc_ex.o
LOAD ./Drivers/STM32F4xx_HAL_Driver/Src/stm32f4xx_hal_tim.o
LOAD ./Drivers/STM32F4xx_HAL_Driver/Src/stm32f4xx_hal_tim_ex.o
LOAD ./Drivers/STM32F4xx_HAL_Driver/Src/stm32f4xx_hal_uart.o
START GROUP
LOAD c:/st/stm32cubeide_1.10.1/stm32cubeide/plugins/com.st.stm32cube.ide.mcu.externaltools.gnu-tools-for-stm32.10.3-2021.10.win32_1.0.0.202111181127/tools/bin/../lib/gcc/arm-none-eabi/10.3.1/../../../../arm-none-eabi/lib/thumb/v7e-m+fp/hard\libstdc++_nano.a
LOAD c:/st/stm32cubeide_1.10.1/stm32cubeide/plugins/com.st.stm32cube.ide.mcu.externaltools.gnu-tools-for-stm32.10.3-2021.10.win32_1.0.0.202111181127/tools/bin/../lib/gcc/arm-none-eabi/10.3.1/../../../../arm-none-eabi/lib/thumb/v7e-m+fp/hard\libsupc++_nano.a
END GROUP
LOAD c:/st/stm32cubeide_1.10.1/stm32cubeide/plugins/com.st.stm32cube.ide.mcu.externaltools.gnu-tools-for-stm32.10.3-2021.10.win32_1.0.0.202111181127/tools/bin/../lib/gcc/arm-none-eabi/10.3.1/../../../../arm-none-eabi/lib/thumb/v7e-m+fp/hard\libstdc++_nano.a
LOAD c:/st/stm32cubeide_1.10.1/stm32cubeide/plugins/com.st.stm32cube.ide.mcu.externaltools.gnu-tools-for-stm32.10.3-2021.10.win32_1.0.0.202111181127/tools/bin/../lib/gcc/arm-none-eabi/10.3.1/../../../../arm-none-eabi/lib/thumb/v7e-m+fp/hard\libm.a
LOAD c:/st/stm32cubeide_1.10.1/stm32cubeide/plugins/com.st.stm32cube.ide.mcu.externaltools.gnu-tools-for-stm32.10.3-2021.10.win32_1.0.0.202111181127/tools/bin/../lib/gcc/arm-none-eabi/10.3.1/../../../../arm-none-eabi/lib/thumb/v7e-m+fp/hard\libc_nano.a
START GROUP
LOAD c:/st/stm32cubeide_1.10.1/stm32cubeide/plugins/com.st.stm32cube.ide.mcu.externaltools.gnu-tools-for-stm32.10.3-2021.10.win32_1.0.0.202111181127/tools/bin/../lib/gcc/arm-none-eabi/10.3.1/thumb/v7e-m+fp/hard\libgcc.a
LOAD c:/st/stm32cubeide_1.10.1/stm32cubeide/plugins/com.st.stm32cube.ide.mcu.externaltools.gnu-tools-for-stm32.10.3-2021.10.win32_1.0.0.202111181127/tools/bin/../lib/gcc/arm-none-eabi/10.3.1/../../../../arm-none-eabi/lib/thumb/v7e-m+fp/hard\libc_nano.a
END GROUP
START GROUP
LOAD c:/st/stm32cubeide_1.10.1/stm32cubeide/plugins/com.st.stm32cube.ide.mcu.externaltools.gnu-tools-for-stm32.10.3-2021.10.win32_1.0.0.202111181127/tools/bin/../lib/gcc/arm-none-eabi/10.3.1/thumb/v7e-m+fp/hard\libgcc.a
LOAD c:/st/stm32cubeide_1.10.1/stm32cubeide/plugins/com.st.stm32cube.ide.mcu.externaltools.gnu-tools-for-stm32.10.3-2021.10.win32_1.0.0.202111181127/tools/bin/../lib/gcc/arm-none-eabi/10.3.1/../../../../arm-none-eabi/lib/thumb/v7e-m+fp/hard\libc_nano.a
LOAD c:/st/stm32cubeide_1.10.1/stm32cubeide/plugins/com.st.stm32cube.ide.mcu.externaltools.gnu-tools-for-stm32.10.3-2021.10.win32_1.0.0.202111181127/tools/bin/../lib/gcc/arm-none-eabi/10.3.1/../../../../arm-none-eabi/lib/thumb/v7e-m+fp/hard\libnosys.a
END GROUP
START GROUP
LOAD c:/st/stm32cubeide_1.10.1/stm32cubeide/plugins/com.st.stm32cube.ide.mcu.externaltools.gnu-tools-for-stm32.10.3-2021.10.win32_1.0.0.202111181127/tools/bin/../lib/gcc/arm-none-eabi/10.3.1/thumb/v7e-m+fp/hard\libgcc.a
LOAD c:/st/stm32cubeide_1.10.1/stm32cubeide/plugins/com.st.stm32cube.ide.mcu.externaltools.gnu-tools-for-stm32.10.3-2021.10.win32_1.0.0.202111181127/tools/bin/../lib/gcc/arm-none-eabi/10.3.1/../../../../arm-none-eabi/lib/thumb/v7e-m+fp/hard\libc_nano.a
LOAD c:/st/stm32cubeide_1.10.1/stm32cubeide/plugins/com.st.stm32cube.ide.mcu.externaltools.gnu-tools-for-stm32.10.3-2021.10.win32_1.0.0.202111181127/tools/bin/../lib/gcc/arm-none-eabi/10.3.1/../../../../arm-none-eabi/lib/thumb/v7e-m+fp/hard\libnosys.a
END GROUP
LOAD c:/st/stm32cubeide_1.10.1/stm32cubeide/plugins/com.st.stm32cube.ide.mcu.externaltools.gnu-tools-for-stm32.10.3-2021.10.win32_1.0.0.202111181127/tools/bin/../lib/gcc/arm-none-eabi/10.3.1/thumb/v7e-m+fp/hard/crtend.o
LOAD c:/st/stm32cubeide_1.10.1/stm32cubeide/plugins/com.st.stm32cube.ide.mcu.externaltools.gnu-tools-for-stm32.10.3-2021.10.win32_1.0.0.202111181127/tools/bin/../lib/gcc/arm-none-eabi/10.3.1/thumb/v7e-m+fp/hard/crtn.o
                0x0000000020020000                _estack = (ORIGIN (RAM) + LENGTH (RAM))
                0x0000000000000200                _Min_Heap_Size = 0x200
                0x0000000000000400                _Min_Stack_Size = 0x400

.isr_vector     0x0000000008000000      0x1c4
                0x0000000008000000                . = ALIGN (0x4)
 *(.isr_vector)
 .isr_vector    0x0000000008000000      0x1c4 ./Core/Startup/startup_stm32f446retx.o
                0x0000000008000000                g_pfnVectors
                0x00000000080001c4                . = ALIGN (0x4)

.text           0x00000000080001c8     0xb148
                0x00000000080001c8                . = ALIGN (0x4)
 *(.text)
 .text          0x00000000080001c8       0x40 c:/st/stm32cubeide_1.10.1/stm32cubeide/plugins/com.st.stm32cube.ide.mcu.externaltools.gnu-tools-for-stm32.10.3-2021.10.win32_1.0.0.202111181127/tools/bin/../lib/gcc/arm-none-eabi/10.3.1/thumb/v7e-m+fp/hard/crtbegin.o
 .text          0x0000000008000208       0x10 c:/st/stm32cubeide_1.10.1/stm32cubeide/plugins/com.st.stm32cube.ide.mcu.externaltools.gnu-tools-for-stm32.10.3-2021.10.win32_1.0.0.202111181127/tools/bin/../lib/gcc/arm-none-eabi/10.3.1/../../../../arm-none-eabi/lib/thumb/v7e-m+fp/hard\libc_nano.a(lib_a-strlen.o)
                0x0000000008000208                strlen
 .text          0x0000000008000218      0x378 c:/st/stm32cubeide_1.10.1/stm32cubeide/plugins/com.st.stm32cube.ide.mcu.externaltools.gnu-tools-for-stm32.10.3-2021.10.win32_1.0.0.202111181127/tools/bin/../lib/gcc/arm-none-eabi/10.3.1/thumb/v7e-m+fp/hard\libgcc.a(_arm_addsubdf3.o)
                0x0000000008000218                __aeabi_drsub
                0x0000000008000220                __aeabi_dsub
                0x0000000008000220                __subdf3
                0x0000000008000224                __aeabi_dadd
                0x0000000008000224                __adddf3
                0x000000000800049c                __floatunsidf
                0x000000000800049c                __aeabi_ui2d
                0x00000000080004bc                __floatsidf
                0x00000000080004bc                __aeabi_i2d
                0x00000000080004e0                __aeabi_f2d
                0x00000000080004e0                __extendsfdf2
                0x0000000008000524                __floatundidf
                0x0000000008000524                __aeabi_ul2d
                0x0000000008000534                __floatdidf
                0x0000000008000534                __aeabi_l2d
 .text          0x0000000008000590      0x424 c:/st/stm32cubeide_1.10.1/stm32cubeide/plugins/com.st.stm32cube.ide.mcu.externaltools.gnu-tools-for-stm32.10.3-2021.10.win32_1.0.0.202111181127/tools/bin/../lib/gcc/arm-none-eabi/10.3.1/thumb/v7e-m+fp/hard\libgcc.a(_arm_muldivdf3.o)
                0x0000000008000590                __aeabi_dmul
                0x0000000008000590                __muldf3
                0x00000000080007e4                __divdf3
                0x00000000080007e4                __aeabi_ddiv
 .text          0x00000000080009b4      0x110 c:/st/stm32cubeide_1.10.1/stm32cubeide/plugins/com.st.stm32cube.ide.mcu.externaltools.gnu-tools-for-stm32.10.3-2021.10.win32_1.0.0.202111181127/tools/bin/../lib/gcc/arm-none-eabi/10.3.1/thumb/v7e-m+fp/hard\libgcc.a(_arm_cmpdf2.o)
                0x00000000080009b4                __gtdf2
                0x00000000080009b4                __gedf2
                0x00000000080009bc                __ltdf2
                0x00000000080009bc                __ledf2
                0x00000000080009c4                __nedf2
                0x00000000080009c4                __eqdf2
                0x00000000080009c4                __cmpdf2
                0x0000000008000a40                __aeabi_cdrcmple
                0x0000000008000a50                __aeabi_cdcmpeq
                0x0000000008000a50                __aeabi_cdcmple
                0x0000000008000a60                __aeabi_dcmpeq
                0x0000000008000a74                __aeabi_dcmplt
                0x0000000008000a88                __aeabi_dcmple
                0x0000000008000a9c                __aeabi_dcmpge
                0x0000000008000ab0                __aeabi_dcmpgt
 .text          0x0000000008000ac4       0x40 c:/st/stm32cubeide_1.10.1/stm32cubeide/plugins/com.st.stm32cube.ide.mcu.externaltools.gnu-tools-for-stm32.10.3-2021.10.win32_1.0.0.202111181127/tools/bin/../lib/gcc/arm-none-eabi/10.3.1/thumb/v7e-m+fp/hard\libgcc.a(_arm_fixunsdfsi.o)
                0x0000000008000ac4                __aeabi_d2uiz
                0x0000000008000ac4                __fixunsdfsi
 .text          0x0000000008000b04       0x30 c:/st/stm32cubeide_1.10.1/stm32cubeide/plugins/com.st.stm32cube.ide.mcu.externaltools.gnu-tools-for-stm32.10.3-2021.10.win32_1.0.0.202111181127/tools/bin/../lib/gcc/arm-none-eabi/10.3.1/thumb/v7e-m+fp/hard\libgcc.a(_aeabi_uldivmod.o)
                0x0000000008000b04                __aeabi_uldivmod
 .text          0x0000000008000b34      0x2d0 c:/st/stm32cubeide_1.10.1/stm32cubeide/plugins/com.st.stm32cube.ide.mcu.externaltools.gnu-tools-for-stm32.10.3-2021.10.win32_1.0.0.202111181127/tools/bin/../lib/gcc/arm-none-eabi/10.3.1/thumb/v7e-m+fp/hard\libgcc.a(_udivmoddi4.o)
                0x0000000008000b34                __udivmoddi4
 .text          0x0000000008000e04        0x4 c:/st/stm32cubeide_1.10.1/stm32cubeide/plugins/com.st.stm32cube.ide.mcu.externaltools.gnu-tools-for-stm32.10.3-2021.10.win32_1.0.0.202111181127/tools/bin/../lib/gcc/arm-none-eabi/10.3.1/thumb/v7e-m+fp/hard\libgcc.a(_dvmd_tls.o)
                0x0000000008000e04                __aeabi_idiv0
                0x0000000008000e04                __aeabi_ldiv0
 *(.text*)
 .text._ZN3ros16normalizeSecNSecERmS0_
                0x0000000008000e08       0x58 ./Core/Inc/time.o
                0x0000000008000e08                ros::normalizeSecNSec(unsigned long&, unsigned long&)
 .text.HAL_TIM_PeriodElapsedCallback
                0x0000000008000e60      0x184 ./Core/Src/TIM_IT.o
                0x0000000008000e60                HAL_TIM_PeriodElapsedCallback
 .text._Z13fliping_statei
                0x0000000008000fe4       0xcc ./Core/Src/baseball_intake.o
                0x0000000008000fe4                fliping_state(int)
 .text._Z13lifting_statei
                0x00000000080010b0       0xc4 ./Core/Src/baseball_intake.o
                0x00000000080010b0                lifting_state(int)
 .text._ZN4laji4moveEiiP12GPIO_TypeDeftS1_t
                0x0000000008001174       0x94 ./Core/Src/baseball_intake.o
                0x0000000008001174                laji::move(int, int, GPIO_TypeDef*, unsigned short, GPIO_TypeDef*, unsigned short)
 .text._Z10laji_Resetv
                0x0000000008001208       0x4c ./Core/Src/baseball_intake.o
                0x0000000008001208                laji_Reset()
 .text._Z12laji_controlv
                0x0000000008001254      0x1bc ./Core/Src/baseball_intake.o
                0x0000000008001254                laji_control()
 .text._Z9laji_stopv
                0x0000000008001410       0x50 ./Core/Src/baseball_intake.o
                0x0000000008001410                laji_stop()
 .text.main     0x0000000008001460       0x3e ./Core/Src/main.o
                0x0000000008001460                main
 *fill*         0x000000000800149e        0x2 
 .text.SystemClock_Config
                0x00000000080014a0       0xdc ./Core/Src/main.o
                0x00000000080014a0                SystemClock_Config
 .text.MX_TIM1_Init
                0x000000000800157c       0xb0 ./Core/Src/main.o
 .text.MX_TIM2_Init
                0x000000000800162c       0xa8 ./Core/Src/main.o
 .text.MX_TIM3_Init
                0x00000000080016d4       0xa8 ./Core/Src/main.o
 .text.MX_TIM4_Init
                0x000000000800177c       0xcc ./Core/Src/main.o
 .text.MX_TIM5_Init
                0x0000000008001848       0x9c ./Core/Src/main.o
 .text.MX_TIM8_Init
                0x00000000080018e4      0x108 ./Core/Src/main.o
 .text.MX_TIM12_Init
                0x00000000080019ec       0xa4 ./Core/Src/main.o
 .text.MX_USART2_UART_Init
                0x0000000008001a90       0x54 ./Core/Src/main.o
 .text.MX_USART3_UART_Init
                0x0000000008001ae4       0x54 ./Core/Src/main.o
 .text.MX_DMA_Init
                0x0000000008001b38       0x50 ./Core/Src/main.o
 .text.MX_GPIO_Init
                0x0000000008001b88      0x164 ./Core/Src/main.o
 .text.Error_Handler
                0x0000000008001cec        0xa ./Core/Src/main.o
                0x0000000008001cec                Error_Handler
 *fill*         0x0000000008001cf6        0x2 
 .text.main_function
                0x0000000008001cf8       0x28 ./Core/Src/mainpp.o
                0x0000000008001cf8                main_function
 .text.stm_setup
                0x0000000008001d20       0x84 ./Core/Src/mainpp.o
                0x0000000008001d20                stm_setup
 .text._Z15reset_conditionv
                0x0000000008001da4      0x174 ./Core/Src/reset_button.o
                0x0000000008001da4                reset_condition()
 .text._ZN3ros4TimeC2Ev
                0x0000000008001f18       0x22 ./Core/Src/ros_port.o
                0x0000000008001f18                ros::Time::Time()
                0x0000000008001f18                ros::Time::Time()
 *fill*         0x0000000008001f3a        0x2 
 .text._ZN3ros3MsgC2Ev
                0x0000000008001f3c       0x20 ./Core/Src/ros_port.o
                0x0000000008001f3c                ros::Msg::Msg()
                0x0000000008001f3c                ros::Msg::Msg()
 .text._ZN8std_msgs4TimeC2Ev
                0x0000000008001f5c       0x30 ./Core/Src/ros_port.o
                0x0000000008001f5c                std_msgs::Time::Time()
                0x0000000008001f5c                std_msgs::Time::Time()
 .text._ZNK8std_msgs4Time9serializeEPh
                0x0000000008001f8c       0xb0 ./Core/Src/ros_port.o
                0x0000000008001f8c                std_msgs::Time::serialize(unsigned char*) const
 .text._ZN8std_msgs4Time11deserializeEPh
                0x000000000800203c       0xc8 ./Core/Src/ros_port.o
                0x000000000800203c                std_msgs::Time::deserialize(unsigned char*)
 .text._ZN8std_msgs4Time7getTypeEv
                0x0000000008002104       0x1c ./Core/Src/ros_port.o
                0x0000000008002104                std_msgs::Time::getType()
 .text._ZN8std_msgs4Time6getMD5Ev
                0x0000000008002120       0x1c ./Core/Src/ros_port.o
                0x0000000008002120                std_msgs::Time::getMD5()
 .text._ZN14rosserial_msgs9TopicInfoC2Ev
                0x000000000800213c       0x48 ./Core/Src/ros_port.o
                0x000000000800213c                rosserial_msgs::TopicInfo::TopicInfo()
                0x000000000800213c                rosserial_msgs::TopicInfo::TopicInfo()
 .text._ZNK14rosserial_msgs9TopicInfo9serializeEPh
                0x0000000008002184      0x136 ./Core/Src/ros_port.o
                0x0000000008002184                rosserial_msgs::TopicInfo::serialize(unsigned char*) const
 .text._ZN14rosserial_msgs9TopicInfo11deserializeEPh
                0x00000000080022ba      0x1d0 ./Core/Src/ros_port.o
                0x00000000080022ba                rosserial_msgs::TopicInfo::deserialize(unsigned char*)
 *fill*         0x000000000800248a        0x2 
 .text._ZN14rosserial_msgs9TopicInfo7getTypeEv
                0x000000000800248c       0x1c ./Core/Src/ros_port.o
                0x000000000800248c                rosserial_msgs::TopicInfo::getType()
 .text._ZN14rosserial_msgs9TopicInfo6getMD5Ev
                0x00000000080024a8       0x1c ./Core/Src/ros_port.o
                0x00000000080024a8                rosserial_msgs::TopicInfo::getMD5()
 .text._ZN14rosserial_msgs3LogC2Ev
                0x00000000080024c4       0x34 ./Core/Src/ros_port.o
                0x00000000080024c4                rosserial_msgs::Log::Log()
                0x00000000080024c4                rosserial_msgs::Log::Log()
 .text._ZNK14rosserial_msgs3Log9serializeEPh
                0x00000000080024f8       0x64 ./Core/Src/ros_port.o
                0x00000000080024f8                rosserial_msgs::Log::serialize(unsigned char*) const
 .text._ZN14rosserial_msgs3Log11deserializeEPh
                0x000000000800255c       0x90 ./Core/Src/ros_port.o
                0x000000000800255c                rosserial_msgs::Log::deserialize(unsigned char*)
 .text._ZN14rosserial_msgs3Log7getTypeEv
                0x00000000080025ec       0x1c ./Core/Src/ros_port.o
                0x00000000080025ec                rosserial_msgs::Log::getType()
 .text._ZN14rosserial_msgs3Log6getMD5Ev
                0x0000000008002608       0x1c ./Core/Src/ros_port.o
                0x0000000008002608                rosserial_msgs::Log::getMD5()
 .text._ZN14rosserial_msgs20RequestParamResponseC2Ev
                0x0000000008002624       0x48 ./Core/Src/ros_port.o
                0x0000000008002624                rosserial_msgs::RequestParamResponse::RequestParamResponse()
                0x0000000008002624                rosserial_msgs::RequestParamResponse::RequestParamResponse()
 .text._ZNK14rosserial_msgs20RequestParamResponse9serializeEPh
                0x000000000800266c      0x222 ./Core/Src/ros_port.o
                0x000000000800266c                rosserial_msgs::RequestParamResponse::serialize(unsigned char*) const
 .text._ZN14rosserial_msgs20RequestParamResponse11deserializeEPh
                0x000000000800288e      0x2e2 ./Core/Src/ros_port.o
                0x000000000800288e                rosserial_msgs::RequestParamResponse::deserialize(unsigned char*)
 .text._ZN14rosserial_msgs20RequestParamResponse7getTypeEv
                0x0000000008002b70       0x1c ./Core/Src/ros_port.o
                0x0000000008002b70                rosserial_msgs::RequestParamResponse::getType()
 .text._ZN14rosserial_msgs20RequestParamResponse6getMD5Ev
                0x0000000008002b8c       0x1c ./Core/Src/ros_port.o
                0x0000000008002b8c                rosserial_msgs::RequestParamResponse::getMD5()
 .text._ZN3ros9PublisherC2EPKcPNS_3MsgEi
                0x0000000008002ba8       0x2e ./Core/Src/ros_port.o
                0x0000000008002ba8                ros::Publisher::Publisher(char const*, ros::Msg*, int)
                0x0000000008002ba8                ros::Publisher::Publisher(char const*, ros::Msg*, int)
 .text._ZN3ros9Publisher7publishEPKNS_3MsgE
                0x0000000008002bd6       0x28 ./Core/Src/ros_port.o
                0x0000000008002bd6                ros::Publisher::publish(ros::Msg const*)
 .text._ZN3ros9Publisher15getEndpointTypeEv
                0x0000000008002bfe       0x18 ./Core/Src/ros_port.o
                0x0000000008002bfe                ros::Publisher::getEndpointType()
 .text._ZN13STM32Hardware10getRdmaIndEv
                0x0000000008002c16       0x26 ./Core/Src/ros_port.o
                0x0000000008002c16                STM32Hardware::getRdmaInd()
 .text._ZN13STM32HardwareC2Ev
                0x0000000008002c3c       0x40 ./Core/Src/ros_port.o
                0x0000000008002c3c                STM32Hardware::STM32Hardware()
                0x0000000008002c3c                STM32Hardware::STM32Hardware()
 .text._ZN13STM32Hardware4initEv
                0x0000000008002c7c       0x16 ./Core/Src/ros_port.o
                0x0000000008002c7c                STM32Hardware::init()
 .text._ZN13STM32Hardware10reset_rbufEv
                0x0000000008002c92       0x22 ./Core/Src/ros_port.o
                0x0000000008002c92                STM32Hardware::reset_rbuf()
 .text._ZN13STM32Hardware4readEv
                0x0000000008002cb4       0x5a ./Core/Src/ros_port.o
                0x0000000008002cb4                STM32Hardware::read()
 *fill*         0x0000000008002d0e        0x2 
 .text._ZN13STM32Hardware5flushEv
                0x0000000008002d10       0xd0 ./Core/Src/ros_port.o
                0x0000000008002d10                STM32Hardware::flush()
 .text._ZN13STM32Hardware5writeEPhi
                0x0000000008002de0       0x94 ./Core/Src/ros_port.o
                0x0000000008002de0                STM32Hardware::write(unsigned char*, int)
 .text._ZN13STM32Hardware4timeEv
                0x0000000008002e74       0x16 ./Core/Src/ros_port.o
                0x0000000008002e74                STM32Hardware::time()
 *fill*         0x0000000008002e8a        0x2 
 .text._ZN13geometry_msgs5PointC2Ev
                0x0000000008002e8c       0x50 ./Core/Src/ros_port.o
                0x0000000008002e8c                geometry_msgs::Point::Point()
                0x0000000008002e8c                geometry_msgs::Point::Point()
 .text._ZNK13geometry_msgs5Point9serializeEPh
                0x0000000008002edc      0x2e6 ./Core/Src/ros_port.o
                0x0000000008002edc                geometry_msgs::Point::serialize(unsigned char*) const
 .text._ZN13geometry_msgs5Point11deserializeEPh
                0x00000000080031c2      0x6be ./Core/Src/ros_port.o
                0x00000000080031c2                geometry_msgs::Point::deserialize(unsigned char*)
 .text._ZN13geometry_msgs5Point7getTypeEv
                0x0000000008003880       0x1c ./Core/Src/ros_port.o
                0x0000000008003880                geometry_msgs::Point::getType()
 .text._ZN13geometry_msgs5Point6getMD5Ev
                0x000000000800389c       0x1c ./Core/Src/ros_port.o
                0x000000000800389c                geometry_msgs::Point::getMD5()
 .text._ZN8std_msgs4Int8C2Ev
                0x00000000080038b8       0x2c ./Core/Src/ros_port.o
                0x00000000080038b8                std_msgs::Int8::Int8()
                0x00000000080038b8                std_msgs::Int8::Int8()
 .text._ZNK8std_msgs4Int89serializeEPh
                0x00000000080038e4       0x34 ./Core/Src/ros_port.o
                0x00000000080038e4                std_msgs::Int8::serialize(unsigned char*) const
 .text._ZN8std_msgs4Int811deserializeEPh
                0x0000000008003918       0x3e ./Core/Src/ros_port.o
                0x0000000008003918                std_msgs::Int8::deserialize(unsigned char*)
 *fill*         0x0000000008003956        0x2 
 .text._ZN8std_msgs4Int87getTypeEv
                0x0000000008003958       0x1c ./Core/Src/ros_port.o
                0x0000000008003958                std_msgs::Int8::getType()
 .text._ZN8std_msgs4Int86getMD5Ev
                0x0000000008003974       0x1c ./Core/Src/ros_port.o
                0x0000000008003974                std_msgs::Int8::getMD5()
 .text._ZN8std_msgs5Int64C2Ev
                0x0000000008003990       0x34 ./Core/Src/ros_port.o
                0x0000000008003990                std_msgs::Int64::Int64()
                0x0000000008003990                std_msgs::Int64::Int64()
 .text._ZNK8std_msgs5Int649serializeEPh
                0x00000000080039c4      0x10a ./Core/Src/ros_port.o
                0x00000000080039c4                std_msgs::Int64::serialize(unsigned char*) const
 .text._ZN8std_msgs5Int6411deserializeEPh
                0x0000000008003ace      0x206 ./Core/Src/ros_port.o
                0x0000000008003ace                std_msgs::Int64::deserialize(unsigned char*)
 .text._ZN8std_msgs5Int647getTypeEv
                0x0000000008003cd4       0x1c ./Core/Src/ros_port.o
                0x0000000008003cd4                std_msgs::Int64::getType()
 .text._ZN8std_msgs5Int646getMD5Ev
                0x0000000008003cf0       0x1c ./Core/Src/ros_port.o
                0x0000000008003cf0                std_msgs::Int64::getMD5()
 .text._Z14angle_callbackRKN13geometry_msgs5PointE
                0x0000000008003d0c       0x44 ./Core/Src/ros_port.o
                0x0000000008003d0c                angle_callback(geometry_msgs::Point const&)
 .text._Z13laji_callbackRKN8std_msgs4Int8E
                0x0000000008003d50       0x24 ./Core/Src/ros_port.o
                0x0000000008003d50                laji_callback(std_msgs::Int8 const&)
 .text._Z12ori_callbackRKN8std_msgs4Int8E
                0x0000000008003d74       0x24 ./Core/Src/ros_port.o
                0x0000000008003d74                ori_callback(std_msgs::Int8 const&)
 .text._Z9ros_setupv
                0x0000000008003d98       0x5c ./Core/Src/ros_port.o
                0x0000000008003d98                ros_setup()
 .text._Z8ros_loopv
                0x0000000008003df4       0x14 ./Core/Src/ros_port.o
                0x0000000008003df4                ros_loop()
 .text._Z3pubv  0x0000000008003e08       0x68 ./Core/Src/ros_port.o
                0x0000000008003e08                pub()
 .text._ZL19MX_USART2_UART_Initv
                0x0000000008003e70       0x5c ./Core/Src/ros_port.o
 .text.HAL_UART_ErrorCallback
                0x0000000008003ecc       0x38 ./Core/Src/ros_port.o
                0x0000000008003ecc                HAL_UART_ErrorCallback
 .text.HAL_UART_TxCpltCallback
                0x0000000008003f04       0x24 ./Core/Src/ros_port.o
                0x0000000008003f04                HAL_UART_TxCpltCallback
 .text._ZN3ros3Msg8varToArrIPhmEEvT_T0_
                0x0000000008003f28       0x3c ./Core/Src/ros_port.o
                0x0000000008003f28                void ros::Msg::varToArr<unsigned char*, unsigned long>(unsigned char*, unsigned long)
 .text._ZN3ros3Msg8arrToVarImPhEEvRT_T0_
                0x0000000008003f64       0x4a ./Core/Src/ros_port.o
                0x0000000008003f64                void ros::Msg::arrToVar<unsigned long, unsigned char*>(unsigned long&, unsigned char*)
 *fill*         0x0000000008003fae        0x2 
 .text._ZN3ros15NodeHandleBase_C2Ev
                0x0000000008003fb0       0x20 ./Core/Src/ros_port.o
                0x0000000008003fb0                ros::NodeHandleBase_::NodeHandleBase_()
                0x0000000008003fb0                ros::NodeHandleBase_::NodeHandleBase_()
 .text._ZN3ros11NodeHandle_I13STM32HardwareLi25ELi25ELi512ELi512EEC2Ev
                0x0000000008003fd0      0x134 ./Core/Src/ros_port.o
                0x0000000008003fd0                ros::NodeHandle_<STM32Hardware, 25, 25, 512, 512>::NodeHandle_()
                0x0000000008003fd0                ros::NodeHandle_<STM32Hardware, 25, 25, 512, 512>::NodeHandle_()
 .text._ZN3ros11Subscriber_C2Ev
                0x0000000008004104       0x20 ./Core/Src/ros_port.o
                0x0000000008004104                ros::Subscriber_::Subscriber_()
                0x0000000008004104                ros::Subscriber_::Subscriber_()
 .text._ZN3ros10SubscriberIN13geometry_msgs5PointEvEC2EPKcPFvRKS2_Ei
                0x0000000008004124       0x48 ./Core/Src/ros_port.o
                0x0000000008004124                ros::Subscriber<geometry_msgs::Point, void>::Subscriber(char const*, void (*)(geometry_msgs::Point const&), int)
                0x0000000008004124                ros::Subscriber<geometry_msgs::Point, void>::Subscriber(char const*, void (*)(geometry_msgs::Point const&), int)
 .text._ZN3ros10SubscriberIN8std_msgs4Int8EvEC2EPKcPFvRKS2_Ei
                0x000000000800416c       0x48 ./Core/Src/ros_port.o
                0x000000000800416c                ros::Subscriber<std_msgs::Int8, void>::Subscriber(char const*, void (*)(std_msgs::Int8 const&), int)
                0x000000000800416c                ros::Subscriber<std_msgs::Int8, void>::Subscriber(char const*, void (*)(std_msgs::Int8 const&), int)
 .text._ZN3ros11NodeHandle_I13STM32HardwareLi25ELi25ELi512ELi512EE8initNodeEv
                0x00000000080041b4       0x52 ./Core/Src/ros_port.o
                0x00000000080041b4                ros::NodeHandle_<STM32Hardware, 25, 25, 512, 512>::initNode()
 .text._ZN3ros11NodeHandle_I13STM32HardwareLi25ELi25ELi512ELi512EE9subscribeINS_10SubscriberIN13geometry_msgs5PointEvEEEEbRT_
                0x0000000008004206       0x56 ./Core/Src/ros_port.o
                0x0000000008004206                bool ros::NodeHandle_<STM32Hardware, 25, 25, 512, 512>::subscribe<ros::Subscriber<geometry_msgs::Point, void> >(ros::Subscriber<geometry_msgs::Point, void>&)
 .text._ZN3ros11NodeHandle_I13STM32HardwareLi25ELi25ELi512ELi512EE9subscribeINS_10SubscriberIN8std_msgs4Int8EvEEEEbRT_
                0x000000000800425c       0x56 ./Core/Src/ros_port.o
                0x000000000800425c                bool ros::NodeHandle_<STM32Hardware, 25, 25, 512, 512>::subscribe<ros::Subscriber<std_msgs::Int8, void> >(ros::Subscriber<std_msgs::Int8, void>&)
 .text._ZN3ros11NodeHandle_I13STM32HardwareLi25ELi25ELi512ELi512EE9advertiseERNS_9PublisherE
                0x00000000080042b2       0x60 ./Core/Src/ros_port.o
                0x00000000080042b2                ros::NodeHandle_<STM32Hardware, 25, 25, 512, 512>::advertise(ros::Publisher&)
 .text._ZN3ros11NodeHandle_I13STM32HardwareLi25ELi25ELi512ELi512EE8spinOnceEv
                0x0000000008004312      0x4f0 ./Core/Src/ros_port.o
                0x0000000008004312                ros::NodeHandle_<STM32Hardware, 25, 25, 512, 512>::spinOnce()
 .text._ZN3ros11NodeHandle_I13STM32HardwareLi25ELi25ELi512ELi512EE11getHardwareEv
                0x0000000008004802       0x18 ./Core/Src/ros_port.o
                0x0000000008004802                ros::NodeHandle_<STM32Hardware, 25, 25, 512, 512>::getHardware()
 .text._ZN3ros11NodeHandle_I13STM32HardwareLi25ELi25ELi512ELi512EE15requestSyncTimeEv
                0x000000000800481a       0x3e ./Core/Src/ros_port.o
                0x000000000800481a                ros::NodeHandle_<STM32Hardware, 25, 25, 512, 512>::requestSyncTime()
 .text._ZN3ros11NodeHandle_I13STM32HardwareLi25ELi25ELi512ELi512EE15negotiateTopicsEv
                0x0000000008004858      0x1c2 ./Core/Src/ros_port.o
                0x0000000008004858                ros::NodeHandle_<STM32Hardware, 25, 25, 512, 512>::negotiateTopics()
 *fill*         0x0000000008004a1a        0x2 
 .text._ZN3ros11NodeHandle_I13STM32HardwareLi25ELi25ELi512ELi512EE8syncTimeEPh
                0x0000000008004a1c       0x9c ./Core/Src/ros_port.o
                0x0000000008004a1c                ros::NodeHandle_<STM32Hardware, 25, 25, 512, 512>::syncTime(unsigned char*)
 .text._ZN3ros11NodeHandle_I13STM32HardwareLi25ELi25ELi512ELi512EE7publishEiPKNS_3MsgE
                0x0000000008004ab8      0x158 ./Core/Src/ros_port.o
                0x0000000008004ab8                ros::NodeHandle_<STM32Hardware, 25, 25, 512, 512>::publish(int, ros::Msg const*)
 .text._ZN3ros11NodeHandle_I13STM32HardwareLi25ELi25ELi512ELi512EE6setNowERNS_4TimeE
                0x0000000008004c10       0x88 ./Core/Src/ros_port.o
                0x0000000008004c10                ros::NodeHandle_<STM32Hardware, 25, 25, 512, 512>::setNow(ros::Time&)
 .text._ZN3ros11NodeHandle_I13STM32HardwareLi25ELi25ELi512ELi512EE8logerrorEPKc
                0x0000000008004c98       0x1c ./Core/Src/ros_port.o
                0x0000000008004c98                ros::NodeHandle_<STM32Hardware, 25, 25, 512, 512>::logerror(char const*)
 .text._ZN3ros11NodeHandle_I13STM32HardwareLi25ELi25ELi512ELi512EE3logEcPKc
                0x0000000008004cb4       0x38 ./Core/Src/ros_port.o
                0x0000000008004cb4                ros::NodeHandle_<STM32Hardware, 25, 25, 512, 512>::log(char, char const*)
 .text._Z41__static_initialization_and_destruction_0ii
                0x0000000008004cec       0xd0 ./Core/Src/ros_port.o
 .text._ZN3ros10SubscriberIN8std_msgs4Int8EvE8callbackEPh
                0x0000000008004dbc       0x2a ./Core/Src/ros_port.o
                0x0000000008004dbc                ros::Subscriber<std_msgs::Int8, void>::callback(unsigned char*)
 .text._ZN3ros10SubscriberIN8std_msgs4Int8EvE15getEndpointTypeEv
                0x0000000008004de6       0x18 ./Core/Src/ros_port.o
                0x0000000008004de6                ros::Subscriber<std_msgs::Int8, void>::getEndpointType()
 .text._ZN3ros10SubscriberIN8std_msgs4Int8EvE10getMsgTypeEv
                0x0000000008004dfe       0x1c ./Core/Src/ros_port.o
                0x0000000008004dfe                ros::Subscriber<std_msgs::Int8, void>::getMsgType()
 .text._ZN3ros10SubscriberIN8std_msgs4Int8EvE9getMsgMD5Ev
                0x0000000008004e1a       0x1c ./Core/Src/ros_port.o
                0x0000000008004e1a                ros::Subscriber<std_msgs::Int8, void>::getMsgMD5()
 .text._ZN3ros10SubscriberIN13geometry_msgs5PointEvE8callbackEPh
                0x0000000008004e36       0x2a ./Core/Src/ros_port.o
                0x0000000008004e36                ros::Subscriber<geometry_msgs::Point, void>::callback(unsigned char*)
 .text._ZN3ros10SubscriberIN13geometry_msgs5PointEvE15getEndpointTypeEv
                0x0000000008004e60       0x18 ./Core/Src/ros_port.o
                0x0000000008004e60                ros::Subscriber<geometry_msgs::Point, void>::getEndpointType()
 .text._ZN3ros10SubscriberIN13geometry_msgs5PointEvE10getMsgTypeEv
                0x0000000008004e78       0x1c ./Core/Src/ros_port.o
                0x0000000008004e78                ros::Subscriber<geometry_msgs::Point, void>::getMsgType()
 .text._ZN3ros10SubscriberIN13geometry_msgs5PointEvE9getMsgMD5Ev
                0x0000000008004e94       0x1c ./Core/Src/ros_port.o
                0x0000000008004e94                ros::Subscriber<geometry_msgs::Point, void>::getMsgMD5()
 .text._ZN3ros11NodeHandle_I13STM32HardwareLi25ELi25ELi512ELi512EE9connectedEv
                0x0000000008004eb0       0x1e ./Core/Src/ros_port.o
                0x0000000008004eb0                ros::NodeHandle_<STM32Hardware, 25, 25, 512, 512>::connected()
 .text._GLOBAL__sub_I_flag
                0x0000000008004ece       0x10 ./Core/Src/ros_port.o
 *fill*         0x0000000008004ede        0x2 
 .text._Z9UART_Sendh
                0x0000000008004ee0       0x38 ./Core/Src/servo.o
                0x0000000008004ee0                UART_Send(unsigned char)
 .text._Z26UART_Send_SetMotorPositionttt
                0x0000000008004f18       0x88 ./Core/Src/servo.o
                0x0000000008004f18                UART_Send_SetMotorPosition(unsigned short, unsigned short, unsigned short)
 .text._Z7shooterv
                0x0000000008004fa0      0x2b8 ./Core/Src/shooter.o
                0x0000000008004fa0                shooter()
 .text._Z12shooter_basev
                0x0000000008005258      0x728 ./Core/Src/shooter_base.o
                0x0000000008005258                shooter_base()
 .text._Z5Resetv
                0x0000000008005980      0x33c ./Core/Src/shooter_base.o
                0x0000000008005980                Reset()
 .text._Z10base_limitv
                0x0000000008005cbc       0xb0 ./Core/Src/shooter_base.o
                0x0000000008005cbc                base_limit()
 *fill*         0x0000000008005d6c        0x4 
 .text._Z6Scriptv
                0x0000000008005d70      0x204 ./Core/Src/shooter_base.o
                0x0000000008005d70                Script()
 .text.HAL_MspInit
                0x0000000008005f74       0x50 ./Core/Src/stm32f4xx_hal_msp.o
                0x0000000008005f74                HAL_MspInit
 .text.HAL_TIM_Encoder_MspInit
                0x0000000008005fc4      0x16c ./Core/Src/stm32f4xx_hal_msp.o
                0x0000000008005fc4                HAL_TIM_Encoder_MspInit
 .text.HAL_TIM_PWM_MspInit
                0x0000000008006130       0xb8 ./Core/Src/stm32f4xx_hal_msp.o
                0x0000000008006130                HAL_TIM_PWM_MspInit
 .text.HAL_TIM_Base_MspInit
                0x00000000080061e8       0x50 ./Core/Src/stm32f4xx_hal_msp.o
                0x00000000080061e8                HAL_TIM_Base_MspInit
 .text.HAL_TIM_MspPostInit
                0x0000000008006238      0x110 ./Core/Src/stm32f4xx_hal_msp.o
                0x0000000008006238                HAL_TIM_MspPostInit
 .text.HAL_UART_MspInit
                0x0000000008006348      0x22c ./Core/Src/stm32f4xx_hal_msp.o
                0x0000000008006348                HAL_UART_MspInit
 .text.HAL_UART_MspDeInit
                0x0000000008006574       0x90 ./Core/Src/stm32f4xx_hal_msp.o
                0x0000000008006574                HAL_UART_MspDeInit
 .text.NMI_Handler
                0x0000000008006604        0x6 ./Core/Src/stm32f4xx_it.o
                0x0000000008006604                NMI_Handler
 .text.HardFault_Handler
                0x000000000800660a        0x6 ./Core/Src/stm32f4xx_it.o
                0x000000000800660a                HardFault_Handler
 .text.MemManage_Handler
                0x0000000008006610        0x6 ./Core/Src/stm32f4xx_it.o
                0x0000000008006610                MemManage_Handler
 .text.BusFault_Handler
                0x0000000008006616        0x6 ./Core/Src/stm32f4xx_it.o
                0x0000000008006616                BusFault_Handler
 .text.UsageFault_Handler
                0x000000000800661c        0x6 ./Core/Src/stm32f4xx_it.o
                0x000000000800661c                UsageFault_Handler
 .text.SVC_Handler
                0x0000000008006622        0xe ./Core/Src/stm32f4xx_it.o
                0x0000000008006622                SVC_Handler
 .text.DebugMon_Handler
                0x0000000008006630        0xe ./Core/Src/stm32f4xx_it.o
                0x0000000008006630                DebugMon_Handler
 .text.PendSV_Handler
                0x000000000800663e        0xe ./Core/Src/stm32f4xx_it.o
                0x000000000800663e                PendSV_Handler
 .text.SysTick_Handler
                0x000000000800664c        0xc ./Core/Src/stm32f4xx_it.o
                0x000000000800664c                SysTick_Handler
 .text.DMA1_Stream5_IRQHandler
                0x0000000008006658       0x14 ./Core/Src/stm32f4xx_it.o
                0x0000000008006658                DMA1_Stream5_IRQHandler
 .text.DMA1_Stream6_IRQHandler
                0x000000000800666c       0x14 ./Core/Src/stm32f4xx_it.o
                0x000000000800666c                DMA1_Stream6_IRQHandler
 .text.TIM1_BRK_TIM9_IRQHandler
                0x0000000008006680       0x14 ./Core/Src/stm32f4xx_it.o
                0x0000000008006680                TIM1_BRK_TIM9_IRQHandler
 .text.USART2_IRQHandler
                0x0000000008006694       0x14 ./Core/Src/stm32f4xx_it.o
                0x0000000008006694                USART2_IRQHandler
 .text.USART3_IRQHandler
                0x00000000080066a8       0x14 ./Core/Src/stm32f4xx_it.o
                0x00000000080066a8                USART3_IRQHandler
 .text.TIM8_BRK_TIM12_IRQHandler
                0x00000000080066bc       0x1c ./Core/Src/stm32f4xx_it.o
                0x00000000080066bc                TIM8_BRK_TIM12_IRQHandler
 .text.TIM5_IRQHandler
                0x00000000080066d8       0x14 ./Core/Src/stm32f4xx_it.o
                0x00000000080066d8                TIM5_IRQHandler
 .text._getpid  0x00000000080066ec       0x10 ./Core/Src/syscalls.o
                0x00000000080066ec                _getpid
 .text._kill    0x00000000080066fc       0x20 ./Core/Src/syscalls.o
                0x00000000080066fc                _kill
 .text._exit    0x000000000800671c       0x14 ./Core/Src/syscalls.o
                0x000000000800671c                _exit
 .text._sbrk    0x0000000008006730       0x6c ./Core/Src/sysmem.o
                0x0000000008006730                _sbrk
 .text.SystemInit
                0x000000000800679c       0x24 ./Core/Src/system_stm32f4xx.o
                0x000000000800679c                SystemInit
 .text.Reset_Handler
                0x00000000080067c0       0x50 ./Core/Startup/startup_stm32f446retx.o
                0x00000000080067c0                Reset_Handler
 .text.Default_Handler
                0x0000000008006810        0x2 ./Core/Startup/startup_stm32f446retx.o
                0x0000000008006810                RTC_Alarm_IRQHandler
                0x0000000008006810                EXTI2_IRQHandler
                0x0000000008006810                TIM8_CC_IRQHandler
                0x0000000008006810                FMPI2C1_EV_IRQHandler
                0x0000000008006810                SPI4_IRQHandler
                0x0000000008006810                TIM1_CC_IRQHandler
                0x0000000008006810                DMA2_Stream5_IRQHandler
                0x0000000008006810                PVD_IRQHandler
                0x0000000008006810                SDIO_IRQHandler
                0x0000000008006810                TAMP_STAMP_IRQHandler
                0x0000000008006810                CAN2_RX1_IRQHandler
                0x0000000008006810                EXTI3_IRQHandler
                0x0000000008006810                TIM8_TRG_COM_TIM14_IRQHandler
                0x0000000008006810                TIM1_UP_TIM10_IRQHandler
                0x0000000008006810                TIM8_UP_TIM13_IRQHandler
                0x0000000008006810                I2C3_ER_IRQHandler
                0x0000000008006810                EXTI0_IRQHandler
                0x0000000008006810                I2C2_EV_IRQHandler
                0x0000000008006810                DMA1_Stream2_IRQHandler
                0x0000000008006810                CAN1_RX0_IRQHandler
                0x0000000008006810                FPU_IRQHandler
                0x0000000008006810                OTG_HS_WKUP_IRQHandler
                0x0000000008006810                CAN2_SCE_IRQHandler
                0x0000000008006810                DMA2_Stream2_IRQHandler
                0x0000000008006810                SPI1_IRQHandler
                0x0000000008006810                TIM6_DAC_IRQHandler
                0x0000000008006810                DCMI_IRQHandler
                0x0000000008006810                CAN2_RX0_IRQHandler
                0x0000000008006810                DMA2_Stream3_IRQHandler
                0x0000000008006810                SAI2_IRQHandler
                0x0000000008006810                USART6_IRQHandler
                0x0000000008006810                CAN1_RX1_IRQHandler
                0x0000000008006810                UART5_IRQHandler
                0x0000000008006810                DMA2_Stream0_IRQHandler
                0x0000000008006810                TIM4_IRQHandler
                0x0000000008006810                QUADSPI_IRQHandler
                0x0000000008006810                I2C1_EV_IRQHandler
                0x0000000008006810                DMA1_Stream1_IRQHandler
                0x0000000008006810                UART4_IRQHandler
                0x0000000008006810                TIM3_IRQHandler
                0x0000000008006810                RCC_IRQHandler
                0x0000000008006810                Default_Handler
                0x0000000008006810                CEC_IRQHandler
                0x0000000008006810                EXTI15_10_IRQHandler
                0x0000000008006810                ADC_IRQHandler
                0x0000000008006810                DMA1_Stream7_IRQHandler
                0x0000000008006810                TIM7_IRQHandler
                0x0000000008006810                CAN2_TX_IRQHandler
                0x0000000008006810                DMA2_Stream7_IRQHandler
                0x0000000008006810                I2C3_EV_IRQHandler
                0x0000000008006810                EXTI9_5_IRQHandler
                0x0000000008006810                RTC_WKUP_IRQHandler
                0x0000000008006810                SPDIF_RX_IRQHandler
                0x0000000008006810                SPI2_IRQHandler
                0x0000000008006810                OTG_HS_EP1_IN_IRQHandler
                0x0000000008006810                DMA1_Stream0_IRQHandler
                0x0000000008006810                CAN1_TX_IRQHandler
                0x0000000008006810                FMPI2C1_ER_IRQHandler
                0x0000000008006810                EXTI4_IRQHandler
                0x0000000008006810                OTG_HS_EP1_OUT_IRQHandler
                0x0000000008006810                WWDG_IRQHandler
                0x0000000008006810                TIM2_IRQHandler
                0x0000000008006810                OTG_FS_WKUP_IRQHandler
                0x0000000008006810                TIM1_TRG_COM_TIM11_IRQHandler
                0x0000000008006810                OTG_HS_IRQHandler
                0x0000000008006810                EXTI1_IRQHandler
                0x0000000008006810                I2C2_ER_IRQHandler
                0x0000000008006810                DMA2_Stream1_IRQHandler
                0x0000000008006810                CAN1_SCE_IRQHandler
                0x0000000008006810                FLASH_IRQHandler
                0x0000000008006810                DMA2_Stream4_IRQHandler
                0x0000000008006810                USART1_IRQHandler
                0x0000000008006810                OTG_FS_IRQHandler
                0x0000000008006810                SPI3_IRQHandler
                0x0000000008006810                DMA1_Stream4_IRQHandler
                0x0000000008006810                I2C1_ER_IRQHandler
                0x0000000008006810                FMC_IRQHandler
                0x0000000008006810                DMA2_Stream6_IRQHandler
                0x0000000008006810                SAI1_IRQHandler
                0x0000000008006810                DMA1_Stream3_IRQHandler
 *fill*         0x0000000008006812        0x2 
 .text.HAL_Init
                0x0000000008006814       0x44 ./Drivers/STM32F4xx_HAL_Driver/Src/stm32f4xx_hal.o
                0x0000000008006814                HAL_Init
 .text.HAL_InitTick
                0x0000000008006858       0x60 ./Drivers/STM32F4xx_HAL_Driver/Src/stm32f4xx_hal.o
                0x0000000008006858                HAL_InitTick
 .text.HAL_IncTick
                0x00000000080068b8       0x28 ./Drivers/STM32F4xx_HAL_Driver/Src/stm32f4xx_hal.o
                0x00000000080068b8                HAL_IncTick
 .text.HAL_GetTick
                0x00000000080068e0       0x18 ./Drivers/STM32F4xx_HAL_Driver/Src/stm32f4xx_hal.o
                0x00000000080068e0                HAL_GetTick
 .text.__NVIC_SetPriorityGrouping
                0x00000000080068f8       0x48 ./Drivers/STM32F4xx_HAL_Driver/Src/stm32f4xx_hal_cortex.o
 .text.__NVIC_GetPriorityGrouping
                0x0000000008006940       0x1c ./Drivers/STM32F4xx_HAL_Driver/Src/stm32f4xx_hal_cortex.o
 .text.__NVIC_EnableIRQ
                0x000000000800695c       0x3c ./Drivers/STM32F4xx_HAL_Driver/Src/stm32f4xx_hal_cortex.o
 .text.__NVIC_DisableIRQ
                0x0000000008006998       0x48 ./Drivers/STM32F4xx_HAL_Driver/Src/stm32f4xx_hal_cortex.o
 .text.__NVIC_SetPriority
                0x00000000080069e0       0x54 ./Drivers/STM32F4xx_HAL_Driver/Src/stm32f4xx_hal_cortex.o
 .text.NVIC_EncodePriority
                0x0000000008006a34       0x66 ./Drivers/STM32F4xx_HAL_Driver/Src/stm32f4xx_hal_cortex.o
 *fill*         0x0000000008006a9a        0x2 
 .text.__NVIC_SystemReset
                0x0000000008006a9c       0x2c ./Drivers/STM32F4xx_HAL_Driver/Src/stm32f4xx_hal_cortex.o
 .text.SysTick_Config
                0x0000000008006ac8       0x44 ./Drivers/STM32F4xx_HAL_Driver/Src/stm32f4xx_hal_cortex.o
 .text.HAL_NVIC_SetPriorityGrouping
                0x0000000008006b0c       0x16 ./Drivers/STM32F4xx_HAL_Driver/Src/stm32f4xx_hal_cortex.o
                0x0000000008006b0c                HAL_NVIC_SetPriorityGrouping
 .text.HAL_NVIC_SetPriority
                0x0000000008006b22       0x38 ./Drivers/STM32F4xx_HAL_Driver/Src/stm32f4xx_hal_cortex.o
                0x0000000008006b22                HAL_NVIC_SetPriority
 .text.HAL_NVIC_EnableIRQ
                0x0000000008006b5a       0x1c ./Drivers/STM32F4xx_HAL_Driver/Src/stm32f4xx_hal_cortex.o
                0x0000000008006b5a                HAL_NVIC_EnableIRQ
 .text.HAL_NVIC_DisableIRQ
                0x0000000008006b76       0x1c ./Drivers/STM32F4xx_HAL_Driver/Src/stm32f4xx_hal_cortex.o
                0x0000000008006b76                HAL_NVIC_DisableIRQ
 .text.HAL_NVIC_SystemReset
                0x0000000008006b92        0x8 ./Drivers/STM32F4xx_HAL_Driver/Src/stm32f4xx_hal_cortex.o
                0x0000000008006b92                HAL_NVIC_SystemReset
 .text.HAL_SYSTICK_Config
                0x0000000008006b9a       0x18 ./Drivers/STM32F4xx_HAL_Driver/Src/stm32f4xx_hal_cortex.o
                0x0000000008006b9a                HAL_SYSTICK_Config
 *fill*         0x0000000008006bb2        0x2 
 .text.HAL_DMA_Init
                0x0000000008006bb4      0x15c ./Drivers/STM32F4xx_HAL_Driver/Src/stm32f4xx_hal_dma.o
                0x0000000008006bb4                HAL_DMA_Init
 .text.HAL_DMA_DeInit
                0x0000000008006d10       0xbc ./Drivers/STM32F4xx_HAL_Driver/Src/stm32f4xx_hal_dma.o
                0x0000000008006d10                HAL_DMA_DeInit
 .text.HAL_DMA_Start_IT
                0x0000000008006dcc       0xb0 ./Drivers/STM32F4xx_HAL_Driver/Src/stm32f4xx_hal_dma.o
                0x0000000008006dcc                HAL_DMA_Start_IT
 .text.HAL_DMA_Abort
                0x0000000008006e7c       0xe0 ./Drivers/STM32F4xx_HAL_Driver/Src/stm32f4xx_hal_dma.o
                0x0000000008006e7c                HAL_DMA_Abort
 .text.HAL_DMA_Abort_IT
                0x0000000008006f5c       0x44 ./Drivers/STM32F4xx_HAL_Driver/Src/stm32f4xx_hal_dma.o
                0x0000000008006f5c                HAL_DMA_Abort_IT
 .text.HAL_DMA_IRQHandler
                0x0000000008006fa0      0x314 ./Drivers/STM32F4xx_HAL_Driver/Src/stm32f4xx_hal_dma.o
                0x0000000008006fa0                HAL_DMA_IRQHandler
 .text.DMA_SetConfig
                0x00000000080072b4       0x5c ./Drivers/STM32F4xx_HAL_Driver/Src/stm32f4xx_hal_dma.o
 .text.DMA_CalcBaseAndBitshift
                0x0000000008007310       0x6c ./Drivers/STM32F4xx_HAL_Driver/Src/stm32f4xx_hal_dma.o
 .text.DMA_CheckFifoParam
                0x000000000800737c       0xf8 ./Drivers/STM32F4xx_HAL_Driver/Src/stm32f4xx_hal_dma.o
 .text.HAL_GPIO_Init
                0x0000000008007474      0x328 ./Drivers/STM32F4xx_HAL_Driver/Src/stm32f4xx_hal_gpio.o
                0x0000000008007474                HAL_GPIO_Init
 .text.HAL_GPIO_DeInit
                0x000000000800779c      0x1e8 ./Drivers/STM32F4xx_HAL_Driver/Src/stm32f4xx_hal_gpio.o
                0x000000000800779c                HAL_GPIO_DeInit
 .text.HAL_GPIO_ReadPin
                0x0000000008007984       0x30 ./Drivers/STM32F4xx_HAL_Driver/Src/stm32f4xx_hal_gpio.o
                0x0000000008007984                HAL_GPIO_ReadPin
 .text.HAL_GPIO_WritePin
                0x00000000080079b4       0x32 ./Drivers/STM32F4xx_HAL_Driver/Src/stm32f4xx_hal_gpio.o
                0x00000000080079b4                HAL_GPIO_WritePin
 *fill*         0x00000000080079e6        0x2 
 .text.HAL_RCC_ClockConfig
                0x00000000080079e8      0x1cc ./Drivers/STM32F4xx_HAL_Driver/Src/stm32f4xx_hal_rcc.o
                0x00000000080079e8                HAL_RCC_ClockConfig
 .text.HAL_RCC_GetHCLKFreq
                0x0000000008007bb4       0x18 ./Drivers/STM32F4xx_HAL_Driver/Src/stm32f4xx_hal_rcc.o
                0x0000000008007bb4                HAL_RCC_GetHCLKFreq
 .text.HAL_RCC_GetPCLK1Freq
                0x0000000008007bcc       0x28 ./Drivers/STM32F4xx_HAL_Driver/Src/stm32f4xx_hal_rcc.o
                0x0000000008007bcc                HAL_RCC_GetPCLK1Freq
 .text.HAL_RCC_GetPCLK2Freq
                0x0000000008007bf4       0x28 ./Drivers/STM32F4xx_HAL_Driver/Src/stm32f4xx_hal_rcc.o
                0x0000000008007bf4                HAL_RCC_GetPCLK2Freq
 .text.HAL_RCC_GetSysClockFreq
                0x0000000008007c1c      0x460 ./Drivers/STM32F4xx_HAL_Driver/Src/stm32f4xx_hal_rcc_ex.o
                0x0000000008007c1c                HAL_RCC_GetSysClockFreq
 .text.HAL_RCC_OscConfig
                0x000000000800807c      0x53c ./Drivers/STM32F4xx_HAL_Driver/Src/stm32f4xx_hal_rcc_ex.o
                0x000000000800807c                HAL_RCC_OscConfig
 .text.HAL_TIM_Base_Init
                0x00000000080085b8       0x9e ./Drivers/STM32F4xx_HAL_Driver/Src/stm32f4xx_hal_tim.o
                0x00000000080085b8                HAL_TIM_Base_Init
 *fill*         0x0000000008008656        0x2 
 .text.HAL_TIM_Base_Start_IT
                0x0000000008008658       0xe0 ./Drivers/STM32F4xx_HAL_Driver/Src/stm32f4xx_hal_tim.o
                0x0000000008008658                HAL_TIM_Base_Start_IT
 .text.HAL_TIM_PWM_Init
                0x0000000008008738       0x9e ./Drivers/STM32F4xx_HAL_Driver/Src/stm32f4xx_hal_tim.o
                0x0000000008008738                HAL_TIM_PWM_Init
 *fill*         0x00000000080087d6        0x2 
 .text.HAL_TIM_PWM_Start
                0x00000000080087d8      0x190 ./Drivers/STM32F4xx_HAL_Driver/Src/stm32f4xx_hal_tim.o
                0x00000000080087d8                HAL_TIM_PWM_Start
 .text.HAL_TIM_Encoder_Init
                0x0000000008008968      0x14c ./Drivers/STM32F4xx_HAL_Driver/Src/stm32f4xx_hal_tim.o
                0x0000000008008968                HAL_TIM_Encoder_Init
 .text.HAL_TIM_Encoder_Start
                0x0000000008008ab4      0x11c ./Drivers/STM32F4xx_HAL_Driver/Src/stm32f4xx_hal_tim.o
                0x0000000008008ab4                HAL_TIM_Encoder_Start
 .text.HAL_TIM_IRQHandler
                0x0000000008008bd0      0x210 ./Drivers/STM32F4xx_HAL_Driver/Src/stm32f4xx_hal_tim.o
                0x0000000008008bd0                HAL_TIM_IRQHandler
 .text.HAL_TIM_PWM_ConfigChannel
                0x0000000008008de0      0x184 ./Drivers/STM32F4xx_HAL_Driver/Src/stm32f4xx_hal_tim.o
                0x0000000008008de0                HAL_TIM_PWM_ConfigChannel
 .text.HAL_TIM_ConfigClockSource
                0x0000000008008f64      0x18e ./Drivers/STM32F4xx_HAL_Driver/Src/stm32f4xx_hal_tim.o
                0x0000000008008f64                HAL_TIM_ConfigClockSource
 .text.HAL_TIM_OC_DelayElapsedCallback
                0x00000000080090f2       0x14 ./Drivers/STM32F4xx_HAL_Driver/Src/stm32f4xx_hal_tim.o
                0x00000000080090f2                HAL_TIM_OC_DelayElapsedCallback
 .text.HAL_TIM_IC_CaptureCallback
                0x0000000008009106       0x14 ./Drivers/STM32F4xx_HAL_Driver/Src/stm32f4xx_hal_tim.o
                0x0000000008009106                HAL_TIM_IC_CaptureCallback
 .text.HAL_TIM_PWM_PulseFinishedCallback
                0x000000000800911a       0x14 ./Drivers/STM32F4xx_HAL_Driver/Src/stm32f4xx_hal_tim.o
                0x000000000800911a                HAL_TIM_PWM_PulseFinishedCallback
 .text.HAL_TIM_TriggerCallback
                0x000000000800912e       0x14 ./Drivers/STM32F4xx_HAL_Driver/Src/stm32f4xx_hal_tim.o
                0x000000000800912e                HAL_TIM_TriggerCallback
 *fill*         0x0000000008009142        0x2 
 .text.TIM_Base_SetConfig
                0x0000000008009144      0x140 ./Drivers/STM32F4xx_HAL_Driver/Src/stm32f4xx_hal_tim.o
                0x0000000008009144                TIM_Base_SetConfig
 .text.TIM_OC1_SetConfig
                0x0000000008009284       0xe0 ./Drivers/STM32F4xx_HAL_Driver/Src/stm32f4xx_hal_tim.o
 .text.TIM_OC2_SetConfig
                0x0000000008009364       0xec ./Drivers/STM32F4xx_HAL_Driver/Src/stm32f4xx_hal_tim.o
                0x0000000008009364                TIM_OC2_SetConfig
 .text.TIM_OC3_SetConfig
                0x0000000008009450       0xe8 ./Drivers/STM32F4xx_HAL_Driver/Src/stm32f4xx_hal_tim.o
 .text.TIM_OC4_SetConfig
                0x0000000008009538       0xac ./Drivers/STM32F4xx_HAL_Driver/Src/stm32f4xx_hal_tim.o
 .text.TIM_TI1_ConfigInputStage
                0x00000000080095e4       0x5e ./Drivers/STM32F4xx_HAL_Driver/Src/stm32f4xx_hal_tim.o
 .text.TIM_TI2_ConfigInputStage
                0x0000000008009642       0x60 ./Drivers/STM32F4xx_HAL_Driver/Src/stm32f4xx_hal_tim.o
 .text.TIM_ITRx_SetConfig
                0x00000000080096a2       0x36 ./Drivers/STM32F4xx_HAL_Driver/Src/stm32f4xx_hal_tim.o
 .text.TIM_ETR_SetConfig
                0x00000000080096d8       0x40 ./Drivers/STM32F4xx_HAL_Driver/Src/stm32f4xx_hal_tim.o
                0x00000000080096d8                TIM_ETR_SetConfig
 .text.TIM_CCxChannelCmd
                0x0000000008009718       0x4a ./Drivers/STM32F4xx_HAL_Driver/Src/stm32f4xx_hal_tim.o
                0x0000000008009718                TIM_CCxChannelCmd
 *fill*         0x0000000008009762        0x2 
 .text.HAL_TIMEx_MasterConfigSynchronization
                0x0000000008009764       0xf8 ./Drivers/STM32F4xx_HAL_Driver/Src/stm32f4xx_hal_tim_ex.o
                0x0000000008009764                HAL_TIMEx_MasterConfigSynchronization
 .text.HAL_TIMEx_ConfigBreakDeadTime
                0x000000000800985c       0xa4 ./Drivers/STM32F4xx_HAL_Driver/Src/stm32f4xx_hal_tim_ex.o
                0x000000000800985c                HAL_TIMEx_ConfigBreakDeadTime
 .text.HAL_TIMEx_CommutCallback
                0x0000000008009900       0x14 ./Drivers/STM32F4xx_HAL_Driver/Src/stm32f4xx_hal_tim_ex.o
                0x0000000008009900                HAL_TIMEx_CommutCallback
 .text.HAL_TIMEx_BreakCallback
                0x0000000008009914       0x14 ./Drivers/STM32F4xx_HAL_Driver/Src/stm32f4xx_hal_tim_ex.o
                0x0000000008009914                HAL_TIMEx_BreakCallback
 .text.HAL_UART_Init
                0x0000000008009928       0x9a ./Drivers/STM32F4xx_HAL_Driver/Src/stm32f4xx_hal_uart.o
                0x0000000008009928                HAL_UART_Init
 .text.HAL_UART_DeInit
                0x00000000080099c2       0x5e ./Drivers/STM32F4xx_HAL_Driver/Src/stm32f4xx_hal_uart.o
                0x00000000080099c2                HAL_UART_DeInit
 .text.HAL_UART_Transmit
                0x0000000008009a20      0x124 ./Drivers/STM32F4xx_HAL_Driver/Src/stm32f4xx_hal_uart.o
                0x0000000008009a20                HAL_UART_Transmit
 .text.HAL_UART_Transmit_DMA
                0x0000000008009b44       0xfc ./Drivers/STM32F4xx_HAL_Driver/Src/stm32f4xx_hal_uart.o
                0x0000000008009b44                HAL_UART_Transmit_DMA
 .text.HAL_UART_Receive_DMA
                0x0000000008009c40       0x60 ./Drivers/STM32F4xx_HAL_Driver/Src/stm32f4xx_hal_uart.o
                0x0000000008009c40                HAL_UART_Receive_DMA
 .text.HAL_UART_IRQHandler
                0x0000000008009ca0      0x51c ./Drivers/STM32F4xx_HAL_Driver/Src/stm32f4xx_hal_uart.o
                0x0000000008009ca0                HAL_UART_IRQHandler
 .text.HAL_UART_TxHalfCpltCallback
                0x000000000800a1bc       0x14 ./Drivers/STM32F4xx_HAL_Driver/Src/stm32f4xx_hal_uart.o
                0x000000000800a1bc                HAL_UART_TxHalfCpltCallback
 .text.HAL_UART_RxCpltCallback
                0x000000000800a1d0       0x14 ./Drivers/STM32F4xx_HAL_Driver/Src/stm32f4xx_hal_uart.o
                0x000000000800a1d0                HAL_UART_RxCpltCallback
 .text.HAL_UART_RxHalfCpltCallback
                0x000000000800a1e4       0x14 ./Drivers/STM32F4xx_HAL_Driver/Src/stm32f4xx_hal_uart.o
                0x000000000800a1e4                HAL_UART_RxHalfCpltCallback
 .text.HAL_UARTEx_RxEventCallback
                0x000000000800a1f8       0x18 ./Drivers/STM32F4xx_HAL_Driver/Src/stm32f4xx_hal_uart.o
                0x000000000800a1f8                HAL_UARTEx_RxEventCallback
 .text.UART_DMATransmitCplt
                0x000000000800a210       0x9a ./Drivers/STM32F4xx_HAL_Driver/Src/stm32f4xx_hal_uart.o
 .text.UART_DMATxHalfCplt
                0x000000000800a2aa       0x1c ./Drivers/STM32F4xx_HAL_Driver/Src/stm32f4xx_hal_uart.o
 .text.UART_DMAReceiveCplt
                0x000000000800a2c6      0x126 ./Drivers/STM32F4xx_HAL_Driver/Src/stm32f4xx_hal_uart.o
 .text.UART_DMARxHalfCplt
                0x000000000800a3ec       0x36 ./Drivers/STM32F4xx_HAL_Driver/Src/stm32f4xx_hal_uart.o
 .text.UART_DMAError
                0x000000000800a422       0x94 ./Drivers/STM32F4xx_HAL_Driver/Src/stm32f4xx_hal_uart.o
 .text.UART_WaitOnFlagUntilTimeout
                0x000000000800a4b6       0xdc ./Drivers/STM32F4xx_HAL_Driver/Src/stm32f4xx_hal_uart.o
 *fill*         0x000000000800a592        0x2 
 .text.UART_Start_Receive_DMA
                0x000000000800a594      0x13c ./Drivers/STM32F4xx_HAL_Driver/Src/stm32f4xx_hal_uart.o
                0x000000000800a594                UART_Start_Receive_DMA
 .text.UART_EndTxTransfer
                0x000000000800a6d0       0x50 ./Drivers/STM32F4xx_HAL_Driver/Src/stm32f4xx_hal_uart.o
 .text.UART_EndRxTransfer
                0x000000000800a720       0xc6 ./Drivers/STM32F4xx_HAL_Driver/Src/stm32f4xx_hal_uart.o
 .text.UART_DMAAbortOnError
                0x000000000800a7e6       0x28 ./Drivers/STM32F4xx_HAL_Driver/Src/stm32f4xx_hal_uart.o
 .text.UART_Transmit_IT
                0x000000000800a80e       0xa0 ./Drivers/STM32F4xx_HAL_Driver/Src/stm32f4xx_hal_uart.o
 .text.UART_EndTransmit_IT
                0x000000000800a8ae       0x30 ./Drivers/STM32F4xx_HAL_Driver/Src/stm32f4xx_hal_uart.o
 .text.UART_Receive_IT
                0x000000000800a8de      0x176 ./Drivers/STM32F4xx_HAL_Driver/Src/stm32f4xx_hal_uart.o
 .text.UART_SetConfig
                0x000000000800aa54      0x4e8 ./Drivers/STM32F4xx_HAL_Driver/Src/stm32f4xx_hal_uart.o
 .text.__cxa_pure_virtual
                0x000000000800af3c        0x6 c:/st/stm32cubeide_1.10.1/stm32cubeide/plugins/com.st.stm32cube.ide.mcu.externaltools.gnu-tools-for-stm32.10.3-2021.10.win32_1.0.0.202111181127/tools/bin/../lib/gcc/arm-none-eabi/10.3.1/../../../../arm-none-eabi/lib/thumb/v7e-m+fp/hard\libstdc++_nano.a(pure.o)
                0x000000000800af3c                __cxa_pure_virtual
 .text._ZN10__cxxabiv111__terminateEPFvvE
                0x000000000800af42        0x8 c:/st/stm32cubeide_1.10.1/stm32cubeide/plugins/com.st.stm32cube.ide.mcu.externaltools.gnu-tools-for-stm32.10.3-2021.10.win32_1.0.0.202111181127/tools/bin/../lib/gcc/arm-none-eabi/10.3.1/../../../../arm-none-eabi/lib/thumb/v7e-m+fp/hard\libstdc++_nano.a(eh_terminate.o)
                0x000000000800af42                __cxxabiv1::__terminate(void (*)())
 *fill*         0x000000000800af4a        0x2 
 .text._ZSt13get_terminatev
                0x000000000800af4c       0x10 c:/st/stm32cubeide_1.10.1/stm32cubeide/plugins/com.st.stm32cube.ide.mcu.externaltools.gnu-tools-for-stm32.10.3-2021.10.win32_1.0.0.202111181127/tools/bin/../lib/gcc/arm-none-eabi/10.3.1/../../../../arm-none-eabi/lib/thumb/v7e-m+fp/hard\libstdc++_nano.a(eh_terminate.o)
                0x000000000800af4c                std::get_terminate()
 .text._ZSt9terminatev
                0x000000000800af5c        0xa c:/st/stm32cubeide_1.10.1/stm32cubeide/plugins/com.st.stm32cube.ide.mcu.externaltools.gnu-tools-for-stm32.10.3-2021.10.win32_1.0.0.202111181127/tools/bin/../lib/gcc/arm-none-eabi/10.3.1/../../../../arm-none-eabi/lib/thumb/v7e-m+fp/hard\libstdc++_nano.a(eh_terminate.o)
                0x000000000800af5c                std::terminate()
 .text.abort    0x000000000800af66        0xe c:/st/stm32cubeide_1.10.1/stm32cubeide/plugins/com.st.stm32cube.ide.mcu.externaltools.gnu-tools-for-stm32.10.3-2021.10.win32_1.0.0.202111181127/tools/bin/../lib/gcc/arm-none-eabi/10.3.1/../../../../arm-none-eabi/lib/thumb/v7e-m+fp/hard\libc_nano.a(lib_a-abort.o)
                0x000000000800af66                abort
 .text.__errno  0x000000000800af74        0xc c:/st/stm32cubeide_1.10.1/stm32cubeide/plugins/com.st.stm32cube.ide.mcu.externaltools.gnu-tools-for-stm32.10.3-2021.10.win32_1.0.0.202111181127/tools/bin/../lib/gcc/arm-none-eabi/10.3.1/../../../../arm-none-eabi/lib/thumb/v7e-m+fp/hard\libc_nano.a(lib_a-errno.o)
                0x000000000800af74                __errno
 .text.__libc_init_array
                0x000000000800af80       0x48 c:/st/stm32cubeide_1.10.1/stm32cubeide/plugins/com.st.stm32cube.ide.mcu.externaltools.gnu-tools-for-stm32.10.3-2021.10.win32_1.0.0.202111181127/tools/bin/../lib/gcc/arm-none-eabi/10.3.1/../../../../arm-none-eabi/lib/thumb/v7e-m+fp/hard\libc_nano.a(lib_a-init.o)
                0x000000000800af80                __libc_init_array
 .text.memcpy   0x000000000800afc8       0x1c c:/st/stm32cubeide_1.10.1/stm32cubeide/plugins/com.st.stm32cube.ide.mcu.externaltools.gnu-tools-for-stm32.10.3-2021.10.win32_1.0.0.202111181127/tools/bin/../lib/gcc/arm-none-eabi/10.3.1/../../../../arm-none-eabi/lib/thumb/v7e-m+fp/hard\libc_nano.a(lib_a-memcpy-stub.o)
                0x000000000800afc8                memcpy
 .text.memset   0x000000000800afe4       0x10 c:/st/stm32cubeide_1.10.1/stm32cubeide/plugins/com.st.stm32cube.ide.mcu.externaltools.gnu-tools-for-stm32.10.3-2021.10.win32_1.0.0.202111181127/tools/bin/../lib/gcc/arm-none-eabi/10.3.1/../../../../arm-none-eabi/lib/thumb/v7e-m+fp/hard\libc_nano.a(lib_a-memset.o)
                0x000000000800afe4                memset
 .text.realloc  0x000000000800aff4       0x10 c:/st/stm32cubeide_1.10.1/stm32cubeide/plugins/com.st.stm32cube.ide.mcu.externaltools.gnu-tools-for-stm32.10.3-2021.10.win32_1.0.0.202111181127/tools/bin/../lib/gcc/arm-none-eabi/10.3.1/../../../../arm-none-eabi/lib/thumb/v7e-m+fp/hard\libc_nano.a(lib_a-realloc.o)
                0x000000000800aff4                realloc
 .text._raise_r
                0x000000000800b004       0x50 c:/st/stm32cubeide_1.10.1/stm32cubeide/plugins/com.st.stm32cube.ide.mcu.externaltools.gnu-tools-for-stm32.10.3-2021.10.win32_1.0.0.202111181127/tools/bin/../lib/gcc/arm-none-eabi/10.3.1/../../../../arm-none-eabi/lib/thumb/v7e-m+fp/hard\libc_nano.a(lib_a-signal.o)
                0x000000000800b004                _raise_r
 .text.raise    0x000000000800b054       0x10 c:/st/stm32cubeide_1.10.1/stm32cubeide/plugins/com.st.stm32cube.ide.mcu.externaltools.gnu-tools-for-stm32.10.3-2021.10.win32_1.0.0.202111181127/tools/bin/../lib/gcc/arm-none-eabi/10.3.1/../../../../arm-none-eabi/lib/thumb/v7e-m+fp/hard\libc_nano.a(lib_a-signal.o)
                0x000000000800b054                raise
 .text._kill_r  0x000000000800b064       0x24 c:/st/stm32cubeide_1.10.1/stm32cubeide/plugins/com.st.stm32cube.ide.mcu.externaltools.gnu-tools-for-stm32.10.3-2021.10.win32_1.0.0.202111181127/tools/bin/../lib/gcc/arm-none-eabi/10.3.1/../../../../arm-none-eabi/lib/thumb/v7e-m+fp/hard\libc_nano.a(lib_a-signalr.o)
                0x000000000800b064                _kill_r
 .text._getpid_r
                0x000000000800b088        0x4 c:/st/stm32cubeide_1.10.1/stm32cubeide/plugins/com.st.stm32cube.ide.mcu.externaltools.gnu-tools-for-stm32.10.3-2021.10.win32_1.0.0.202111181127/tools/bin/../lib/gcc/arm-none-eabi/10.3.1/../../../../arm-none-eabi/lib/thumb/v7e-m+fp/hard\libc_nano.a(lib_a-signalr.o)
                0x000000000800b088                _getpid_r
 .text.sbrk_aligned
                0x000000000800b08c       0x40 c:/st/stm32cubeide_1.10.1/stm32cubeide/plugins/com.st.stm32cube.ide.mcu.externaltools.gnu-tools-for-stm32.10.3-2021.10.win32_1.0.0.202111181127/tools/bin/../lib/gcc/arm-none-eabi/10.3.1/../../../../arm-none-eabi/lib/thumb/v7e-m+fp/hard\libc_nano.a(lib_a-nano-mallocr.o)
 .text._malloc_r
                0x000000000800b0cc       0xe8 c:/st/stm32cubeide_1.10.1/stm32cubeide/plugins/com.st.stm32cube.ide.mcu.externaltools.gnu-tools-for-stm32.10.3-2021.10.win32_1.0.0.202111181127/tools/bin/../lib/gcc/arm-none-eabi/10.3.1/../../../../arm-none-eabi/lib/thumb/v7e-m+fp/hard\libc_nano.a(lib_a-nano-mallocr.o)
                0x000000000800b0cc                _malloc_r
 .text._realloc_r
                0x000000000800b1b4       0x5e c:/st/stm32cubeide_1.10.1/stm32cubeide/plugins/com.st.stm32cube.ide.mcu.externaltools.gnu-tools-for-stm32.10.3-2021.10.win32_1.0.0.202111181127/tools/bin/../lib/gcc/arm-none-eabi/10.3.1/../../../../arm-none-eabi/lib/thumb/v7e-m+fp/hard\libc_nano.a(lib_a-nano-reallocr.o)
                0x000000000800b1b4                _realloc_r
 *fill*         0x000000000800b212        0x2 
 .text._sbrk_r  0x000000000800b214       0x20 c:/st/stm32cubeide_1.10.1/stm32cubeide/plugins/com.st.stm32cube.ide.mcu.externaltools.gnu-tools-for-stm32.10.3-2021.10.win32_1.0.0.202111181127/tools/bin/../lib/gcc/arm-none-eabi/10.3.1/../../../../arm-none-eabi/lib/thumb/v7e-m+fp/hard\libc_nano.a(lib_a-sbrkr.o)
                0x000000000800b214                _sbrk_r
 .text.__malloc_lock
                0x000000000800b234        0xc c:/st/stm32cubeide_1.10.1/stm32cubeide/plugins/com.st.stm32cube.ide.mcu.externaltools.gnu-tools-for-stm32.10.3-2021.10.win32_1.0.0.202111181127/tools/bin/../lib/gcc/arm-none-eabi/10.3.1/../../../../arm-none-eabi/lib/thumb/v7e-m+fp/hard\libc_nano.a(lib_a-mlock.o)
                0x000000000800b234                __malloc_lock
 .text.__malloc_unlock
                0x000000000800b240        0xc c:/st/stm32cubeide_1.10.1/stm32cubeide/plugins/com.st.stm32cube.ide.mcu.externaltools.gnu-tools-for-stm32.10.3-2021.10.win32_1.0.0.202111181127/tools/bin/../lib/gcc/arm-none-eabi/10.3.1/../../../../arm-none-eabi/lib/thumb/v7e-m+fp/hard\libc_nano.a(lib_a-mlock.o)
                0x000000000800b240                __malloc_unlock
 .text._free_r  0x000000000800b24c       0x98 c:/st/stm32cubeide_1.10.1/stm32cubeide/plugins/com.st.stm32cube.ide.mcu.externaltools.gnu-tools-for-stm32.10.3-2021.10.win32_1.0.0.202111181127/tools/bin/../lib/gcc/arm-none-eabi/10.3.1/../../../../arm-none-eabi/lib/thumb/v7e-m+fp/hard\libc_nano.a(lib_a-nano-freer.o)
                0x000000000800b24c                _free_r
 .text._malloc_usable_size_r
                0x000000000800b2e4       0x10 c:/st/stm32cubeide_1.10.1/stm32cubeide/plugins/com.st.stm32cube.ide.mcu.externaltools.gnu-tools-for-stm32.10.3-2021.10.win32_1.0.0.202111181127/tools/bin/../lib/gcc/arm-none-eabi/10.3.1/../../../../arm-none-eabi/lib/thumb/v7e-m+fp/hard\libc_nano.a(lib_a-nano-msizer.o)
                0x000000000800b2e4                _malloc_usable_size_r
 .text.__retarget_lock_acquire_recursive
                0x000000000800b2f4        0x2 c:/st/stm32cubeide_1.10.1/stm32cubeide/plugins/com.st.stm32cube.ide.mcu.externaltools.gnu-tools-for-stm32.10.3-2021.10.win32_1.0.0.202111181127/tools/bin/../lib/gcc/arm-none-eabi/10.3.1/../../../../arm-none-eabi/lib/thumb/v7e-m+fp/hard\libc_nano.a(lib_a-lock.o)
                0x000000000800b2f4                __retarget_lock_acquire_recursive
 .text.__retarget_lock_release_recursive
                0x000000000800b2f6        0x2 c:/st/stm32cubeide_1.10.1/stm32cubeide/plugins/com.st.stm32cube.ide.mcu.externaltools.gnu-tools-for-stm32.10.3-2021.10.win32_1.0.0.202111181127/tools/bin/../lib/gcc/arm-none-eabi/10.3.1/../../../../arm-none-eabi/lib/thumb/v7e-m+fp/hard\libc_nano.a(lib_a-lock.o)
                0x000000000800b2f6                __retarget_lock_release_recursive
 *(.glue_7)
 .glue_7        0x000000000800b2f8        0x0 linker stubs
 *(.glue_7t)
 .glue_7t       0x000000000800b2f8        0x0 linker stubs
 *(.eh_frame)
 .eh_frame      0x000000000800b2f8        0x0 c:/st/stm32cubeide_1.10.1/stm32cubeide/plugins/com.st.stm32cube.ide.mcu.externaltools.gnu-tools-for-stm32.10.3-2021.10.win32_1.0.0.202111181127/tools/bin/../lib/gcc/arm-none-eabi/10.3.1/thumb/v7e-m+fp/hard/crtbegin.o
 *(.init)
 .init          0x000000000800b2f8        0x4 c:/st/stm32cubeide_1.10.1/stm32cubeide/plugins/com.st.stm32cube.ide.mcu.externaltools.gnu-tools-for-stm32.10.3-2021.10.win32_1.0.0.202111181127/tools/bin/../lib/gcc/arm-none-eabi/10.3.1/thumb/v7e-m+fp/hard/crti.o
                0x000000000800b2f8                _init
 .init          0x000000000800b2fc        0x8 c:/st/stm32cubeide_1.10.1/stm32cubeide/plugins/com.st.stm32cube.ide.mcu.externaltools.gnu-tools-for-stm32.10.3-2021.10.win32_1.0.0.202111181127/tools/bin/../lib/gcc/arm-none-eabi/10.3.1/thumb/v7e-m+fp/hard/crtn.o
 *(.fini)
 .fini          0x000000000800b304        0x4 c:/st/stm32cubeide_1.10.1/stm32cubeide/plugins/com.st.stm32cube.ide.mcu.externaltools.gnu-tools-for-stm32.10.3-2021.10.win32_1.0.0.202111181127/tools/bin/../lib/gcc/arm-none-eabi/10.3.1/thumb/v7e-m+fp/hard/crti.o
                0x000000000800b304                _fini
 .fini          0x000000000800b308        0x8 c:/st/stm32cubeide_1.10.1/stm32cubeide/plugins/com.st.stm32cube.ide.mcu.externaltools.gnu-tools-for-stm32.10.3-2021.10.win32_1.0.0.202111181127/tools/bin/../lib/gcc/arm-none-eabi/10.3.1/thumb/v7e-m+fp/hard/crtn.o
                0x000000000800b310                . = ALIGN (0x4)
                0x000000000800b310                _etext = .

.vfp11_veneer   0x000000000800b310        0x0
 .vfp11_veneer  0x000000000800b310        0x0 linker stubs

.v4_bx          0x000000000800b310        0x0
 .v4_bx         0x000000000800b310        0x0 linker stubs

.iplt           0x000000000800b310        0x0
 .iplt          0x000000000800b310        0x0 c:/st/stm32cubeide_1.10.1/stm32cubeide/plugins/com.st.stm32cube.ide.mcu.externaltools.gnu-tools-for-stm32.10.3-2021.10.win32_1.0.0.202111181127/tools/bin/../lib/gcc/arm-none-eabi/10.3.1/thumb/v7e-m+fp/hard/crtbegin.o

.rodata         0x000000000800b310      0x35c
                0x000000000800b310                . = ALIGN (0x4)
 *(.rodata)
 .rodata        0x000000000800b310      0x1ee ./Core/Src/ros_port.o
 *(.rodata*)
 *fill*         0x000000000800b4fe        0x2 
 .rodata._ZN14rosserial_msgsL12REQUESTPARAME
                0x000000000800b500       0x1c ./Core/Src/ros_port.o
 .rodata._ZTVN3ros10SubscriberIN8std_msgs4Int8EvEE
                0x000000000800b51c       0x18 ./Core/Src/ros_port.o
                0x000000000800b51c                vtable for ros::Subscriber<std_msgs::Int8, void>
 .rodata._ZTVN3ros10SubscriberIN13geometry_msgs5PointEvEE
                0x000000000800b534       0x18 ./Core/Src/ros_port.o
                0x000000000800b534                vtable for ros::Subscriber<geometry_msgs::Point, void>
 .rodata._ZTVN3ros11NodeHandle_I13STM32HardwareLi25ELi25ELi512ELi512EEE
                0x000000000800b54c       0x14 ./Core/Src/ros_port.o
                0x000000000800b54c                vtable for ros::NodeHandle_<STM32Hardware, 25, 25, 512, 512>
 .rodata._ZTVN8std_msgs5Int64E
                0x000000000800b560       0x18 ./Core/Src/ros_port.o
                0x000000000800b560                vtable for std_msgs::Int64
 .rodata._ZTVN8std_msgs4Int8E
                0x000000000800b578       0x18 ./Core/Src/ros_port.o
                0x000000000800b578                vtable for std_msgs::Int8
 .rodata._ZTVN13geometry_msgs5PointE
                0x000000000800b590       0x18 ./Core/Src/ros_port.o
                0x000000000800b590                vtable for geometry_msgs::Point
 .rodata._ZTVN3ros11Subscriber_E
                0x000000000800b5a8       0x18 ./Core/Src/ros_port.o
                0x000000000800b5a8                vtable for ros::Subscriber_
 .rodata._ZTVN3ros15NodeHandleBase_E
                0x000000000800b5c0       0x14 ./Core/Src/ros_port.o
                0x000000000800b5c0                vtable for ros::NodeHandleBase_
 .rodata._ZTVN14rosserial_msgs20RequestParamResponseE
                0x000000000800b5d4       0x18 ./Core/Src/ros_port.o
                0x000000000800b5d4                vtable for rosserial_msgs::RequestParamResponse
 .rodata._ZTVN14rosserial_msgs3LogE
                0x000000000800b5ec       0x18 ./Core/Src/ros_port.o
                0x000000000800b5ec                vtable for rosserial_msgs::Log
 .rodata._ZTVN14rosserial_msgs9TopicInfoE
                0x000000000800b604       0x18 ./Core/Src/ros_port.o
                0x000000000800b604                vtable for rosserial_msgs::TopicInfo
 .rodata._ZTVN8std_msgs4TimeE
                0x000000000800b61c       0x18 ./Core/Src/ros_port.o
                0x000000000800b61c                vtable for std_msgs::Time
 .rodata._ZTVN3ros3MsgE
                0x000000000800b634       0x18 ./Core/Src/ros_port.o
                0x000000000800b634                vtable for ros::Msg
 .rodata.AHBPrescTable
                0x000000000800b64c       0x10 ./Core/Src/system_stm32f4xx.o
                0x000000000800b64c                AHBPrescTable
 .rodata.APBPrescTable
                0x000000000800b65c        0x8 ./Core/Src/system_stm32f4xx.o
                0x000000000800b65c                APBPrescTable
 .rodata.flagBitshiftOffset.0
                0x000000000800b664        0x8 ./Drivers/STM32F4xx_HAL_Driver/Src/stm32f4xx_hal_dma.o
                0x000000000800b66c                . = ALIGN (0x4)

.ARM.extab      0x000000000800b66c        0x0
                0x000000000800b66c                . = ALIGN (0x4)
 *(.ARM.extab* .gnu.linkonce.armextab.*)
                0x000000000800b66c                . = ALIGN (0x4)

.ARM            0x000000000800b66c        0x8
                0x000000000800b66c                . = ALIGN (0x4)
                0x000000000800b66c                __exidx_start = .
 *(.ARM.exidx*)
 .ARM.exidx     0x000000000800b66c        0x8 c:/st/stm32cubeide_1.10.1/stm32cubeide/plugins/com.st.stm32cube.ide.mcu.externaltools.gnu-tools-for-stm32.10.3-2021.10.win32_1.0.0.202111181127/tools/bin/../lib/gcc/arm-none-eabi/10.3.1/thumb/v7e-m+fp/hard\libgcc.a(_udivmoddi4.o)
                0x000000000800b674                __exidx_end = .
                0x000000000800b674                . = ALIGN (0x4)

.rel.dyn        0x000000000800b674        0x0
 .rel.iplt      0x000000000800b674        0x0 c:/st/stm32cubeide_1.10.1/stm32cubeide/plugins/com.st.stm32cube.ide.mcu.externaltools.gnu-tools-for-stm32.10.3-2021.10.win32_1.0.0.202111181127/tools/bin/../lib/gcc/arm-none-eabi/10.3.1/thumb/v7e-m+fp/hard/crtbegin.o

.preinit_array  0x000000000800b674        0x0
                0x000000000800b674                . = ALIGN (0x4)
                0x000000000800b674                PROVIDE (__preinit_array_start = .)
 *(.preinit_array*)
                0x000000000800b674                PROVIDE (__preinit_array_end = .)
                0x000000000800b674                . = ALIGN (0x4)

.init_array     0x000000000800b674        0x8
                0x000000000800b674                . = ALIGN (0x4)
                0x000000000800b674                PROVIDE (__init_array_start = .)
 *(SORT_BY_NAME(.init_array.*))
 *(.init_array*)
 .init_array    0x000000000800b674        0x4 c:/st/stm32cubeide_1.10.1/stm32cubeide/plugins/com.st.stm32cube.ide.mcu.externaltools.gnu-tools-for-stm32.10.3-2021.10.win32_1.0.0.202111181127/tools/bin/../lib/gcc/arm-none-eabi/10.3.1/thumb/v7e-m+fp/hard/crtbegin.o
 .init_array    0x000000000800b678        0x4 ./Core/Src/ros_port.o
                0x000000000800b67c                PROVIDE (__init_array_end = .)
                0x000000000800b67c                . = ALIGN (0x4)

.fini_array     0x000000000800b67c        0x4
                0x000000000800b67c                . = ALIGN (0x4)
                [!provide]                        PROVIDE (__fini_array_start = .)
 *(SORT_BY_NAME(.fini_array.*))
 *(.fini_array*)
 .fini_array    0x000000000800b67c        0x4 c:/st/stm32cubeide_1.10.1/stm32cubeide/plugins/com.st.stm32cube.ide.mcu.externaltools.gnu-tools-for-stm32.10.3-2021.10.win32_1.0.0.202111181127/tools/bin/../lib/gcc/arm-none-eabi/10.3.1/thumb/v7e-m+fp/hard/crtbegin.o
                [!provide]                        PROVIDE (__fini_array_end = .)
                0x000000000800b680                . = ALIGN (0x4)
                0x000000000800b680                _sidata = LOADADDR (.data)

.data           0x0000000020000000       0xe4 load address 0x000000000800b680
                0x0000000020000000                . = ALIGN (0x4)
                0x0000000020000000                _sdata = .
 *(.data)
 *(.data*)
 .data.laji_reset
                0x0000000020000000        0x4 ./Core/Src/baseball_intake.o
                0x0000000020000000                laji_reset
 .data.laji_ok  0x0000000020000004        0x4 ./Core/Src/baseball_intake.o
                0x0000000020000004                laji_ok
 .data.seat_mode
                0x0000000020000008        0x4 ./Core/Src/shooter.o
                0x0000000020000008                seat_mode
 .data.run      0x000000002000000c        0x4 ./Core/Src/shooter.o
                0x000000002000000c                run
 .data.speed_ev
                0x0000000020000010        0x8 ./Core/Src/shooter_base.o
                0x0000000020000010                speed_ev
 .data.P_hz     0x0000000020000018        0x8 ./Core/Src/shooter_base.o
                0x0000000020000018                P_hz
 .data.I_hz     0x0000000020000020        0x8 ./Core/Src/shooter_base.o
                0x0000000020000020                I_hz
 .data.D_hz     0x0000000020000028        0x8 ./Core/Src/shooter_base.o
                0x0000000020000028                D_hz
 .data.P_ev     0x0000000020000030        0x8 ./Core/Src/shooter_base.o
                0x0000000020000030                P_ev
 .data.I_ev     0x0000000020000038        0x8 ./Core/Src/shooter_base.o
                0x0000000020000038                I_ev
 .data.D_ev     0x0000000020000040        0x8 ./Core/Src/shooter_base.o
                0x0000000020000040                D_ev
 .data.once_hz  0x0000000020000048        0x4 ./Core/Src/shooter_base.o
                0x0000000020000048                once_hz
 .data.reset    0x000000002000004c        0x4 ./Core/Src/shooter_base.o
                0x000000002000004c                reset
 .data.hz_pos_limit
                0x0000000020000050        0x8 ./Core/Src/shooter_base.o
                0x0000000020000050                hz_pos_limit
 .data.hz_neg_limit
                0x0000000020000058        0x8 ./Core/Src/shooter_base.o
                0x0000000020000058                hz_neg_limit
 .data.ev_limit
                0x0000000020000060        0x8 ./Core/Src/shooter_base.o
                0x0000000020000060                ev_limit
 .data.first    0x0000000020000068        0x4 ./Core/Src/shooter_base.o
                0x0000000020000068                first
 .data.step     0x000000002000006c        0x4 ./Core/Src/shooter_base.o
                0x000000002000006c                step
 .data.SystemCoreClock
                0x0000000020000070        0x4 ./Core/Src/system_stm32f4xx.o
                0x0000000020000070                SystemCoreClock
 .data.uwTickPrio
                0x0000000020000074        0x4 ./Drivers/STM32F4xx_HAL_Driver/Src/stm32f4xx_hal.o
                0x0000000020000074                uwTickPrio
 .data.uwTickFreq
                0x0000000020000078        0x1 ./Drivers/STM32F4xx_HAL_Driver/Src/stm32f4xx_hal.o
                0x0000000020000078                uwTickFreq
 *fill*         0x0000000020000079        0x3 
 .data._ZN10__cxxabiv119__terminate_handlerE
                0x000000002000007c        0x4 c:/st/stm32cubeide_1.10.1/stm32cubeide/plugins/com.st.stm32cube.ide.mcu.externaltools.gnu-tools-for-stm32.10.3-2021.10.win32_1.0.0.202111181127/tools/bin/../lib/gcc/arm-none-eabi/10.3.1/../../../../arm-none-eabi/lib/thumb/v7e-m+fp/hard\libstdc++_nano.a(eh_term_handler.o)
                0x000000002000007c                __cxxabiv1::__terminate_handler
 .data._impure_ptr
                0x0000000020000080        0x4 c:/st/stm32cubeide_1.10.1/stm32cubeide/plugins/com.st.stm32cube.ide.mcu.externaltools.gnu-tools-for-stm32.10.3-2021.10.win32_1.0.0.202111181127/tools/bin/../lib/gcc/arm-none-eabi/10.3.1/../../../../arm-none-eabi/lib/thumb/v7e-m+fp/hard\libc_nano.a(lib_a-impure.o)
                0x0000000020000080                _impure_ptr
 .data.impure_data
                0x0000000020000084       0x60 c:/st/stm32cubeide_1.10.1/stm32cubeide/plugins/com.st.stm32cube.ide.mcu.externaltools.gnu-tools-for-stm32.10.3-2021.10.win32_1.0.0.202111181127/tools/bin/../lib/gcc/arm-none-eabi/10.3.1/../../../../arm-none-eabi/lib/thumb/v7e-m+fp/hard\libc_nano.a(lib_a-impure.o)
 *(.RamFunc)
 *(.RamFunc*)
                0x00000000200000e4                . = ALIGN (0x4)
                0x00000000200000e4                _edata = .

.igot.plt       0x00000000200000e4        0x0 load address 0x000000000800b764
 .igot.plt      0x00000000200000e4        0x0 c:/st/stm32cubeide_1.10.1/stm32cubeide/plugins/com.st.stm32cube.ide.mcu.externaltools.gnu-tools-for-stm32.10.3-2021.10.win32_1.0.0.202111181127/tools/bin/../lib/gcc/arm-none-eabi/10.3.1/thumb/v7e-m+fp/hard/crtbegin.o
                0x00000000200000e4                . = ALIGN (0x4)

.bss            0x00000000200000e8     0x1a9c load address 0x000000000800b764
                0x00000000200000e8                _sbss = .
                0x00000000200000e8                __bss_start__ = _sbss
 *(.bss)
 .bss           0x00000000200000e8       0x1c c:/st/stm32cubeide_1.10.1/stm32cubeide/plugins/com.st.stm32cube.ide.mcu.externaltools.gnu-tools-for-stm32.10.3-2021.10.win32_1.0.0.202111181127/tools/bin/../lib/gcc/arm-none-eabi/10.3.1/thumb/v7e-m+fp/hard/crtbegin.o
 *(.bss*)
 .bss.fu        0x0000000020000104        0x4 ./Core/Src/TIM_IT.o
                0x0000000020000104                fu
 .bss.fl        0x0000000020000108        0x4 ./Core/Src/TIM_IT.o
                0x0000000020000108                fl
 .bss.lu        0x000000002000010c        0x4 ./Core/Src/TIM_IT.o
                0x000000002000010c                lu
 .bss.ll        0x0000000020000110        0x4 ./Core/Src/TIM_IT.o
                0x0000000020000110                ll
 .bss.r         0x0000000020000114        0x4 ./Core/Src/TIM_IT.o
                0x0000000020000114                r
 .bss.t         0x0000000020000118        0x4 ./Core/Src/TIM_IT.o
                0x0000000020000118                t
 .bss.x         0x000000002000011c        0x4 ./Core/Src/TIM_IT.o
                0x000000002000011c                x
 .bss.fliping   0x0000000020000120        0x4 ./Core/Src/baseball_intake.o
                0x0000000020000120                fliping
 .bss.lifting   0x0000000020000124        0x4 ./Core/Src/baseball_intake.o
                0x0000000020000124                lifting
 .bss.laji_cmd  0x0000000020000128        0x4 ./Core/Src/baseball_intake.o
                0x0000000020000128                laji_cmd
 .bss.cmd       0x000000002000012c        0x4 ./Core/Src/baseball_intake.o
                0x000000002000012c                cmd
 .bss._ZZ12laji_controlvE1a
                0x0000000020000130        0x4 ./Core/Src/baseball_intake.o
 .bss.htim1     0x0000000020000134       0x48 ./Core/Src/main.o
                0x0000000020000134                htim1
 .bss.htim2     0x000000002000017c       0x48 ./Core/Src/main.o
                0x000000002000017c                htim2
 .bss.htim3     0x00000000200001c4       0x48 ./Core/Src/main.o
                0x00000000200001c4                htim3
 .bss.htim4     0x000000002000020c       0x48 ./Core/Src/main.o
                0x000000002000020c                htim4
 .bss.htim5     0x0000000020000254       0x48 ./Core/Src/main.o
                0x0000000020000254                htim5
 .bss.htim8     0x000000002000029c       0x48 ./Core/Src/main.o
                0x000000002000029c                htim8
 .bss.htim12    0x00000000200002e4       0x48 ./Core/Src/main.o
                0x00000000200002e4                htim12
 .bss.huart2    0x000000002000032c       0x44 ./Core/Src/main.o
                0x000000002000032c                huart2
 .bss.huart3    0x0000000020000370       0x44 ./Core/Src/main.o
                0x0000000020000370                huart3
 .bss.hdma_usart2_rx
                0x00000000200003b4       0x60 ./Core/Src/main.o
                0x00000000200003b4                hdma_usart2_rx
 .bss.hdma_usart2_tx
                0x0000000020000414       0x60 ./Core/Src/main.o
                0x0000000020000414                hdma_usart2_tx
 .bss.go        0x0000000020000474        0x4 ./Core/Src/reset_button.o
                0x0000000020000474                go
 .bss.a         0x0000000020000478        0x4 ./Core/Src/reset_button.o
                0x0000000020000478                a
 .bss.b         0x000000002000047c        0x4 ./Core/Src/reset_button.o
                0x000000002000047c                b
 .bss.c         0x0000000020000480        0x4 ./Core/Src/reset_button.o
                0x0000000020000480                c
 .bss.d         0x0000000020000484        0x4 ./Core/Src/reset_button.o
                0x0000000020000484                d
 .bss._ZZN13STM32Hardware5flushEvE5mutex
                0x0000000020000488        0x1 ./Core/Src/ros_port.o
                0x0000000020000488                STM32Hardware::flush()::mutex
 *fill*         0x0000000020000489        0x3 
 .bss.flag      0x000000002000048c        0x4 ./Core/Src/ros_port.o
                0x000000002000048c                flag
 .bss.laji      0x0000000020000490        0x8 ./Core/Src/ros_port.o
                0x0000000020000490                laji
 .bss.pitches   0x0000000020000498        0x8 ./Core/Src/ros_port.o
                0x0000000020000498                pitches
 .bss.button_reset
                0x00000000200004a0       0x10 ./Core/Src/ros_port.o
                0x00000000200004a0                button_reset
 .bss.nh        0x00000000200004b0     0x153c ./Core/Src/ros_port.o
                0x00000000200004b0                nh
 *fill*         0x00000000200019ec        0x4 
 .bss.sub_angle
                0x00000000200019f0       0x38 ./Core/Src/ros_port.o
                0x00000000200019f0                sub_angle
 .bss.pub_pitches
                0x0000000020001a28       0x14 ./Core/Src/ros_port.o
                0x0000000020001a28                pub_pitches
 .bss.sub_ori   0x0000000020001a3c       0x1c ./Core/Src/ros_port.o
                0x0000000020001a3c                sub_ori
 .bss.sub_laji  0x0000000020001a58       0x1c ./Core/Src/ros_port.o
                0x0000000020001a58                sub_laji
 .bss.pub_laji  0x0000000020001a74       0x14 ./Core/Src/ros_port.o
                0x0000000020001a74                pub_laji
 .bss.pub_reset
                0x0000000020001a88       0x14 ./Core/Src/ros_port.o
                0x0000000020001a88                pub_reset
 .bss.Checksum_Calc
                0x0000000020001a9c        0x4 ./Core/Src/servo.o
                0x0000000020001a9c                Checksum_Calc
 .bss.target_length
                0x0000000020001aa0        0x8 ./Core/Src/shooter.o
                0x0000000020001aa0                target_length
 .bss.actual_length
                0x0000000020001aa8        0x8 ./Core/Src/shooter.o
                0x0000000020001aa8                actual_length
 .bss.check_hook
                0x0000000020001ab0        0x4 ./Core/Src/shooter.o
                0x0000000020001ab0                check_hook
 .bss.check_fire
                0x0000000020001ab4        0x4 ./Core/Src/shooter.o
                0x0000000020001ab4                check_fire
 .bss.delay     0x0000000020001ab8        0x4 ./Core/Src/shooter.o
                0x0000000020001ab8                delay
 .bss.return_value
                0x0000000020001abc        0x4 ./Core/Src/shooter.o
                0x0000000020001abc                return_value
 .bss.enc_st    0x0000000020001ac0        0x2 ./Core/Src/shooter.o
                0x0000000020001ac0                enc_st
 *fill*         0x0000000020001ac2        0x6 
 .bss.angle_st  0x0000000020001ac8        0x8 ./Core/Src/shooter.o
                0x0000000020001ac8                angle_st
 .bss.st_set    0x0000000020001ad0        0x4 ./Core/Src/shooter.o
                0x0000000020001ad0                st_set
 .bss.enc_hz    0x0000000020001ad4        0x2 ./Core/Src/shooter_base.o
                0x0000000020001ad4                enc_hz
 .bss.enc_ev    0x0000000020001ad6        0x2 ./Core/Src/shooter_base.o
                0x0000000020001ad6                enc_ev
 .bss.target_hz
                0x0000000020001ad8        0x8 ./Core/Src/shooter_base.o
                0x0000000020001ad8                target_hz
 .bss.target_ev
                0x0000000020001ae0        0x8 ./Core/Src/shooter_base.o
                0x0000000020001ae0                target_ev
 .bss.angle_hz  0x0000000020001ae8        0x8 ./Core/Src/shooter_base.o
                0x0000000020001ae8                angle_hz
 .bss.angle_ev  0x0000000020001af0        0x8 ./Core/Src/shooter_base.o
                0x0000000020001af0                angle_ev
 .bss.hz_ok     0x0000000020001af8        0x4 ./Core/Src/shooter_base.o
                0x0000000020001af8                hz_ok
 .bss.ev_ok     0x0000000020001afc        0x4 ./Core/Src/shooter_base.o
                0x0000000020001afc                ev_ok
 .bss.et_hz     0x0000000020001b00        0x8 ./Core/Src/shooter_base.o
                0x0000000020001b00                et_hz
 .bss.et_ev     0x0000000020001b08        0x8 ./Core/Src/shooter_base.o
                0x0000000020001b08                et_ev
 .bss.sigma_et_hz