Archive member included to satisfy reference by file (symbol)

C:/ST/STM32CubeIDE_1.10.1/STM32CubeIDE/plugins/com.st.stm32cube.ide.mcu.externaltools.gnu-tools-for-stm32.11.3.rel1.win32_1.1.0.202305231506/tools/bin/../lib/gcc/arm-none-eabi/11.3.1/../../../../arm-none-eabi/lib/thumb/v7e-m+fp/hard\libc_nano.a(libc_a-exit.o)
                              C:/ST/STM32CubeIDE_1.10.1/STM32CubeIDE/plugins/com.st.stm32cube.ide.mcu.externaltools.gnu-tools-for-stm32.11.3.rel1.win32_1.1.0.202305231506/tools/bin/../lib/gcc/arm-none-eabi/11.3.1/../../../../arm-none-eabi/lib/thumb/v7e-m+fp/hard/crt0.o (exit)
C:/ST/STM32CubeIDE_1.10.1/STM32CubeIDE/plugins/com.st.stm32cube.ide.mcu.externaltools.gnu-tools-for-stm32.11.3.rel1.win32_1.1.0.202305231506/tools/bin/../lib/gcc/arm-none-eabi/11.3.1/../../../../arm-none-eabi/lib/thumb/v7e-m+fp/hard\libc_nano.a(libc_a-realloc.o)
                              ./Core/Src/ros_port.o (realloc)
C:/ST/STM32CubeIDE_1.10.1/STM32CubeIDE/plugins/com.st.stm32cube.ide.mcu.externaltools.gnu-tools-for-stm32.11.3.rel1.win32_1.1.0.202305231506/tools/bin/../lib/gcc/arm-none-eabi/11.3.1/../../../../arm-none-eabi/lib/thumb/v7e-m+fp/hard\libc_nano.a(libc_a-reallocr.o)
                              C:/ST/STM32CubeIDE_1.10.1/STM32CubeIDE/plugins/com.st.stm32cube.ide.mcu.externaltools.gnu-tools-for-stm32.11.3.rel1.win32_1.1.0.202305231506/tools/bin/../lib/gcc/arm-none-eabi/11.3.1/../../../../arm-none-eabi/lib/thumb/v7e-m+fp/hard\libc_nano.a(libc_a-realloc.o) (_realloc_r)
C:/ST/STM32CubeIDE_1.10.1/STM32CubeIDE/plugins/com.st.stm32cube.ide.mcu.externaltools.gnu-tools-for-stm32.11.3.rel1.win32_1.1.0.202305231506/tools/bin/../lib/gcc/arm-none-eabi/11.3.1/../../../../arm-none-eabi/lib/thumb/v7e-m+fp/hard\libc_nano.a(libc_a-findfp.o)
                              C:/ST/STM32CubeIDE_1.10.1/STM32CubeIDE/plugins/com.st.stm32cube.ide.mcu.externaltools.gnu-tools-for-stm32.11.3.rel1.win32_1.1.0.202305231506/tools/bin/../lib/gcc/arm-none-eabi/11.3.1/../../../../arm-none-eabi/lib/thumb/v7e-m+fp/hard\libc_nano.a(libc_a-exit.o) (__stdio_exit_handler)
C:/ST/STM32CubeIDE_1.10.1/STM32CubeIDE/plugins/com.st.stm32cube.ide.mcu.externaltools.gnu-tools-for-stm32.11.3.rel1.win32_1.1.0.202305231506/tools/bin/../lib/gcc/arm-none-eabi/11.3.1/../../../../arm-none-eabi/lib/thumb/v7e-m+fp/hard\libc_nano.a(libc_a-fwalk.o)
                              C:/ST/STM32CubeIDE_1.10.1/STM32CubeIDE/plugins/com.st.stm32cube.ide.mcu.externaltools.gnu-tools-for-stm32.11.3.rel1.win32_1.1.0.202305231506/tools/bin/../lib/gcc/arm-none-eabi/11.3.1/../../../../arm-none-eabi/lib/thumb/v7e-m+fp/hard\libc_nano.a(libc_a-findfp.o) (_fwalk_sglue)
C:/ST/STM32CubeIDE_1.10.1/STM32CubeIDE/plugins/com.st.stm32cube.ide.mcu.externaltools.gnu-tools-for-stm32.11.3.rel1.win32_1.1.0.202305231506/tools/bin/../lib/gcc/arm-none-eabi/11.3.1/../../../../arm-none-eabi/lib/thumb/v7e-m+fp/hard\libc_nano.a(libc_a-stdio.o)
                              C:/ST/STM32CubeIDE_1.10.1/STM32CubeIDE/plugins/com.st.stm32cube.ide.mcu.externaltools.gnu-tools-for-stm32.11.3.rel1.win32_1.1.0.202305231506/tools/bin/../lib/gcc/arm-none-eabi/11.3.1/../../../../arm-none-eabi/lib/thumb/v7e-m+fp/hard\libc_nano.a(libc_a-findfp.o) (__sread)
C:/ST/STM32CubeIDE_1.10.1/STM32CubeIDE/plugins/com.st.stm32cube.ide.mcu.externaltools.gnu-tools-for-stm32.11.3.rel1.win32_1.1.0.202305231506/tools/bin/../lib/gcc/arm-none-eabi/11.3.1/../../../../arm-none-eabi/lib/thumb/v7e-m+fp/hard\libc_nano.a(libc_a-memset.o)
                              C:/ST/STM32CubeIDE_1.10.1/STM32CubeIDE/plugins/com.st.stm32cube.ide.mcu.externaltools.gnu-tools-for-stm32.11.3.rel1.win32_1.1.0.202305231506/tools/bin/../lib/gcc/arm-none-eabi/11.3.1/../../../../arm-none-eabi/lib/thumb/v7e-m+fp/hard/crt0.o (memset)
C:/ST/STM32CubeIDE_1.10.1/STM32CubeIDE/plugins/com.st.stm32cube.ide.mcu.externaltools.gnu-tools-for-stm32.11.3.rel1.win32_1.1.0.202305231506/tools/bin/../lib/gcc/arm-none-eabi/11.3.1/../../../../arm-none-eabi/lib/thumb/v7e-m+fp/hard\libc_nano.a(libc_a-closer.o)
                              C:/ST/STM32CubeIDE_1.10.1/STM32CubeIDE/plugins/com.st.stm32cube.ide.mcu.externaltools.gnu-tools-for-stm32.11.3.rel1.win32_1.1.0.202305231506/tools/bin/../lib/gcc/arm-none-eabi/11.3.1/../../../../arm-none-eabi/lib/thumb/v7e-m+fp/hard\libc_nano.a(libc_a-stdio.o) (_close_r)
C:/ST/STM32CubeIDE_1.10.1/STM32CubeIDE/plugins/com.st.stm32cube.ide.mcu.externaltools.gnu-tools-for-stm32.11.3.rel1.win32_1.1.0.202305231506/tools/bin/../lib/gcc/arm-none-eabi/11.3.1/../../../../arm-none-eabi/lib/thumb/v7e-m+fp/hard\libc_nano.a(libc_a-reent.o)
                              C:/ST/STM32CubeIDE_1.10.1/STM32CubeIDE/plugins/com.st.stm32cube.ide.mcu.externaltools.gnu-tools-for-stm32.11.3.rel1.win32_1.1.0.202305231506/tools/bin/../lib/gcc/arm-none-eabi/11.3.1/../../../../arm-none-eabi/lib/thumb/v7e-m+fp/hard\libc_nano.a(libc_a-closer.o) (errno)
[...]
Memory Configuration

Name             Origin             Length             Attributes
RAM              0x0000000020000000 0x0000000000020000 xrw
FLASH            0x0000000008000000 0x0000000000080000 xr
*default*        0x0000000000000000 0xffffffffffffffff

Linker script and memory map

LOAD C:/ST/STM32CubeIDE_1.10.1/STM32CubeIDE/plugins/com.st.stm32cube.ide.mcu.externaltools.gnu-tools-for-stm32.11.3.rel1.win32_1.1.0.202305231506/tools/bin/../lib/gcc/arm-none-eabi/11.3.1/thumb/v7e-m+fp/hard/crti.o
LOAD C:/ST/STM32CubeIDE_1.10.1/STM32CubeIDE/plugins/com.st.stm32cube.ide.mcu.externaltools.gnu-tools-for-stm32.11.3.rel1.win32_1.1.0.202305231506/tools/bin/../lib/gcc/arm-none-eabi/11.3.1/thumb/v7e-m+fp/hard/crtbegin.o
LOAD C:/ST/STM32CubeIDE_1.10.1/STM32CubeIDE/plugins/com.st.stm32cube.ide.mcu.externaltools.gnu-tools-for-stm32.11.3.rel1.win32_1.1.0.202305231506/tools/bin/../lib/gcc/arm-none-eabi/11.3.1/../../../../arm-none-eabi/lib/thumb/v7e-m+fp/hard/crt0.o
LOAD ./Core/Inc/duration.o
LOAD ./Core/Inc/time.o
LOAD ./Core/Src/TIM_IT.o
LOAD ./Core/Src/baseball_intake.o
LOAD ./Core/Src/main.o
LOAD ./Core/Src/mainpp.o
LOAD ./Core/Src/reset_button.o
LOAD ./Core/Src/ros_port.o
LOAD ./Core/Src/shooter.o
LOAD ./Core/Src/shooter_base.o
LOAD ./Core/Src/stm32f4xx_hal_msp.o
LOAD ./Core/Src/stm32f4xx_it.o
LOAD ./Core/Src/syscalls.o
LOAD ./Core/Src/sysmem.o
LOAD ./Core/Src/system_stm32f4xx.o
LOAD ./Core/Startup/startup_stm32f446retx.o
LOAD ./Drivers/STM32F4xx_HAL_Driver/Src/stm32f4xx_hal.o
LOAD ./Drivers/STM32F4xx_HAL_Driver/Src/stm32f4xx_hal_cortex.o
LOAD ./Drivers/STM32F4xx_HAL_Driver/Src/stm32f4xx_hal_dma.o
LOAD ./Drivers/STM32F4xx_HAL_Driver/Src/stm32f4xx_hal_dma_ex.o
LOAD ./Drivers/STM32F4xx_HAL_Driver/Src/stm32f4xx_hal_exti.o
LOAD ./Drivers/STM32F4xx_HAL_Driver/Src/stm32f4xx_hal_flash.o
LOAD ./Drivers/STM32F4xx_HAL_Driver/Src/stm32f4xx_hal_flash_ex.o
LOAD ./Drivers/STM32F4xx_HAL_Driver/Src/stm32f4xx_hal_flash_ramfunc.o
LOAD ./Drivers/STM32F4xx_HAL_Driver/Src/stm32f4xx_hal_gpio.o
LOAD ./Drivers/STM32F4xx_HAL_Driver/Src/stm32f4xx_hal_pwr.o
LOAD ./Drivers/STM32F4xx_HAL_Driver/Src/stm32f4xx_hal_pwr_ex.o
LOAD ./Drivers/STM32F4xx_HAL_Driver/Src/stm32f4xx_hal_rcc.o
LOAD ./Drivers/STM32F4xx_HAL_Driver/Src/stm32f4xx_hal_rcc_ex.o
LOAD ./Drivers/STM32F4xx_HAL_Driver/Src/stm32f4xx_hal_tim.o
LOAD ./Drivers/STM32F4xx_HAL_Driver/Src/stm32f4xx_hal_tim_ex.o
LOAD ./Drivers/STM32F4xx_HAL_Driver/Src/stm32f4xx_hal_uart.o
START GROUP
LOAD C:/ST/STM32CubeIDE_1.10.1/STM32CubeIDE/plugins/com.st.stm32cube.ide.mcu.externaltools.gnu-tools-for-stm32.11.3.rel1.win32_1.1.0.202305231506/tools/bin/../lib/gcc/arm-none-eabi/11.3.1/../../../../arm-none-eabi/lib/thumb/v7e-m+fp/hard\libstdc++_nano.a
LOAD C:/ST/STM32CubeIDE_1.10.1/STM32CubeIDE/plugins/com.st.stm32cube.ide.mcu.externaltools.gnu-tools-for-stm32.11.3.rel1.win32_1.1.0.202305231506/tools/bin/../lib/gcc/arm-none-eabi/11.3.1/../../../../arm-none-eabi/lib/thumb/v7e-m+fp/hard\libsupc++_nano.a
END GROUP
LOAD C:/ST/STM32CubeIDE_1.10.1/STM32CubeIDE/plugins/com.st.stm32cube.ide.mcu.externaltools.gnu-tools-for-stm32.11.3.rel1.win32_1.1.0.202305231506/tools/bin/../lib/gcc/arm-none-eabi/11.3.1/../../../../arm-none-eabi/lib/thumb/v7e-m+fp/hard\libstdc++_nano.a
LOAD C:/ST/STM32CubeIDE_1.10.1/STM32CubeIDE/plugins/com.st.stm32cube.ide.mcu.externaltools.gnu-tools-for-stm32.11.3.rel1.win32_1.1.0.202305231506/tools/bin/../lib/gcc/arm-none-eabi/11.3.1/../../../../arm-none-eabi/lib/thumb/v7e-m+fp/hard\libm.a
LOAD C:/ST/STM32CubeIDE_1.10.1/STM32CubeIDE/plugins/com.st.stm32cube.ide.mcu.externaltools.gnu-tools-for-stm32.11.3.rel1.win32_1.1.0.202305231506/tools/bin/../lib/gcc/arm-none-eabi/11.3.1/../../../../arm-none-eabi/lib/thumb/v7e-m+fp/hard\libc_nano.a
START GROUP
LOAD C:/ST/STM32CubeIDE_1.10.1/STM32CubeIDE/plugins/com.st.stm32cube.ide.mcu.externaltools.gnu-tools-for-stm32.11.3.rel1.win32_1.1.0.202305231506/tools/bin/../lib/gcc/arm-none-eabi/11.3.1/thumb/v7e-m+fp/hard\libgcc.a
LOAD C:/ST/STM32CubeIDE_1.10.1/STM32CubeIDE/plugins/com.st.stm32cube.ide.mcu.externaltools.gnu-tools-for-stm32.11.3.rel1.win32_1.1.0.202305231506/tools/bin/../lib/gcc/arm-none-eabi/11.3.1/../../../../arm-none-eabi/lib/thumb/v7e-m+fp/hard\libc_nano.a
END GROUP
START GROUP
LOAD C:/ST/STM32CubeIDE_1.10.1/STM32CubeIDE/plugins/com.st.stm32cube.ide.mcu.externaltools.gnu-tools-for-stm32.11.3.rel1.win32_1.1.0.202305231506/tools/bin/../lib/gcc/arm-none-eabi/11.3.1/thumb/v7e-m+fp/hard\libgcc.a
LOAD C:/ST/STM32CubeIDE_1.10.1/STM32CubeIDE/plugins/com.st.stm32cube.ide.mcu.externaltools.gnu-tools-for-stm32.11.3.rel1.win32_1.1.0.202305231506/tools/bin/../lib/gcc/arm-none-eabi/11.3.1/../../../../arm-none-eabi/lib/thumb/v7e-m+fp/hard\libc_nano.a
LOAD C:/ST/STM32CubeIDE_1.10.1/STM32CubeIDE/plugins/com.st.stm32cube.ide.mcu.externaltools.gnu-tools-for-stm32.11.3.rel1.win32_1.1.0.202305231506/tools/bin/../lib/gcc/arm-none-eabi/11.3.1/../../../../arm-none-eabi/lib/thumb/v7e-m+fp/hard\libnosys.a
END GROUP
START GROUP
LOAD C:/ST/STM32CubeIDE_1.10.1/STM32CubeIDE/plugins/com.st.stm32cube.ide.mcu.externaltools.gnu-tools-for-stm32.11.3.rel1.win32_1.1.0.202305231506/tools/bin/../lib/gcc/arm-none-eabi/11.3.1/thumb/v7e-m+fp/hard\libgcc.a
LOAD C:/ST/STM32CubeIDE_1.10.1/STM32CubeIDE/plugins/com.st.stm32cube.ide.mcu.externaltools.gnu-tools-for-stm32.11.3.rel1.win32_1.1.0.202305231506/tools/bin/../lib/gcc/arm-none-eabi/11.3.1/../../../../arm-none-eabi/lib/thumb/v7e-m+fp/hard\libc_nano.a
LOAD C:/ST/STM32CubeIDE_1.10.1/STM32CubeIDE/plugins/com.st.stm32cube.ide.mcu.externaltools.gnu-tools-for-stm32.11.3.rel1.win32_1.1.0.202305231506/tools/bin/../lib/gcc/arm-none-eabi/11.3.1/../../../../arm-none-eabi/lib/thumb/v7e-m+fp/hard\libnosys.a
END GROUP
LOAD C:/ST/STM32CubeIDE_1.10.1/STM32CubeIDE/plugins/com.st.stm32cube.ide.mcu.externaltools.gnu-tools-for-stm32.11.3.rel1.win32_1.1.0.202305231506/tools/bin/../lib/gcc/arm-none-eabi/11.3.1/thumb/v7e-m+fp/hard/crtend.o
LOAD C:/ST/STM32CubeIDE_1.10.1/STM32CubeIDE/plugins/com.st.stm32cube.ide.mcu.externaltools.gnu-tools-for-stm32.11.3.rel1.win32_1.1.0.202305231506/tools/bin/../lib/gcc/arm-none-eabi/11.3.1/thumb/v7e-m+fp/hard/crtn.o
                0x0000000020020000                _estack = (ORIGIN (RAM) + LENGTH (RAM))
                0x0000000000000200                _Min_Heap_Size = 0x200
                0x0000000000000400                _Min_Stack_Size = 0x400

.isr_vector     0x0000000008000000      0x1c4
                0x0000000008000000                . = ALIGN (0x4)
 *(.isr_vector)
 .isr_vector    0x0000000008000000      0x1c4 ./Core/Startup/startup_stm32f446retx.o
                0x0000000008000000                g_pfnVectors
                0x00000000080001c4                . = ALIGN (0x4)

.text           0x00000000080001c8     0xa36c
                0x00000000080001c8                . = ALIGN (0x4)
 *(.text)
 .text          0x00000000080001c8       0x40 C:/ST/STM32CubeIDE_1.10.1/STM32CubeIDE/plugins/com.st.stm32cube.ide.mcu.externaltools.gnu-tools-for-stm32.11.3.rel1.win32_1.1.0.202305231506/tools/bin/../lib/gcc/arm-none-eabi/11.3.1/thumb/v7e-m+fp/hard/crtbegin.o
 .text          0x0000000008000208       0x10 C:/ST/STM32CubeIDE_1.10.1/STM32CubeIDE/plugins/com.st.stm32cube.ide.mcu.externaltools.gnu-tools-for-stm32.11.3.rel1.win32_1.1.0.202305231506/tools/bin/../lib/gcc/arm-none-eabi/11.3.1/../../../../arm-none-eabi/lib/thumb/v7e-m+fp/hard\libc_nano.a(libc_a-strlen.o)
                0x0000000008000208                strlen
 .text          0x0000000008000218      0x378 C:/ST/STM32CubeIDE_1.10.1/STM32CubeIDE/plugins/com.st.stm32cube.ide.mcu.externaltools.gnu-tools-for-stm32.11.3.rel1.win32_1.1.0.202305231506/tools/bin/../lib/gcc/arm-none-eabi/11.3.1/thumb/v7e-m+fp/hard\libgcc.a(_arm_addsubdf3.o)
                0x0000000008000218                __aeabi_drsub
                0x0000000008000220                __aeabi_dsub
                0x0000000008000220                __subdf3
                0x0000000008000224                __aeabi_dadd
                0x0000000008000224                __adddf3
                0x000000000800049c                __floatunsidf
                0x000000000800049c                __aeabi_ui2d
                0x00000000080004bc                __floatsidf
                0x00000000080004bc                __aeabi_i2d
                0x00000000080004e0                __aeabi_f2d
                0x00000000080004e0                __extendsfdf2
                0x0000000008000524                __floatundidf
                0x0000000008000524                __aeabi_ul2d
                0x0000000008000534                __floatdidf
                0x0000000008000534                __aeabi_l2d
 .text          0x0000000008000590      0x424 C:/ST/STM32CubeIDE_1.10.1/STM32CubeIDE/plugins/com.st.stm32cube.ide.mcu.externaltools.gnu-tools-for-stm32.11.3.rel1.win32_1.1.0.202305231506/tools/bin/../lib/gcc/arm-none-eabi/11.3.1/thumb/v7e-m+fp/hard\libgcc.a(_arm_muldivdf3.o)
                0x0000000008000590                __aeabi_dmul
                0x0000000008000590                __muldf3
                0x00000000080007e4                __divdf3
                0x00000000080007e4                __aeabi_ddiv
 .text          0x00000000080009b4      0x110 C:/ST/STM32CubeIDE_1.10.1/STM32CubeIDE/plugins/com.st.stm32cube.ide.mcu.externaltools.gnu-tools-for-stm32.11.3.rel1.win32_1.1.0.202305231506/tools/bin/../lib/gcc/arm-none-eabi/11.3.1/thumb/v7e-m+fp/hard\libgcc.a(_arm_cmpdf2.o)
                0x00000000080009b4                __gtdf2
                0x00000000080009b4                __gedf2
                0x00000000080009bc                __ltdf2
                0x00000000080009bc                __ledf2
                0x00000000080009c4                __nedf2
                0x00000000080009c4                __eqdf2
                0x00000000080009c4                __cmpdf2
                0x0000000008000a40                __aeabi_cdrcmple
                0x0000000008000a50                __aeabi_cdcmpeq
                0x0000000008000a50                __aeabi_cdcmple
                0x0000000008000a60                __aeabi_dcmpeq
                0x0000000008000a74                __aeabi_dcmplt
                0x0000000008000a88                __aeabi_dcmple
                0x0000000008000a9c                __aeabi_dcmpge
                0x0000000008000ab0                __aeabi_dcmpgt
 .text          0x0000000008000ac4       0x40 C:/ST/STM32CubeIDE_1.10.1/STM32CubeIDE/plugins/com.st.stm32cube.ide.mcu.externaltools.gnu-tools-for-stm32.11.3.rel1.win32_1.1.0.202305231506/tools/bin/../lib/gcc/arm-none-eabi/11.3.1/thumb/v7e-m+fp/hard\libgcc.a(_arm_fixunsdfsi.o)
                0x0000000008000ac4                __aeabi_d2uiz
                0x0000000008000ac4                __fixunsdfsi
 .text          0x0000000008000b04       0x30 C:/ST/STM32CubeIDE_1.10.1/STM32CubeIDE/plugins/com.st.stm32cube.ide.mcu.externaltools.gnu-tools-for-stm32.11.3.rel1.win32_1.1.0.202305231506/tools/bin/../lib/gcc/arm-none-eabi/11.3.1/thumb/v7e-m+fp/hard\libgcc.a(_aeabi_uldivmod.o)
                0x0000000008000b04                __aeabi_uldivmod
 .text          0x0000000008000b34      0x2c8 C:/ST/STM32CubeIDE_1.10.1/STM32CubeIDE/plugins/com.st.stm32cube.ide.mcu.externaltools.gnu-tools-for-stm32.11.3.rel1.win32_1.1.0.202305231506/tools/bin/../lib/gcc/arm-none-eabi/11.3.1/thumb/v7e-m+fp/hard\libgcc.a(_udivmoddi4.o)
                0x0000000008000b34                __udivmoddi4
 .text          0x0000000008000dfc        0x4 C:/ST/STM32CubeIDE_1.10.1/STM32CubeIDE/plugins/com.st.stm32cube.ide.mcu.externaltools.gnu-tools-for-stm32.11.3.rel1.win32_1.1.0.202305231506/tools/bin/../lib/gcc/arm-none-eabi/11.3.1/thumb/v7e-m+fp/hard\libgcc.a(_dvmd_tls.o)
                0x0000000008000dfc                __aeabi_idiv0
                0x0000000008000dfc                __aeabi_ldiv0
 *(.text*)
 .text._ZN3ros16normalizeSecNSecERmS0_
                0x0000000008000e00       0x58 ./Core/Inc/time.o
                0x0000000008000e00                ros::normalizeSecNSec(unsigned long&, unsigned long&)
 .text.HAL_TIM_PeriodElapsedCallback
                0x0000000008000e58      0x124 ./Core/Src/TIM_IT.o
                0x0000000008000e58                HAL_TIM_PeriodElapsedCallback
 .text._Z13fliping_statei
                0x0000000008000f7c       0xcc ./Core/Src/baseball_intake.o
                0x0000000008000f7c                fliping_state(int)
 .text._Z13lifting_statei
                0x0000000008001048       0xc4 ./Core/Src/baseball_intake.o
                0x0000000008001048                lifting_state(int)
 .text._ZN4laji4moveEiiP12GPIO_TypeDeftS1_t
                0x000000000800110c       0x94 ./Core/Src/baseball_intake.o
                0x000000000800110c                laji::move(int, int, GPIO_TypeDef*, unsigned short, GPIO_TypeDef*, unsigned short)
 .text._Z10laji_Resetv
                0x00000000080011a0       0x4c ./Core/Src/baseball_intake.o
                0x00000000080011a0                laji_Reset()
 .text._Z12laji_controlv
                0x00000000080011ec      0x1bc ./Core/Src/baseball_intake.o
                0x00000000080011ec                laji_control()
 .text._Z9laji_stopv
                0x00000000080013a8       0x50 ./Core/Src/baseball_intake.o
                0x00000000080013a8                laji_stop()
 .text.main     0x00000000080013f8       0x3a ./Core/Src/main.o
                0x00000000080013f8                main
 *fill*         0x0000000008001432        0x2 
 .text.SystemClock_Config
                0x0000000008001434       0xdc ./Core/Src/main.o
                0x0000000008001434                SystemClock_Config
 .text.MX_TIM1_Init
                0x0000000008001510       0xb0 ./Core/Src/main.o
 .text.MX_TIM2_Init
                0x00000000080015c0       0xa8 ./Core/Src/main.o
 .text.MX_TIM3_Init
                0x0000000008001668       0xa8 ./Core/Src/main.o
 .text.MX_TIM4_Init
                0x0000000008001710       0xcc ./Core/Src/main.o
 .text.MX_TIM5_Init
                0x00000000080017dc       0x9c ./Core/Src/main.o
 .text.MX_TIM8_Init
                0x0000000008001878      0x108 ./Core/Src/main.o
 .text.MX_TIM12_Init
                0x0000000008001980       0xa4 ./Core/Src/main.o
 .text.MX_USART2_UART_Init
                0x0000000008001a24       0x54 ./Core/Src/main.o
 .text.MX_DMA_Init
                0x0000000008001a78       0x50 ./Core/Src/main.o
 .text.MX_GPIO_Init
                0x0000000008001ac8      0x164 ./Core/Src/main.o
 .text.Error_Handler
                0x0000000008001c2c        0xa ./Core/Src/main.o
                0x0000000008001c2c                Error_Handler
 .text.main_function
                0x0000000008001c36       0x12 ./Core/Src/mainpp.o
                0x0000000008001c36                main_function
 .text.stm_setup
                0x0000000008001c48       0x84 ./Core/Src/mainpp.o
                0x0000000008001c48                stm_setup
 .text._Z15reset_conditionv
                0x0000000008001ccc      0x174 ./Core/Src/reset_button.o
                0x0000000008001ccc                reset_condition()
 .text._ZN3ros4TimeC2Ev
                0x0000000008001e40       0x22 ./Core/Src/ros_port.o
                0x0000000008001e40                ros::Time::Time()
                0x0000000008001e40                ros::Time::Time()
 *fill*         0x0000000008001e62        0x2 
 .text._ZN3ros3MsgC2Ev
                0x0000000008001e64       0x20 ./Core/Src/ros_port.o
                0x0000000008001e64                ros::Msg::Msg()
                0x0000000008001e64                ros::Msg::Msg()
 .text._ZN8std_msgs4TimeC2Ev
                0x0000000008001e84       0x30 ./Core/Src/ros_port.o
                0x0000000008001e84                std_msgs::Time::Time()
                0x0000000008001e84                std_msgs::Time::Time()
 .text._ZNK8std_msgs4Time9serializeEPh
                0x0000000008001eb4       0xb0 ./Core/Src/ros_port.o
                0x0000000008001eb4                std_msgs::Time::serialize(unsigned char*) const
 .text._ZN8std_msgs4Time11deserializeEPh
                0x0000000008001f64       0xc8 ./Core/Src/ros_port.o
                0x0000000008001f64                std_msgs::Time::deserialize(unsigned char*)
 .text._ZN8std_msgs4Time7getTypeEv
                0x000000000800202c       0x1c ./Core/Src/ros_port.o
                0x000000000800202c                std_msgs::Time::getType()
 .text._ZN8std_msgs4Time6getMD5Ev
                0x0000000008002048       0x1c ./Core/Src/ros_port.o
                0x0000000008002048                std_msgs::Time::getMD5()
 .text._ZN14rosserial_msgs9TopicInfoC2Ev
                0x0000000008002064       0x48 ./Core/Src/ros_port.o
                0x0000000008002064                rosserial_msgs::TopicInfo::TopicInfo()
                0x0000000008002064                rosserial_msgs::TopicInfo::TopicInfo()
 .text._ZNK14rosserial_msgs9TopicInfo9serializeEPh
                0x00000000080020ac      0x136 ./Core/Src/ros_port.o
                0x00000000080020ac                rosserial_msgs::TopicInfo::serialize(unsigned char*) const
 .text._ZN14rosserial_msgs9TopicInfo11deserializeEPh
                0x00000000080021e2      0x1d0 ./Core/Src/ros_port.o
                0x00000000080021e2                rosserial_msgs::TopicInfo::deserialize(unsigned char*)
 *fill*         0x00000000080023b2        0x2 
 .text._ZN14rosserial_msgs9TopicInfo7getTypeEv
                0x00000000080023b4       0x1c ./Core/Src/ros_port.o
                0x00000000080023b4                rosserial_msgs::TopicInfo::getType()
 .text._ZN14rosserial_msgs9TopicInfo6getMD5Ev
                0x00000000080023d0       0x1c ./Core/Src/ros_port.o
                0x00000000080023d0                rosserial_msgs::TopicInfo::getMD5()
 .text._ZN14rosserial_msgs3LogC2Ev
                0x00000000080023ec       0x34 ./Core/Src/ros_port.o
                0x00000000080023ec                rosserial_msgs::Log::Log()
                0x00000000080023ec                rosserial_msgs::Log::Log()
 .text._ZNK14rosserial_msgs3Log9serializeEPh
                0x0000000008002420       0x64 ./Core/Src/ros_port.o
                0x0000000008002420                rosserial_msgs::Log::serialize(unsigned char*) const
 .text._ZN14rosserial_msgs3Log11deserializeEPh
                0x0000000008002484       0x90 ./Core/Src/ros_port.o
                0x0000000008002484                rosserial_msgs::Log::deserialize(unsigned char*)
 .text._ZN14rosserial_msgs3Log7getTypeEv
                0x0000000008002514       0x1c ./Core/Src/ros_port.o
                0x0000000008002514                rosserial_msgs::Log::getType()
 .text._ZN14rosserial_msgs3Log6getMD5Ev
                0x0000000008002530       0x1c ./Core/Src/ros_port.o
                0x0000000008002530                rosserial_msgs::Log::getMD5()
 .text._ZN14rosserial_msgs20RequestParamResponseC2Ev
                0x000000000800254c       0x48 ./Core/Src/ros_port.o
                0x000000000800254c                rosserial_msgs::RequestParamResponse::RequestParamResponse()
                0x000000000800254c                rosserial_msgs::RequestParamResponse::RequestParamResponse()
 .text._ZNK14rosserial_msgs20RequestParamResponse9serializeEPh
                0x0000000008002594      0x222 ./Core/Src/ros_port.o
                0x0000000008002594                rosserial_msgs::RequestParamResponse::serialize(unsigned char*) const
 .text._ZN14rosserial_msgs20RequestParamResponse11deserializeEPh
                0x00000000080027b6      0x2e2 ./Core/Src/ros_port.o
                0x00000000080027b6                rosserial_msgs::RequestParamResponse::deserialize(unsigned char*)
 .text._ZN14rosserial_msgs20RequestParamResponse7getTypeEv
                0x0000000008002a98       0x1c ./Core/Src/ros_port.o
                0x0000000008002a98                rosserial_msgs::RequestParamResponse::getType()
 .text._ZN14rosserial_msgs20RequestParamResponse6getMD5Ev
                0x0000000008002ab4       0x1c ./Core/Src/ros_port.o
                0x0000000008002ab4                rosserial_msgs::RequestParamResponse::getMD5()
 .text._ZN3ros9PublisherC2EPKcPNS_3MsgEi
                0x0000000008002ad0       0x2e ./Core/Src/ros_port.o
                0x0000000008002ad0                ros::Publisher::Publisher(char const*, ros::Msg*, int)
                0x0000000008002ad0                ros::Publisher::Publisher(char const*, ros::Msg*, int)
 .text._ZN3ros9Publisher7publishEPKNS_3MsgE
                0x0000000008002afe       0x28 ./Core/Src/ros_port.o
                0x0000000008002afe                ros::Publisher::publish(ros::Msg const*)
 .text._ZN3ros9Publisher15getEndpointTypeEv
                0x0000000008002b26       0x18 ./Core/Src/ros_port.o
                0x0000000008002b26                ros::Publisher::getEndpointType()
 .text._ZN13STM32Hardware10getRdmaIndEv
                0x0000000008002b3e       0x26 ./Core/Src/ros_port.o
                0x0000000008002b3e                STM32Hardware::getRdmaInd()
 .text._ZN13STM32HardwareC2Ev
                0x0000000008002b64       0x40 ./Core/Src/ros_port.o
                0x0000000008002b64                STM32Hardware::STM32Hardware()
                0x0000000008002b64                STM32Hardware::STM32Hardware()
 .text._ZN13STM32Hardware4initEv
                0x0000000008002ba4       0x16 ./Core/Src/ros_port.o
                0x0000000008002ba4                STM32Hardware::init()
 .text._ZN13STM32Hardware10reset_rbufEv
                0x0000000008002bba       0x22 ./Core/Src/ros_port.o
                0x0000000008002bba                STM32Hardware::reset_rbuf()
 .text._ZN13STM32Hardware4readEv
                0x0000000008002bdc       0x5a ./Core/Src/ros_port.o
                0x0000000008002bdc                STM32Hardware::read()
 *fill*         0x0000000008002c36        0x2 
 .text._ZN13STM32Hardware5flushEv
                0x0000000008002c38       0xd0 ./Core/Src/ros_port.o
                0x0000000008002c38                STM32Hardware::flush()
 .text._ZN13STM32Hardware5writeEPhi
                0x0000000008002d08       0x94 ./Core/Src/ros_port.o
                0x0000000008002d08                STM32Hardware::write(unsigned char*, int)
 .text._ZN13STM32Hardware4timeEv
                0x0000000008002d9c       0x16 ./Core/Src/ros_port.o
                0x0000000008002d9c                STM32Hardware::time()
 *fill*         0x0000000008002db2        0x2 
 .text._ZN13geometry_msgs5PointC2Ev
                0x0000000008002db4       0x50 ./Core/Src/ros_port.o
                0x0000000008002db4                geometry_msgs::Point::Point()
                0x0000000008002db4                geometry_msgs::Point::Point()
 .text._ZNK13geometry_msgs5Point9serializeEPh
                0x0000000008002e04      0x2e6 ./Core/Src/ros_port.o
                0x0000000008002e04                geometry_msgs::Point::serialize(unsigned char*) const
 .text._ZN13geometry_msgs5Point11deserializeEPh
                0x00000000080030ea      0x6be ./Core/Src/ros_port.o
                0x00000000080030ea                geometry_msgs::Point::deserialize(unsigned char*)
 .text._ZN13geometry_msgs5Point7getTypeEv
                0x00000000080037a8       0x1c ./Core/Src/ros_port.o
                0x00000000080037a8                geometry_msgs::Point::getType()
 .text._ZN13geometry_msgs5Point6getMD5Ev
                0x00000000080037c4       0x1c ./Core/Src/ros_port.o
                0x00000000080037c4                geometry_msgs::Point::getMD5()
 .text._ZN8std_msgs4Int8C2Ev
                0x00000000080037e0       0x2c ./Core/Src/ros_port.o
                0x00000000080037e0                std_msgs::Int8::Int8()
                0x00000000080037e0                std_msgs::Int8::Int8()
 .text._ZNK8std_msgs4Int89serializeEPh
                0x000000000800380c       0x34 ./Core/Src/ros_port.o
                0x000000000800380c                std_msgs::Int8::serialize(unsigned char*) const
 .text._ZN8std_msgs4Int811deserializeEPh
                0x0000000008003840       0x3e ./Core/Src/ros_port.o
                0x0000000008003840                std_msgs::Int8::deserialize(unsigned char*)
 *fill*         0x000000000800387e        0x2 
 .text._ZN8std_msgs4Int87getTypeEv
                0x0000000008003880       0x1c ./Core/Src/ros_port.o
                0x0000000008003880                std_msgs::Int8::getType()
 .text._ZN8std_msgs4Int86getMD5Ev
                0x000000000800389c       0x1c ./Core/Src/ros_port.o
                0x000000000800389c                std_msgs::Int8::getMD5()
 .text._Z14angle_callbackRKN13geometry_msgs5PointE
                0x00000000080038b8       0x44 ./Core/Src/ros_port.o
                0x00000000080038b8                angle_callback(geometry_msgs::Point const&)
 .text._Z13laji_callbackRKN8std_msgs4Int8E
                0x00000000080038fc       0x24 ./Core/Src/ros_port.o
                0x00000000080038fc                laji_callback(std_msgs::Int8 const&)
 .text._Z12ori_callbackRKN8std_msgs4Int8E
                0x0000000008003920       0x24 ./Core/Src/ros_port.o
                0x0000000008003920                ori_callback(std_msgs::Int8 const&)
 .text._Z9ros_setupv
                0x0000000008003944       0x50 ./Core/Src/ros_port.o
                0x0000000008003944                ros_setup()
 .text._Z8ros_loopv
                0x0000000008003994       0x14 ./Core/Src/ros_port.o
                0x0000000008003994                ros_loop()
 .text._Z3pubv  0x00000000080039a8       0x44 ./Core/Src/ros_port.o
                0x00000000080039a8                pub()
 .text._Z13Error_Handlerv
                0x00000000080039ec        0xa ./Core/Src/ros_port.o
                0x00000000080039ec                Error_Handler()
 *fill*         0x00000000080039f6        0x2 
 .text._ZL19MX_USART2_UART_Initv
                0x00000000080039f8       0x5c ./Core/Src/ros_port.o
 .text.HAL_UART_ErrorCallback
                0x0000000008003a54       0x38 ./Core/Src/ros_port.o
                0x0000000008003a54                HAL_UART_ErrorCallback
 .text.HAL_UART_TxCpltCallback
                0x0000000008003a8c       0x24 ./Core/Src/ros_port.o
                0x0000000008003a8c                HAL_UART_TxCpltCallback
 .text._ZN3ros3Msg8varToArrIPhmEEvT_T0_
                0x0000000008003ab0       0x3e ./Core/Src/ros_port.o
                0x0000000008003ab0                void ros::Msg::varToArr<unsigned char*, unsigned long>(unsigned char*, unsigned long)
 .text._ZN3ros3Msg8arrToVarImPhEEvRT_T0_
                0x0000000008003aee       0x4c ./Core/Src/ros_port.o
                0x0000000008003aee                void ros::Msg::arrToVar<unsigned long, unsigned char*>(unsigned long&, unsigned char*)
 *fill*         0x0000000008003b3a        0x2 
 .text._ZN3ros15NodeHandleBase_C2Ev
                0x0000000008003b3c       0x20 ./Core/Src/ros_port.o
                0x0000000008003b3c                ros::NodeHandleBase_::NodeHandleBase_()
                0x0000000008003b3c                ros::NodeHandleBase_::NodeHandleBase_()
 .text._ZN3ros11NodeHandle_I13STM32HardwareLi25ELi25ELi512ELi512EEC2Ev
                0x0000000008003b5c      0x134 ./Core/Src/ros_port.o
                0x0000000008003b5c                ros::NodeHandle_<STM32Hardware, 25, 25, 512, 512>::NodeHandle_()
                0x0000000008003b5c                ros::NodeHandle_<STM32Hardware, 25, 25, 512, 512>::NodeHandle_()
 .text._ZN3ros11Subscriber_C2Ev
                0x0000000008003c90       0x20 ./Core/Src/ros_port.o
                0x0000000008003c90                ros::Subscriber_::Subscriber_()
                0x0000000008003c90                ros::Subscriber_::Subscriber_()
 .text._ZN3ros10SubscriberIN13geometry_msgs5PointEvEC2EPKcPFvRKS2_Ei
                0x0000000008003cb0       0x48 ./Core/Src/ros_port.o
                0x0000000008003cb0                ros::Subscriber<geometry_msgs::Point, void>::Subscriber(char const*, void (*)(geometry_msgs::Point const&), int)
                0x0000000008003cb0                ros::Subscriber<geometry_msgs::Point, void>::Subscriber(char const*, void (*)(geometry_msgs::Point const&), int)
 .text._ZN3ros10SubscriberIN8std_msgs4Int8EvEC2EPKcPFvRKS2_Ei
                0x0000000008003cf8       0x48 ./Core/Src/ros_port.o
                0x0000000008003cf8                ros::Subscriber<std_msgs::Int8, void>::Subscriber(char const*, void (*)(std_msgs::Int8 const&), int)
                0x0000000008003cf8                ros::Subscriber<std_msgs::Int8, void>::Subscriber(char const*, void (*)(std_msgs::Int8 const&), int)
 .text._ZN3ros11NodeHandle_I13STM32HardwareLi25ELi25ELi512ELi512EE8initNodeEv
                0x0000000008003d40       0x52 ./Core/Src/ros_port.o
                0x0000000008003d40                ros::NodeHandle_<STM32Hardware, 25, 25, 512, 512>::initNode()
 .text._ZN3ros11NodeHandle_I13STM32HardwareLi25ELi25ELi512ELi512EE9subscribeINS_10SubscriberIN13geometry_msgs5PointEvEEEEbRT_
                0x0000000008003d92       0x56 ./Core/Src/ros_port.o
                0x0000000008003d92                bool ros::NodeHandle_<STM32Hardware, 25, 25, 512, 512>::subscribe<ros::Subscriber<geometry_msgs::Point, void> >(ros::Subscriber<geometry_msgs::Point, void>&)
 .text._ZN3ros11NodeHandle_I13STM32HardwareLi25ELi25ELi512ELi512EE9subscribeINS_10SubscriberIN8std_msgs4Int8EvEEEEbRT_
                0x0000000008003de8       0x56 ./Core/Src/ros_port.o
                0x0000000008003de8                bool ros::NodeHandle_<STM32Hardware, 25, 25, 512, 512>::subscribe<ros::Subscriber<std_msgs::Int8, void> >(ros::Subscriber<std_msgs::Int8, void>&)
 .text._ZN3ros11NodeHandle_I13STM32HardwareLi25ELi25ELi512ELi512EE9advertiseERNS_9PublisherE
                0x0000000008003e3e       0x60 ./Core/Src/ros_port.o
                0x0000000008003e3e                ros::NodeHandle_<STM32Hardware, 25, 25, 512, 512>::advertise(ros::Publisher&)
 .text._ZN3ros11NodeHandle_I13STM32HardwareLi25ELi25ELi512ELi512EE8spinOnceEv
                0x0000000008003e9e      0x4f0 ./Core/Src/ros_port.o
                0x0000000008003e9e                ros::NodeHandle_<STM32Hardware, 25, 25, 512, 512>::spinOnce()
 .text._ZN3ros11NodeHandle_I13STM32HardwareLi25ELi25ELi512ELi512EE11getHardwareEv
                0x000000000800438e       0x18 ./Core/Src/ros_port.o
                0x000000000800438e                ros::NodeHandle_<STM32Hardware, 25, 25, 512, 512>::getHardware()
 .text._ZN3ros11NodeHandle_I13STM32HardwareLi25ELi25ELi512ELi512EE15requestSyncTimeEv
                0x00000000080043a6       0x3e ./Core/Src/ros_port.o
                0x00000000080043a6                ros::NodeHandle_<STM32Hardware, 25, 25, 512, 512>::requestSyncTime()
 .text._ZN3ros11NodeHandle_I13STM32HardwareLi25ELi25ELi512ELi512EE15negotiateTopicsEv
                0x00000000080043e4      0x1c2 ./Core/Src/ros_port.o
                0x00000000080043e4                ros::NodeHandle_<STM32Hardware, 25, 25, 512, 512>::negotiateTopics()
 *fill*         0x00000000080045a6        0x2 
 .text._ZN3ros11NodeHandle_I13STM32HardwareLi25ELi25ELi512ELi512EE8syncTimeEPh
                0x00000000080045a8       0x9c ./Core/Src/ros_port.o
                0x00000000080045a8                ros::NodeHandle_<STM32Hardware, 25, 25, 512, 512>::syncTime(unsigned char*)
 .text._ZN3ros11NodeHandle_I13STM32HardwareLi25ELi25ELi512ELi512EE7publishEiPKNS_3MsgE
                0x0000000008004644      0x158 ./Core/Src/ros_port.o
                0x0000000008004644                ros::NodeHandle_<STM32Hardware, 25, 25, 512, 512>::publish(int, ros::Msg const*)
 .text._ZN3ros11NodeHandle_I13STM32HardwareLi25ELi25ELi512ELi512EE6setNowERNS_4TimeE
                0x000000000800479c       0x88 ./Core/Src/ros_port.o
                0x000000000800479c                ros::NodeHandle_<STM32Hardware, 25, 25, 512, 512>::setNow(ros::Time&)
 .text._ZN3ros11NodeHandle_I13STM32HardwareLi25ELi25ELi512ELi512EE8logerrorEPKc
                0x0000000008004824       0x1c ./Core/Src/ros_port.o
                0x0000000008004824                ros::NodeHandle_<STM32Hardware, 25, 25, 512, 512>::logerror(char const*)
 .text._ZN3ros11NodeHandle_I13STM32HardwareLi25ELi25ELi512ELi512EE3logEcPKc
                0x0000000008004840       0x38 ./Core/Src/ros_port.o
                0x0000000008004840                ros::NodeHandle_<STM32Hardware, 25, 25, 512, 512>::log(char, char const*)
 .text._Z41__static_initialization_and_destruction_0ii
                0x0000000008004878       0xb0 ./Core/Src/ros_port.o
 .text._ZN3ros10SubscriberIN8std_msgs4Int8EvE8callbackEPh
                0x0000000008004928       0x2a ./Core/Src/ros_port.o
                0x0000000008004928                ros::Subscriber<std_msgs::Int8, void>::callback(unsigned char*)
 .text._ZN3ros10SubscriberIN8std_msgs4Int8EvE15getEndpointTypeEv
                0x0000000008004952       0x18 ./Core/Src/ros_port.o
                0x0000000008004952                ros::Subscriber<std_msgs::Int8, void>::getEndpointType()
 .text._ZN3ros10SubscriberIN8std_msgs4Int8EvE10getMsgTypeEv
                0x000000000800496a       0x1c ./Core/Src/ros_port.o
                0x000000000800496a                ros::Subscriber<std_msgs::Int8, void>::getMsgType()
 .text._ZN3ros10SubscriberIN8std_msgs4Int8EvE9getMsgMD5Ev
                0x0000000008004986       0x1c ./Core/Src/ros_port.o
                0x0000000008004986                ros::Subscriber<std_msgs::Int8, void>::getMsgMD5()
 .text._ZN3ros10SubscriberIN13geometry_msgs5PointEvE8callbackEPh
                0x00000000080049a2       0x2a ./Core/Src/ros_port.o
                0x00000000080049a2                ros::Subscriber<geometry_msgs::Point, void>::callback(unsigned char*)
 .text._ZN3ros10SubscriberIN13geometry_msgs5PointEvE15getEndpointTypeEv
                0x00000000080049cc       0x18 ./Core/Src/ros_port.o
                0x00000000080049cc                ros::Subscriber<geometry_msgs::Point, void>::getEndpointType()
 .text._ZN3ros10SubscriberIN13geometry_msgs5PointEvE10getMsgTypeEv
                0x00000000080049e4       0x1c ./Core/Src/ros_port.o
                0x00000000080049e4                ros::Subscriber<geometry_msgs::Point, void>::getMsgType()
 .text._ZN3ros10SubscriberIN13geometry_msgs5PointEvE9getMsgMD5Ev
                0x0000000008004a00       0x1c ./Core/Src/ros_port.o
                0x0000000008004a00                ros::Subscriber<geometry_msgs::Point, void>::getMsgMD5()
 .text._ZN3ros11NodeHandle_I13STM32HardwareLi25ELi25ELi512ELi512EE9connectedEv
                0x0000000008004a1c       0x1e ./Core/Src/ros_port.o
                0x0000000008004a1c                ros::NodeHandle_<STM32Hardware, 25, 25, 512, 512>::connected()
 .text._GLOBAL__sub_I_flag
                0x0000000008004a3a       0x10 ./Core/Src/ros_port.o
 *fill*         0x0000000008004a4a        0x6 
 .text._Z7shooterv
                0x0000000008004a50      0x3d0 ./Core/Src/shooter.o
                0x0000000008004a50                shooter()
 .text._Z12shooter_basev
                0x0000000008004e20      0x560 ./Core/Src/shooter_base.o
                0x0000000008004e20                shooter_base()
 .text._Z5Resetv
                0x0000000008005380      0x194 ./Core/Src/shooter_base.o
                0x0000000008005380                Reset()
 .text._Z10base_limitv
                0x0000000008005514       0xb0 ./Core/Src/shooter_base.o
                0x0000000008005514                base_limit()
 .text.HAL_MspInit
                0x00000000080055c4       0x50 ./Core/Src/stm32f4xx_hal_msp.o
                0x00000000080055c4                HAL_MspInit
 .text.HAL_TIM_Encoder_MspInit
                0x0000000008005614      0x16c ./Core/Src/stm32f4xx_hal_msp.o
                0x0000000008005614                HAL_TIM_Encoder_MspInit
 .text.HAL_TIM_PWM_MspInit
                0x0000000008005780       0xb8 ./Core/Src/stm32f4xx_hal_msp.o
                0x0000000008005780                HAL_TIM_PWM_MspInit
 .text.HAL_TIM_Base_MspInit
                0x0000000008005838       0x50 ./Core/Src/stm32f4xx_hal_msp.o
                0x0000000008005838                HAL_TIM_Base_MspInit
 .text.HAL_TIM_MspPostInit
                0x0000000008005888      0x110 ./Core/Src/stm32f4xx_hal_msp.o
                0x0000000008005888                HAL_TIM_MspPostInit
 .text.HAL_UART_MspInit
                0x0000000008005998      0x170 ./Core/Src/stm32f4xx_hal_msp.o
                0x0000000008005998                HAL_UART_MspInit
 .text.HAL_UART_MspDeInit
                0x0000000008005b08       0x54 ./Core/Src/stm32f4xx_hal_msp.o
                0x0000000008005b08                HAL_UART_MspDeInit
 .text.NMI_Handler
                0x0000000008005b5c        0x6 ./Core/Src/stm32f4xx_it.o
                0x0000000008005b5c                NMI_Handler
 .text.HardFault_Handler
                0x0000000008005b62        0x6 ./Core/Src/stm32f4xx_it.o
                0x0000000008005b62                HardFault_Handler
 .text.MemManage_Handler
                0x0000000008005b68        0x6 ./Core/Src/stm32f4xx_it.o
                0x0000000008005b68                MemManage_Handler
 .text.BusFault_Handler
                0x0000000008005b6e        0x6 ./Core/Src/stm32f4xx_it.o
                0x0000000008005b6e                BusFault_Handler
 .text.UsageFault_Handler
                0x0000000008005b74        0x6 ./Core/Src/stm32f4xx_it.o
                0x0000000008005b74                UsageFault_Handler
 .text.SVC_Handler
                0x0000000008005b7a        0xe ./Core/Src/stm32f4xx_it.o
                0x0000000008005b7a                SVC_Handler
 .text.DebugMon_Handler
                0x0000000008005b88        0xe ./Core/Src/stm32f4xx_it.o
                0x0000000008005b88                DebugMon_Handler
 .text.PendSV_Handler
                0x0000000008005b96        0xe ./Core/Src/stm32f4xx_it.o
                0x0000000008005b96                PendSV_Handler
 .text.SysTick_Handler
                0x0000000008005ba4        0xc ./Core/Src/stm32f4xx_it.o
                0x0000000008005ba4                SysTick_Handler
 .text.DMA1_Stream5_IRQHandler
                0x0000000008005bb0       0x14 ./Core/Src/stm32f4xx_it.o
                0x0000000008005bb0                DMA1_Stream5_IRQHandler
 .text.DMA1_Stream6_IRQHandler
                0x0000000008005bc4       0x14 ./Core/Src/stm32f4xx_it.o
                0x0000000008005bc4                DMA1_Stream6_IRQHandler
 .text.TIM1_BRK_TIM9_IRQHandler
                0x0000000008005bd8       0x14 ./Core/Src/stm32f4xx_it.o
                0x0000000008005bd8                TIM1_BRK_TIM9_IRQHandler
 .text.USART2_IRQHandler
                0x0000000008005bec       0x14 ./Core/Src/stm32f4xx_it.o
                0x0000000008005bec                USART2_IRQHandler
 .text.TIM8_BRK_TIM12_IRQHandler
                0x0000000008005c00       0x1c ./Core/Src/stm32f4xx_it.o
                0x0000000008005c00                TIM8_BRK_TIM12_IRQHandler
 .text.TIM5_IRQHandler
                0x0000000008005c1c       0x14 ./Core/Src/stm32f4xx_it.o
                0x0000000008005c1c                TIM5_IRQHandler
 .text._sbrk    0x0000000008005c30       0x6c ./Core/Src/sysmem.o
                0x0000000008005c30                _sbrk
 .text.SystemInit
                0x0000000008005c9c       0x24 ./Core/Src/system_stm32f4xx.o
                0x0000000008005c9c                SystemInit
 .text.Reset_Handler
                0x0000000008005cc0       0x50 ./Core/Startup/startup_stm32f446retx.o
                0x0000000008005cc0                Reset_Handler
 .text.Default_Handler
                0x0000000008005d10        0x2 ./Core/Startup/startup_stm32f446retx.o
                0x0000000008005d10                RTC_Alarm_IRQHandler
                0x0000000008005d10                EXTI2_IRQHandler
                0x0000000008005d10                TIM8_CC_IRQHandler
                0x0000000008005d10                FMPI2C1_EV_IRQHandler
                0x0000000008005d10                SPI4_IRQHandler
                0x0000000008005d10                TIM1_CC_IRQHandler
                0x0000000008005d10                DMA2_Stream5_IRQHandler
                0x0000000008005d10                PVD_IRQHandler
                0x0000000008005d10                SDIO_IRQHandler
                0x0000000008005d10                TAMP_STAMP_IRQHandler
                0x0000000008005d10                CAN2_RX1_IRQHandler
                0x0000000008005d10                EXTI3_IRQHandler
                0x0000000008005d10                TIM8_TRG_COM_TIM14_IRQHandler
                0x0000000008005d10                TIM1_UP_TIM10_IRQHandler
                0x0000000008005d10                TIM8_UP_TIM13_IRQHandler
                0x0000000008005d10                I2C3_ER_IRQHandler
                0x0000000008005d10                EXTI0_IRQHandler
                0x0000000008005d10                I2C2_EV_IRQHandler
                0x0000000008005d10                DMA1_Stream2_IRQHandler
                0x0000000008005d10                CAN1_RX0_IRQHandler
                0x0000000008005d10                FPU_IRQHandler
                0x0000000008005d10                OTG_HS_WKUP_IRQHandler
                0x0000000008005d10                CAN2_SCE_IRQHandler
                0x0000000008005d10                DMA2_Stream2_IRQHandler
                0x0000000008005d10                SPI1_IRQHandler
                0x0000000008005d10                TIM6_DAC_IRQHandler
                0x0000000008005d10                DCMI_IRQHandler
                0x0000000008005d10                CAN2_RX0_IRQHandler
                0x0000000008005d10                DMA2_Stream3_IRQHandler
                0x0000000008005d10                SAI2_IRQHandler
                0x0000000008005d10                USART6_IRQHandler
                0x0000000008005d10                USART3_IRQHandler
                0x0000000008005d10                CAN1_RX1_IRQHandler
                0x0000000008005d10                UART5_IRQHandler
                0x0000000008005d10                DMA2_Stream0_IRQHandler
                0x0000000008005d10                TIM4_IRQHandler
                0x0000000008005d10                QUADSPI_IRQHandler
                0x0000000008005d10                I2C1_EV_IRQHandler
                0x0000000008005d10                DMA1_Stream1_IRQHandler
                0x0000000008005d10                UART4_IRQHandler
                0x0000000008005d10                TIM3_IRQHandler
                0x0000000008005d10                RCC_IRQHandler
                0x0000000008005d10                Default_Handler
                0x0000000008005d10                CEC_IRQHandler
                0x0000000008005d10                EXTI15_10_IRQHandler
                0x0000000008005d10                ADC_IRQHandler
                0x0000000008005d10                DMA1_Stream7_IRQHandler
                0x0000000008005d10                TIM7_IRQHandler
                0x0000000008005d10                CAN2_TX_IRQHandler
                0x0000000008005d10                DMA2_Stream7_IRQHandler
                0x0000000008005d10                I2C3_EV_IRQHandler
                0x0000000008005d10                EXTI9_5_IRQHandler
                0x0000000008005d10                RTC_WKUP_IRQHandler
                0x0000000008005d10                SPDIF_RX_IRQHandler
                0x0000000008005d10                SPI2_IRQHandler
                0x0000000008005d10                OTG_HS_EP1_IN_IRQHandler
                0x0000000008005d10                DMA1_Stream0_IRQHandler
                0x0000000008005d10                CAN1_TX_IRQHandler
                0x0000000008005d10                FMPI2C1_ER_IRQHandler
                0x0000000008005d10                EXTI4_IRQHandler
                0x0000000008005d10                OTG_HS_EP1_OUT_IRQHandler
                0x0000000008005d10                WWDG_IRQHandler
                0x0000000008005d10                TIM2_IRQHandler
                0x0000000008005d10                OTG_FS_WKUP_IRQHandler
                0x0000000008005d10                TIM1_TRG_COM_TIM11_IRQHandler
                0x0000000008005d10                OTG_HS_IRQHandler
                0x0000000008005d10                EXTI1_IRQHandler
                0x0000000008005d10                I2C2_ER_IRQHandler
                0x0000000008005d10                DMA2_Stream1_IRQHandler
                0x0000000008005d10                CAN1_SCE_IRQHandler
                0x0000000008005d10                FLASH_IRQHandler
                0x0000000008005d10                DMA2_Stream4_IRQHandler
                0x0000000008005d10                USART1_IRQHandler
                0x0000000008005d10                OTG_FS_IRQHandler
                0x0000000008005d10                SPI3_IRQHandler
                0x0000000008005d10                DMA1_Stream4_IRQHandler
                0x0000000008005d10                I2C1_ER_IRQHandler
                0x0000000008005d10                FMC_IRQHandler
                0x0000000008005d10                DMA2_Stream6_IRQHandler
                0x0000000008005d10                SAI1_IRQHandler
                0x0000000008005d10                DMA1_Stream3_IRQHandler
 *fill*         0x0000000008005d12        0x2 
 .text.HAL_Init
                0x0000000008005d14       0x44 ./Drivers/STM32F4xx_HAL_Driver/Src/stm32f4xx_hal.o
                0x0000000008005d14                HAL_Init
 .text.HAL_InitTick
                0x0000000008005d58       0x60 ./Drivers/STM32F4xx_HAL_Driver/Src/stm32f4xx_hal.o
                0x0000000008005d58                HAL_InitTick
 .text.HAL_IncTick
                0x0000000008005db8       0x28 ./Drivers/STM32F4xx_HAL_Driver/Src/stm32f4xx_hal.o
                0x0000000008005db8                HAL_IncTick
 .text.HAL_GetTick
                0x0000000008005de0       0x18 ./Drivers/STM32F4xx_HAL_Driver/Src/stm32f4xx_hal.o
                0x0000000008005de0                HAL_GetTick
 .text.__NVIC_SetPriorityGrouping
                0x0000000008005df8       0x48 ./Drivers/STM32F4xx_HAL_Driver/Src/stm32f4xx_hal_cortex.o
 .text.__NVIC_GetPriorityGrouping
                0x0000000008005e40       0x1c ./Drivers/STM32F4xx_HAL_Driver/Src/stm32f4xx_hal_cortex.o
 .text.__NVIC_EnableIRQ
                0x0000000008005e5c       0x3c ./Drivers/STM32F4xx_HAL_Driver/Src/stm32f4xx_hal_cortex.o
 .text.__NVIC_DisableIRQ
                0x0000000008005e98       0x48 ./Drivers/STM32F4xx_HAL_Driver/Src/stm32f4xx_hal_cortex.o
 .text.__NVIC_SetPriority
                0x0000000008005ee0       0x54 ./Drivers/STM32F4xx_HAL_Driver/Src/stm32f4xx_hal_cortex.o
 .text.NVIC_EncodePriority
                0x0000000008005f34       0x66 ./Drivers/STM32F4xx_HAL_Driver/Src/stm32f4xx_hal_cortex.o
 *fill*         0x0000000008005f9a        0x2 
 .text.SysTick_Config
                0x0000000008005f9c       0x44 ./Drivers/STM32F4xx_HAL_Driver/Src/stm32f4xx_hal_cortex.o
 .text.HAL_NVIC_SetPriorityGrouping
                0x0000000008005fe0       0x16 ./Drivers/STM32F4xx_HAL_Driver/Src/stm32f4xx_hal_cortex.o
                0x0000000008005fe0                HAL_NVIC_SetPriorityGrouping
 .text.HAL_NVIC_SetPriority
                0x0000000008005ff6       0x38 ./Drivers/STM32F4xx_HAL_Driver/Src/stm32f4xx_hal_cortex.o
                0x0000000008005ff6                HAL_NVIC_SetPriority
 .text.HAL_NVIC_EnableIRQ
                0x000000000800602e       0x1c ./Drivers/STM32F4xx_HAL_Driver/Src/stm32f4xx_hal_cortex.o
                0x000000000800602e                HAL_NVIC_EnableIRQ
 .text.HAL_NVIC_DisableIRQ
                0x000000000800604a       0x1c ./Drivers/STM32F4xx_HAL_Driver/Src/stm32f4xx_hal_cortex.o
                0x000000000800604a                HAL_NVIC_DisableIRQ
 .text.HAL_SYSTICK_Config
                0x0000000008006066       0x18 ./Drivers/STM32F4xx_HAL_Driver/Src/stm32f4xx_hal_cortex.o
                0x0000000008006066                HAL_SYSTICK_Config
 *fill*         0x000000000800607e        0x2 
 .text.HAL_DMA_Init
                0x0000000008006080      0x15c ./Drivers/STM32F4xx_HAL_Driver/Src/stm32f4xx_hal_dma.o
                0x0000000008006080                HAL_DMA_Init
 .text.HAL_DMA_DeInit
                0x00000000080061dc       0xbc ./Drivers/STM32F4xx_HAL_Driver/Src/stm32f4xx_hal_dma.o
                0x00000000080061dc                HAL_DMA_DeInit
 .text.HAL_DMA_Start_IT
                0x0000000008006298       0xb0 ./Drivers/STM32F4xx_HAL_Driver/Src/stm32f4xx_hal_dma.o
                0x0000000008006298                HAL_DMA_Start_IT
 .text.HAL_DMA_Abort
                0x0000000008006348       0xe0 ./Drivers/STM32F4xx_HAL_Driver/Src/stm32f4xx_hal_dma.o
                0x0000000008006348                HAL_DMA_Abort
 .text.HAL_DMA_Abort_IT
                0x0000000008006428       0x44 ./Drivers/STM32F4xx_HAL_Driver/Src/stm32f4xx_hal_dma.o
                0x0000000008006428                HAL_DMA_Abort_IT
 .text.HAL_DMA_IRQHandler
                0x000000000800646c      0x314 ./Drivers/STM32F4xx_HAL_Driver/Src/stm32f4xx_hal_dma.o
                0x000000000800646c                HAL_DMA_IRQHandler
 .text.DMA_SetConfig
                0x0000000008006780       0x5c ./Drivers/STM32F4xx_HAL_Driver/Src/stm32f4xx_hal_dma.o
 .text.DMA_CalcBaseAndBitshift
                0x00000000080067dc       0x6c ./Drivers/STM32F4xx_HAL_Driver/Src/stm32f4xx_hal_dma.o
 .text.DMA_CheckFifoParam
                0x0000000008006848       0xf8 ./Drivers/STM32F4xx_HAL_Driver/Src/stm32f4xx_hal_dma.o
 .text.HAL_GPIO_Init
                0x0000000008006940      0x328 ./Drivers/STM32F4xx_HAL_Driver/Src/stm32f4xx_hal_gpio.o
                0x0000000008006940                HAL_GPIO_Init
 .text.HAL_GPIO_DeInit
                0x0000000008006c68      0x1e8 ./Drivers/STM32F4xx_HAL_Driver/Src/stm32f4xx_hal_gpio.o
                0x0000000008006c68                HAL_GPIO_DeInit
 .text.HAL_GPIO_ReadPin
                0x0000000008006e50       0x30 ./Drivers/STM32F4xx_HAL_Driver/Src/stm32f4xx_hal_gpio.o
                0x0000000008006e50                HAL_GPIO_ReadPin
 .text.HAL_GPIO_WritePin
                0x0000000008006e80       0x32 ./Drivers/STM32F4xx_HAL_Driver/Src/stm32f4xx_hal_gpio.o
                0x0000000008006e80                HAL_GPIO_WritePin
 *fill*         0x0000000008006eb2        0x2 
 .text.HAL_RCC_ClockConfig
                0x0000000008006eb4      0x1cc ./Drivers/STM32F4xx_HAL_Driver/Src/stm32f4xx_hal_rcc.o
                0x0000000008006eb4                HAL_RCC_ClockConfig
 .text.HAL_RCC_GetHCLKFreq
                0x0000000008007080       0x18 ./Drivers/STM32F4xx_HAL_Driver/Src/stm32f4xx_hal_rcc.o
                0x0000000008007080                HAL_RCC_GetHCLKFreq
 .text.HAL_RCC_GetPCLK1Freq
                0x0000000008007098       0x28 ./Drivers/STM32F4xx_HAL_Driver/Src/stm32f4xx_hal_rcc.o
                0x0000000008007098                HAL_RCC_GetPCLK1Freq
 .text.HAL_RCC_GetPCLK2Freq
                0x00000000080070c0       0x28 ./Drivers/STM32F4xx_HAL_Driver/Src/stm32f4xx_hal_rcc.o
                0x00000000080070c0                HAL_RCC_GetPCLK2Freq
 .text.HAL_RCC_GetSysClockFreq
                0x00000000080070e8      0x460 ./Drivers/STM32F4xx_HAL_Driver/Src/stm32f4xx_hal_rcc_ex.o
                0x00000000080070e8                HAL_RCC_GetSysClockFreq
 .text.HAL_RCC_OscConfig
                0x0000000008007548      0x53c ./Drivers/STM32F4xx_HAL_Driver/Src/stm32f4xx_hal_rcc_ex.o
                0x0000000008007548                HAL_RCC_OscConfig
 .text.HAL_TIM_Base_Init
                0x0000000008007a84       0x9e ./Drivers/STM32F4xx_HAL_Driver/Src/stm32f4xx_hal_tim.o
                0x0000000008007a84                HAL_TIM_Base_Init
 *fill*         0x0000000008007b22        0x2 
 .text.HAL_TIM_Base_Start_IT
                0x0000000008007b24       0xe0 ./Drivers/STM32F4xx_HAL_Driver/Src/stm32f4xx_hal_tim.o
                0x0000000008007b24                HAL_TIM_Base_Start_IT
 .text.HAL_TIM_PWM_Init
                0x0000000008007c04       0x9e ./Drivers/STM32F4xx_HAL_Driver/Src/stm32f4xx_hal_tim.o
                0x0000000008007c04                HAL_TIM_PWM_Init
 *fill*         0x0000000008007ca2        0x2 
 .text.HAL_TIM_PWM_Start
                0x0000000008007ca4      0x190 ./Drivers/STM32F4xx_HAL_Driver/Src/stm32f4xx_hal_tim.o
                0x0000000008007ca4                HAL_TIM_PWM_Start
 .text.HAL_TIM_Encoder_Init
                0x0000000008007e34      0x14c ./Drivers/STM32F4xx_HAL_Driver/Src/stm32f4xx_hal_tim.o
                0x0000000008007e34                HAL_TIM_Encoder_Init
 .text.HAL_TIM_Encoder_Start
                0x0000000008007f80      0x11c ./Drivers/STM32F4xx_HAL_Driver/Src/stm32f4xx_hal_tim.o
                0x0000000008007f80                HAL_TIM_Encoder_Start
 .text.HAL_TIM_IRQHandler
                0x000000000800809c      0x210 ./Drivers/STM32F4xx_HAL_Driver/Src/stm32f4xx_hal_tim.o
                0x000000000800809c                HAL_TIM_IRQHandler
 .text.HAL_TIM_PWM_ConfigChannel
                0x00000000080082ac      0x184 ./Drivers/STM32F4xx_HAL_Driver/Src/stm32f4xx_hal_tim.o
                0x00000000080082ac                HAL_TIM_PWM_ConfigChannel
 .text.HAL_TIM_ConfigClockSource
                0x0000000008008430      0x18e ./Drivers/STM32F4xx_HAL_Driver/Src/stm32f4xx_hal_tim.o
                0x0000000008008430                HAL_TIM_ConfigClockSource
 .text.HAL_TIM_OC_DelayElapsedCallback
                0x00000000080085be       0x14 ./Drivers/STM32F4xx_HAL_Driver/Src/stm32f4xx_hal_tim.o
                0x00000000080085be                HAL_TIM_OC_DelayElapsedCallback
 .text.HAL_TIM_IC_CaptureCallback
                0x00000000080085d2       0x14 ./Drivers/STM32F4xx_HAL_Driver/Src/stm32f4xx_hal_tim.o
                0x00000000080085d2                HAL_TIM_IC_CaptureCallback
 .text.HAL_TIM_PWM_PulseFinishedCallback
                0x00000000080085e6       0x14 ./Drivers/STM32F4xx_HAL_Driver/Src/stm32f4xx_hal_tim.o
                0x00000000080085e6                HAL_TIM_PWM_PulseFinishedCallback
 .text.HAL_TIM_TriggerCallback
                0x00000000080085fa       0x14 ./Drivers/STM32F4xx_HAL_Driver/Src/stm32f4xx_hal_tim.o
                0x00000000080085fa                HAL_TIM_TriggerCallback
 *fill*         0x000000000800860e        0x2 
 .text.TIM_Base_SetConfig
                0x0000000008008610      0x140 ./Drivers/STM32F4xx_HAL_Driver/Src/stm32f4xx_hal_tim.o
                0x0000000008008610                TIM_Base_SetConfig
 .text.TIM_OC1_SetConfig
                0x0000000008008750       0xe0 ./Drivers/STM32F4xx_HAL_Driver/Src/stm32f4xx_hal_tim.o
 .text.TIM_OC2_SetConfig
                0x0000000008008830       0xec ./Drivers/STM32F4xx_HAL_Driver/Src/stm32f4xx_hal_tim.o
                0x0000000008008830                TIM_OC2_SetConfig
 .text.TIM_OC3_SetConfig
                0x000000000800891c       0xe8 ./Drivers/STM32F4xx_HAL_Driver/Src/stm32f4xx_hal_tim.o
 .text.TIM_OC4_SetConfig
                0x0000000008008a04       0xac ./Drivers/STM32F4xx_HAL_Driver/Src/stm32f4xx_hal_tim.o
 .text.TIM_TI1_ConfigInputStage
                0x0000000008008ab0       0x5e ./Drivers/STM32F4xx_HAL_Driver/Src/stm32f4xx_hal_tim.o
 .text.TIM_TI2_ConfigInputStage
                0x0000000008008b0e       0x60 ./Drivers/STM32F4xx_HAL_Driver/Src/stm32f4xx_hal_tim.o
 .text.TIM_ITRx_SetConfig
                0x0000000008008b6e       0x36 ./Drivers/STM32F4xx_HAL_Driver/Src/stm32f4xx_hal_tim.o
 .text.TIM_ETR_SetConfig
                0x0000000008008ba4       0x40 ./Drivers/STM32F4xx_HAL_Driver/Src/stm32f4xx_hal_tim.o
                0x0000000008008ba4                TIM_ETR_SetConfig
 .text.TIM_CCxChannelCmd
                0x0000000008008be4       0x4a ./Drivers/STM32F4xx_HAL_Driver/Src/stm32f4xx_hal_tim.o
                0x0000000008008be4                TIM_CCxChannelCmd
 *fill*         0x0000000008008c2e        0x2 
 .text.HAL_TIMEx_MasterConfigSynchronization
                0x0000000008008c30       0xf8 ./Drivers/STM32F4xx_HAL_Driver/Src/stm32f4xx_hal_tim_ex.o
                0x0000000008008c30                HAL_TIMEx_MasterConfigSynchronization
 .text.HAL_TIMEx_ConfigBreakDeadTime
                0x0000000008008d28       0xa4 ./Drivers/STM32F4xx_HAL_Driver/Src/stm32f4xx_hal_tim_ex.o
                0x0000000008008d28                HAL_TIMEx_ConfigBreakDeadTime
 .text.HAL_TIMEx_CommutCallback
                0x0000000008008dcc       0x14 ./Drivers/STM32F4xx_HAL_Driver/Src/stm32f4xx_hal_tim_ex.o
                0x0000000008008dcc                HAL_TIMEx_CommutCallback
 .text.HAL_TIMEx_BreakCallback
                0x0000000008008de0       0x14 ./Drivers/STM32F4xx_HAL_Driver/Src/stm32f4xx_hal_tim_ex.o
                0x0000000008008de0                HAL_TIMEx_BreakCallback
 .text.HAL_UART_Init
                0x0000000008008df4       0x9a ./Drivers/STM32F4xx_HAL_Driver/Src/stm32f4xx_hal_uart.o
                0x0000000008008df4                HAL_UART_Init
 .text.HAL_UART_DeInit
                0x0000000008008e8e       0x5e ./Drivers/STM32F4xx_HAL_Driver/Src/stm32f4xx_hal_uart.o
                0x0000000008008e8e                HAL_UART_DeInit
 .text.HAL_UART_Transmit_DMA
                0x0000000008008eec       0xfc ./Drivers/STM32F4xx_HAL_Driver/Src/stm32f4xx_hal_uart.o
                0x0000000008008eec                HAL_UART_Transmit_DMA
 .text.HAL_UART_Receive_DMA
                0x0000000008008fe8       0x60 ./Drivers/STM32F4xx_HAL_Driver/Src/stm32f4xx_hal_uart.o
                0x0000000008008fe8                HAL_UART_Receive_DMA
 .text.HAL_UART_IRQHandler
                0x0000000008009048      0x51c ./Drivers/STM32F4xx_HAL_Driver/Src/stm32f4xx_hal_uart.o
                0x0000000008009048                HAL_UART_IRQHandler
 .text.HAL_UART_TxHalfCpltCallback
                0x0000000008009564       0x14 ./Drivers/STM32F4xx_HAL_Driver/Src/stm32f4xx_hal_uart.o
                0x0000000008009564                HAL_UART_TxHalfCpltCallback
 .text.HAL_UART_RxCpltCallback
                0x0000000008009578       0x14 ./Drivers/STM32F4xx_HAL_Driver/Src/stm32f4xx_hal_uart.o
                0x0000000008009578                HAL_UART_RxCpltCallback
 .text.HAL_UART_RxHalfCpltCallback
                0x000000000800958c       0x14 ./Drivers/STM32F4xx_HAL_Driver/Src/stm32f4xx_hal_uart.o
                0x000000000800958c                HAL_UART_RxHalfCpltCallback
 .text.HAL_UARTEx_RxEventCallback
                0x00000000080095a0       0x18 ./Drivers/STM32F4xx_HAL_Driver/Src/stm32f4xx_hal_uart.o
                0x00000000080095a0                HAL_UARTEx_RxEventCallback
 .text.UART_DMATransmitCplt
                0x00000000080095b8       0x9a ./Drivers/STM32F4xx_HAL_Driver/Src/stm32f4xx_hal_uart.o
 .text.UART_DMATxHalfCplt
                0x0000000008009652       0x1c ./Drivers/STM32F4xx_HAL_Driver/Src/stm32f4xx_hal_uart.o
 .text.UART_DMAReceiveCplt
                0x000000000800966e      0x126 ./Drivers/STM32F4xx_HAL_Driver/Src/stm32f4xx_hal_uart.o
 .text.UART_DMARxHalfCplt
                0x0000000008009794       0x36 ./Drivers/STM32F4xx_HAL_Driver/Src/stm32f4xx_hal_uart.o
 .text.UART_DMAError
                0x00000000080097ca       0x94 ./Drivers/STM32F4xx_HAL_Driver/Src/stm32f4xx_hal_uart.o
 *fill*         0x000000000800985e        0x2 
 .text.UART_Start_Receive_DMA
                0x0000000008009860      0x13c ./Drivers/STM32F4xx_HAL_Driver/Src/stm32f4xx_hal_uart.o
                0x0000000008009860                UART_Start_Receive_DMA
 .text.UART_EndTxTransfer
                0x000000000800999c       0x50 ./Drivers/STM32F4xx_HAL_Driver/Src/stm32f4xx_hal_uart.o
 .text.UART_EndRxTransfer
                0x00000000080099ec       0xc6 ./Drivers/STM32F4xx_HAL_Driver/Src/stm32f4xx_hal_uart.o
 .text.UART_DMAAbortOnError
                0x0000000008009ab2       0x28 ./Drivers/STM32F4xx_HAL_Driver/Src/stm32f4xx_hal_uart.o
 .text.UART_Transmit_IT
                0x0000000008009ada       0xa0 ./Drivers/STM32F4xx_HAL_Driver/Src/stm32f4xx_hal_uart.o
 .text.UART_EndTransmit_IT
                0x0000000008009b7a       0x30 ./Drivers/STM32F4xx_HAL_Driver/Src/stm32f4xx_hal_uart.o
 .text.UART_Receive_IT
                0x0000000008009baa      0x176 ./Drivers/STM32F4xx_HAL_Driver/Src/stm32f4xx_hal_uart.o
 .text.UART_SetConfig
                0x0000000008009d20      0x4e8 ./Drivers/STM32F4xx_HAL_Driver/Src/stm32f4xx_hal_uart.o
 .text.realloc  0x000000000800a208       0x10 C:/ST/STM32CubeIDE_1.10.1/STM32CubeIDE/plugins/com.st.stm32cube.ide.mcu.externaltools.gnu-tools-for-stm32.11.3.rel1.win32_1.1.0.202305231506/tools/bin/../lib/gcc/arm-none-eabi/11.3.1/../../../../arm-none-eabi/lib/thumb/v7e-m+fp/hard\libc_nano.a(libc_a-realloc.o)
                0x000000000800a208                realloc
 .text._realloc_r
                0x000000000800a218       0x5e C:/ST/STM32CubeIDE_1.10.1/STM32CubeIDE/plugins/com.st.stm32cube.ide.mcu.externaltools.gnu-tools-for-stm32.11.3.rel1.win32_1.1.0.202305231506/tools/bin/../lib/gcc/arm-none-eabi/11.3.1/../../../../arm-none-eabi/lib/thumb/v7e-m+fp/hard\libc_nano.a(libc_a-reallocr.o)
                0x000000000800a218                _realloc_r
 .text.memset   0x000000000800a276       0x10 C:/ST/STM32CubeIDE_1.10.1/STM32CubeIDE/plugins/com.st.stm32cube.ide.mcu.externaltools.gnu-tools-for-stm32.11.3.rel1.win32_1.1.0.202305231506/tools/bin/../lib/gcc/arm-none-eabi/11.3.1/../../../../arm-none-eabi/lib/thumb/v7e-m+fp/hard\libc_nano.a(libc_a-memset.o)
                0x000000000800a276                memset
 *fill*         0x000000000800a286        0x2 
 .text.__errno  0x000000000800a288        0xc C:/ST/STM32CubeIDE_1.10.1/STM32CubeIDE/plugins/com.st.stm32cube.ide.mcu.externaltools.gnu-tools-for-stm32.11.3.rel1.win32_1.1.0.202305231506/tools/bin/../lib/gcc/arm-none-eabi/11.3.1/../../../../arm-none-eabi/lib/thumb/v7e-m+fp/hard\libc_nano.a(libc_a-errno.o)
                0x000000000800a288                __errno
 .text.__libc_init_array
                0x000000000800a294       0x48 C:/ST/STM32CubeIDE_1.10.1/STM32CubeIDE/plugins/com.st.stm32cube.ide.mcu.externaltools.gnu-tools-for-stm32.11.3.rel1.win32_1.1.0.202305231506/tools/bin/../lib/gcc/arm-none-eabi/11.3.1/../../../../arm-none-eabi/lib/thumb/v7e-m+fp/hard\libc_nano.a(libc_a-init.o)
                0x000000000800a294                __libc_init_array
 .text.__retarget_lock_acquire_recursive
                0x000000000800a2dc        0x2 C:/ST/STM32CubeIDE_1.10.1/STM32CubeIDE/plugins/com.st.stm32cube.ide.mcu.externaltools.gnu-tools-for-stm32.11.3.rel1.win32_1.1.0.202305231506/tools/bin/../lib/gcc/arm-none-eabi/11.3.1/../../../../arm-none-eabi/lib/thumb/v7e-m+fp/hard\libc_nano.a(libc_a-lock.o)
                0x000000000800a2dc                __retarget_lock_acquire_recursive
 .text.__retarget_lock_release_recursive
                0x000000000800a2de        0x2 C:/ST/STM32CubeIDE_1.10.1/STM32CubeIDE/plugins/com.st.stm32cube.ide.mcu.externaltools.gnu-tools-for-stm32.11.3.rel1.win32_1.1.0.202305231506/tools/bin/../lib/gcc/arm-none-eabi/11.3.1/../../../../arm-none-eabi/lib/thumb/v7e-m+fp/hard\libc_nano.a(libc_a-lock.o)
                0x000000000800a2de                __retarget_lock_release_recursive
 .text.memcpy   0x000000000800a2e0       0x1c C:/ST/STM32CubeIDE_1.10.1/STM32CubeIDE/plugins/com.st.stm32cube.ide.mcu.externaltools.gnu-tools-for-stm32.11.3.rel1.win32_1.1.0.202305231506/tools/bin/../lib/gcc/arm-none-eabi/11.3.1/../../../../arm-none-eabi/lib/thumb/v7e-m+fp/hard\libc_nano.a(libc_a-memcpy-stub.o)
                0x000000000800a2e0                memcpy
 .text._free_r  0x000000000800a2fc       0x98 C:/ST/STM32CubeIDE_1.10.1/STM32CubeIDE/plugins/com.st.stm32cube.ide.mcu.externaltools.gnu-tools-for-stm32.11.3.rel1.win32_1.1.0.202305231506/tools/bin/../lib/gcc/arm-none-eabi/11.3.1/../../../../arm-none-eabi/lib/thumb/v7e-m+fp/hard\libc_nano.a(libc_a-freer.o)
                0x000000000800a2fc                _free_r
 .text.sbrk_aligned
                0x000000000800a394       0x40 C:/ST/STM32CubeIDE_1.10.1/STM32CubeIDE/plugins/com.st.stm32cube.ide.mcu.externaltools.gnu-tools-for-stm32.11.3.rel1.win32_1.1.0.202305231506/tools/bin/../lib/gcc/arm-none-eabi/11.3.1/../../../../arm-none-eabi/lib/thumb/v7e-m+fp/hard\libc_nano.a(libc_a-mallocr.o)
 .text._malloc_r
                0x000000000800a3d4      0x100 C:/ST/STM32CubeIDE_1.10.1/STM32CubeIDE/plugins/com.st.stm32cube.ide.mcu.externaltools.gnu-tools-for-stm32.11.3.rel1.win32_1.1.0.202305231506/tools/bin/../lib/gcc/arm-none-eabi/11.3.1/../../../../arm-none-eabi/lib/thumb/v7e-m+fp/hard\libc_nano.a(libc_a-mallocr.o)
                0x000000000800a3d4                _malloc_r
 .text.__malloc_lock
                0x000000000800a4d4        0xc C:/ST/STM32CubeIDE_1.10.1/STM32CubeIDE/plugins/com.st.stm32cube.ide.mcu.externaltools.gnu-tools-for-stm32.11.3.rel1.win32_1.1.0.202305231506/tools/bin/../lib/gcc/arm-none-eabi/11.3.1/../../../../arm-none-eabi/lib/thumb/v7e-m+fp/hard\libc_nano.a(libc_a-mlock.o)
                0x000000000800a4d4                __malloc_lock
 .text.__malloc_unlock
                0x000000000800a4e0        0xc C:/ST/STM32CubeIDE_1.10.1/STM32CubeIDE/plugins/com.st.stm32cube.ide.mcu.externaltools.gnu-tools-for-stm32.11.3.rel1.win32_1.1.0.202305231506/tools/bin/../lib/gcc/arm-none-eabi/11.3.1/../../../../arm-none-eabi/lib/thumb/v7e-m+fp/hard\libc_nano.a(libc_a-mlock.o)
                0x000000000800a4e0                __malloc_unlock
 .text._malloc_usable_size_r
                0x000000000800a4ec       0x10 C:/ST/STM32CubeIDE_1.10.1/STM32CubeIDE/plugins/com.st.stm32cube.ide.mcu.externaltools.gnu-tools-for-stm32.11.3.rel1.win32_1.1.0.202305231506/tools/bin/../lib/gcc/arm-none-eabi/11.3.1/../../../../arm-none-eabi/lib/thumb/v7e-m+fp/hard\libc_nano.a(libc_a-msizer.o)
                0x000000000800a4ec                _malloc_usable_size_r
 .text._sbrk_r  0x000000000800a4fc       0x20 C:/ST/STM32CubeIDE_1.10.1/STM32CubeIDE/plugins/com.st.stm32cube.ide.mcu.externaltools.gnu-tools-for-stm32.11.3.rel1.win32_1.1.0.202305231506/tools/bin/../lib/gcc/arm-none-eabi/11.3.1/../../../../arm-none-eabi/lib/thumb/v7e-m+fp/hard\libc_nano.a(libc_a-sbrkr.o)
                0x000000000800a4fc                _sbrk_r
 *(.glue_7)
 .glue_7        0x000000000800a51c        0x0 linker stubs
 *(.glue_7t)
 .glue_7t       0x000000000800a51c        0x0 linker stubs
 *(.eh_frame)
 .eh_frame      0x000000000800a51c        0x0 C:/ST/STM32CubeIDE_1.10.1/STM32CubeIDE/plugins/com.st.stm32cube.ide.mcu.externaltools.gnu-tools-for-stm32.11.3.rel1.win32_1.1.0.202305231506/tools/bin/../lib/gcc/arm-none-eabi/11.3.1/thumb/v7e-m+fp/hard/crtbegin.o
 *(.init)
 .init          0x000000000800a51c        0x4 C:/ST/STM32CubeIDE_1.10.1/STM32CubeIDE/plugins/com.st.stm32cube.ide.mcu.externaltools.gnu-tools-for-stm32.11.3.rel1.win32_1.1.0.202305231506/tools/bin/../lib/gcc/arm-none-eabi/11.3.1/thumb/v7e-m+fp/hard/crti.o
                0x000000000800a51c                _init
 .init          0x000000000800a520        0x8 C:/ST/STM32CubeIDE_1.10.1/STM32CubeIDE/plugins/com.st.stm32cube.ide.mcu.externaltools.gnu-tools-for-stm32.11.3.rel1.win32_1.1.0.202305231506/tools/bin/../lib/gcc/arm-none-eabi/11.3.1/thumb/v7e-m+fp/hard/crtn.o
 *(.fini)
 .fini          0x000000000800a528        0x4 C:/ST/STM32CubeIDE_1.10.1/STM32CubeIDE/plugins/com.st.stm32cube.ide.mcu.externaltools.gnu-tools-for-stm32.11.3.rel1.win32_1.1.0.202305231506/tools/bin/../lib/gcc/arm-none-eabi/11.3.1/thumb/v7e-m+fp/hard/crti.o
                0x000000000800a528                _fini
 .fini          0x000000000800a52c        0x8 C:/ST/STM32CubeIDE_1.10.1/STM32CubeIDE/plugins/com.st.stm32cube.ide.mcu.externaltools.gnu-tools-for-stm32.11.3.rel1.win32_1.1.0.202305231506/tools/bin/../lib/gcc/arm-none-eabi/11.3.1/thumb/v7e-m+fp/hard/crtn.o
                0x000000000800a534                . = ALIGN (0x4)
                0x000000000800a534                _etext = .

.vfp11_veneer   0x000000000800a534        0x0
 .vfp11_veneer  0x000000000800a534        0x0 linker stubs

.v4_bx          0x000000000800a534        0x0
 .v4_bx         0x000000000800a534        0x0 linker stubs

.iplt           0x000000000800a534        0x0
 .iplt          0x000000000800a534        0x0 C:/ST/STM32CubeIDE_1.10.1/STM32CubeIDE/plugins/com.st.stm32cube.ide.mcu.externaltools.gnu-tools-for-stm32.11.3.rel1.win32_1.1.0.202305231506/tools/bin/../lib/gcc/arm-none-eabi/11.3.1/thumb/v7e-m+fp/hard/crtbegin.o

.rodata         0x000000000800a534      0x304
                0x000000000800a534                . = ALIGN (0x4)
 *(.rodata)
 .rodata        0x000000000800a534      0x1ae ./Core/Src/ros_port.o
 *(.rodata*)
 *fill*         0x000000000800a6e2        0x2 
 .rodata._ZN14rosserial_msgsL12REQUESTPARAME
                0x000000000800a6e4       0x1c ./Core/Src/ros_port.o
 .rodata._ZTVN3ros10SubscriberIN8std_msgs4Int8EvEE
                0x000000000800a700       0x18 ./Core/Src/ros_port.o
                0x000000000800a700                vtable for ros::Subscriber<std_msgs::Int8, void>
 .rodata._ZTVN3ros10SubscriberIN13geometry_msgs5PointEvEE
                0x000000000800a718       0x18 ./Core/Src/ros_port.o
                0x000000000800a718                vtable for ros::Subscriber<geometry_msgs::Point, void>
 .rodata._ZTVN3ros11NodeHandle_I13STM32HardwareLi25ELi25ELi512ELi512EEE
                0x000000000800a730       0x14 ./Core/Src/ros_port.o
                0x000000000800a730                vtable for ros::NodeHandle_<STM32Hardware, 25, 25, 512, 512>
 .rodata._ZTVN8std_msgs4Int8E
                0x000000000800a744       0x18 ./Core/Src/ros_port.o
                0x000000000800a744                vtable for std_msgs::Int8
 .rodata._ZTVN13geometry_msgs5PointE
                0x000000000800a75c       0x18 ./Core/Src/ros_port.o
                0x000000000800a75c                vtable for geometry_msgs::Point
 .rodata._ZTVN3ros11Subscriber_E
                0x000000000800a774       0x18 ./Core/Src/ros_port.o
                0x000000000800a774                vtable for ros::Subscriber_
 .rodata._ZTVN3ros15NodeHandleBase_E
                0x000000000800a78c       0x14 ./Core/Src/ros_port.o
                0x000000000800a78c                vtable for ros::NodeHandleBase_
 .rodata._ZTVN14rosserial_msgs20RequestParamResponseE
                0x000000000800a7a0       0x18 ./Core/Src/ros_port.o
                0x000000000800a7a0                vtable for rosserial_msgs::RequestParamResponse
 .rodata._ZTVN14rosserial_msgs3LogE
                0x000000000800a7b8       0x18 ./Core/Src/ros_port.o
                0x000000000800a7b8                vtable for rosserial_msgs::Log
 .rodata._ZTVN14rosserial_msgs9TopicInfoE
                0x000000000800a7d0       0x18 ./Core/Src/ros_port.o
                0x000000000800a7d0                vtable for rosserial_msgs::TopicInfo
 .rodata._ZTVN8std_msgs4TimeE
                0x000000000800a7e8       0x18 ./Core/Src/ros_port.o
                0x000000000800a7e8                vtable for std_msgs::Time
 .rodata._ZTVN3ros3MsgE
                0x000000000800a800       0x18 ./Core/Src/ros_port.o
                0x000000000800a800                vtable for ros::Msg
 .rodata.AHBPrescTable
                0x000000000800a818       0x10 ./Core/Src/system_stm32f4xx.o
                0x000000000800a818                AHBPrescTable
 .rodata.APBPrescTable
                0x000000000800a828        0x8 ./Core/Src/system_stm32f4xx.o
                0x000000000800a828                APBPrescTable
 .rodata.flagBitshiftOffset.0
                0x000000000800a830        0x8 ./Drivers/STM32F4xx_HAL_Driver/Src/stm32f4xx_hal_dma.o
                0x000000000800a838                . = ALIGN (0x4)

.ARM.extab      0x000000000800a838        0x0
                0x000000000800a838                . = ALIGN (0x4)
 *(.ARM.extab* .gnu.linkonce.armextab.*)
                0x000000000800a838                . = ALIGN (0x4)

.ARM            0x000000000800a838        0x8
                0x000000000800a838                . = ALIGN (0x4)
                0x000000000800a838                __exidx_start = .
 *(.ARM.exidx*)
 .ARM.exidx     0x000000000800a838        0x8 C:/ST/STM32CubeIDE_1.10.1/STM32CubeIDE/plugins/com.st.stm32cube.ide.mcu.externaltools.gnu-tools-for-stm32.11.3.rel1.win32_1.1.0.202305231506/tools/bin/../lib/gcc/arm-none-eabi/11.3.1/thumb/v7e-m+fp/hard\libgcc.a(_udivmoddi4.o)
                0x000000000800a840                __exidx_end = .
                0x000000000800a840                . = ALIGN (0x4)

.rel.dyn        0x000000000800a840        0x0
 .rel.iplt      0x000000000800a840        0x0 C:/ST/STM32CubeIDE_1.10.1/STM32CubeIDE/plugins/com.st.stm32cube.ide.mcu.externaltools.gnu-tools-for-stm32.11.3.rel1.win32_1.1.0.202305231506/tools/bin/../lib/gcc/arm-none-eabi/11.3.1/thumb/v7e-m+fp/hard/crtbegin.o

.preinit_array  0x000000000800a840        0x0
                0x000000000800a840                . = ALIGN (0x4)
                0x000000000800a840                PROVIDE (__preinit_array_start = .)
 *(.preinit_array*)
                0x000000000800a840                PROVIDE (__preinit_array_end = .)
                0x000000000800a840                . = ALIGN (0x4)

.init_array     0x000000000800a840        0x8
                0x000000000800a840                . = ALIGN (0x4)
                0x000000000800a840                PROVIDE (__init_array_start = .)
 *(SORT_BY_NAME(.init_array.*))
 *(.init_array*)
 .init_array    0x000000000800a840        0x4 C:/ST/STM32CubeIDE_1.10.1/STM32CubeIDE/plugins/com.st.stm32cube.ide.mcu.externaltools.gnu-tools-for-stm32.11.3.rel1.win32_1.1.0.202305231506/tools/bin/../lib/gcc/arm-none-eabi/11.3.1/thumb/v7e-m+fp/hard/crtbegin.o
 .init_array    0x000000000800a844        0x4 ./Core/Src/ros_port.o
                0x000000000800a848                PROVIDE (__init_array_end = .)
                0x000000000800a848                . = ALIGN (0x4)

.fini_array     0x000000000800a848        0x4
                0x000000000800a848                . = ALIGN (0x4)
                [!provide]                        PROVIDE (__fini_array_start = .)
 *(SORT_BY_NAME(.fini_array.*))
 *(.fini_array*)
 .fini_array    0x000000000800a848        0x4 C:/ST/STM32CubeIDE_1.10.1/STM32CubeIDE/plugins/com.st.stm32cube.ide.mcu.externaltools.gnu-tools-for-stm32.11.3.rel1.win32_1.1.0.202305231506/tools/bin/../lib/gcc/arm-none-eabi/11.3.1/thumb/v7e-m+fp/hard/crtbegin.o
                [!provide]                        PROVIDE (__fini_array_end = .)
                0x000000000800a84c                . = ALIGN (0x4)
                0x000000000800a84c                _sidata = LOADADDR (.data)

.data           0x0000000020000000       0x8c load address 0x000000000800a84c
                0x0000000020000000                . = ALIGN (0x4)
                0x0000000020000000                _sdata = .
 *(.data)
 *(.data*)
 .data.laji_reset
                0x0000000020000000        0x4 ./Core/Src/baseball_intake.o
                0x0000000020000000                laji_reset
 .data.laji_ok  0x0000000020000004        0x4 ./Core/Src/baseball_intake.o
                0x0000000020000004                laji_ok
 .data.angle_seat
                0x0000000020000008        0x8 ./Core/Src/shooter.o
                0x0000000020000008                angle_seat
 .data.seat_mode
                0x0000000020000010        0x4 ./Core/Src/shooter.o
                0x0000000020000010                seat_mode
 .data.reset    0x0000000020000014        0x4 ./Core/Src/shooter_base.o
                0x0000000020000014                reset
 .data.hz_pos_limit
                0x0000000020000018        0x8 ./Core/Src/shooter_base.o
                0x0000000020000018                hz_pos_limit
 .data.hz_neg_limit
                0x0000000020000020        0x8 ./Core/Src/shooter_base.o
                0x0000000020000020                hz_neg_limit
 .data.ev_limit
                0x0000000020000028        0x8 ./Core/Src/shooter_base.o
                0x0000000020000028                ev_limit
 .data.SystemCoreClock
                0x0000000020000030        0x4 ./Core/Src/system_stm32f4xx.o
                0x0000000020000030                SystemCoreClock
 .data.uwTickPrio
                0x0000000020000034        0x4 ./Drivers/STM32F4xx_HAL_Driver/Src/stm32f4xx_hal.o
                0x0000000020000034                uwTickPrio
 .data.uwTickFreq
                0x0000000020000038        0x1 ./Drivers/STM32F4xx_HAL_Driver/Src/stm32f4xx_hal.o
                0x0000000020000038                uwTickFreq
 *fill*         0x0000000020000039        0x3 
 .data._impure_data
                0x000000002000003c       0x4c C:/ST/STM32CubeIDE_1.10.1/STM32CubeIDE/plugins/com.st.stm32cube.ide.mcu.externaltools.gnu-tools-for-stm32.11.3.rel1.win32_1.1.0.202305231506/tools/bin/../lib/gcc/arm-none-eabi/11.3.1/../../../../arm-none-eabi/lib/thumb/v7e-m+fp/hard\libc_nano.a(libc_a-impure.o)
                0x000000002000003c                _impure_data
 .data._impure_ptr
                0x0000000020000088        0x4 C:/ST/STM32CubeIDE_1.10.1/STM32CubeIDE/plugins/com.st.stm32cube.ide.mcu.externaltools.gnu-tools-for-stm32.11.3.rel1.win32_1.1.0.202305231506/tools/bin/../lib/gcc/arm-none-eabi/11.3.1/../../../../arm-none-eabi/lib/thumb/v7e-m+fp/hard\libc_nano.a(libc_a-impure.o)
                0x0000000020000088                _impure_ptr
 *(.RamFunc)
 *(.RamFunc*)
                0x000000002000008c                . = ALIGN (0x4)
                0x000000002000008c                _edata = .

.igot.plt       0x000000002000008c        0x0 load address 0x000000000800a8d8
 .igot.plt      0x000000002000008c        0x0 C:/ST/STM32CubeIDE_1.10.1/STM32CubeIDE/plugins/com.st.stm32cube.ide.mcu.externaltools.gnu-tools-for-stm32.11.3.rel1.win32_1.1.0.202305231506/tools/bin/../lib/gcc/arm-none-eabi/11.3.1/thumb/v7e-m+fp/hard/crtbegin.o
                0x000000002000008c                . = ALIGN (0x4)

.bss            0x0000000020000090     0x1b40 load address 0x000000000800a8d8
                0x0000000020000090                _sbss = .
                0x0000000020000090                __bss_start__ = _sbss
 *(.bss)
 .bss           0x0000000020000090       0x1c C:/ST/STM32CubeIDE_1.10.1/STM32CubeIDE/plugins/com.st.stm32cube.ide.mcu.externaltools.gnu-tools-for-stm32.11.3.rel1.win32_1.1.0.202305231506/tools/bin/../lib/gcc/arm-none-eabi/11.3.1/thumb/v7e-m+fp/hard/crtbegin.o
 *(.bss*)
 .bss.fu        0x00000000200000ac        0x4 ./Core/Src/TIM_IT.o
                0x00000000200000ac                fu
 .bss.fl        0x00000000200000b0        0x4 ./Core/Src/TIM_IT.o
                0x00000000200000b0                fl
 .bss.lu        0x00000000200000b4        0x4 ./Core/Src/TIM_IT.o
                0x00000000200000b4                lu
 .bss.ll        0x00000000200000b8        0x4 ./Core/Src/TIM_IT.o
                0x00000000200000b8                ll
 *fill*         0x00000000200000bc        0x4 
 .bss.angle_hz  0x00000000200000c0        0x8 ./Core/Src/TIM_IT.o
                0x00000000200000c0                angle_hz
 .bss.angle_ev  0x00000000200000c8        0x8 ./Core/Src/TIM_IT.o
                0x00000000200000c8                angle_ev
 .bss.t         0x00000000200000d0        0x4 ./Core/Src/TIM_IT.o
                0x00000000200000d0                t
 .bss.x         0x00000000200000d4        0x4 ./Core/Src/TIM_IT.o
                0x00000000200000d4                x
 .bss.fliping   0x00000000200000d8        0x4 ./Core/Src/baseball_intake.o
                0x00000000200000d8                fliping
 .bss.lifting   0x00000000200000dc        0x4 ./Core/Src/baseball_intake.o
                0x00000000200000dc                lifting
 .bss.laji_cmd  0x00000000200000e0        0x4 ./Core/Src/baseball_intake.o
                0x00000000200000e0                laji_cmd
 .bss.cmd       0x00000000200000e4        0x4 ./Core/Src/baseball_intake.o
                0x00000000200000e4                cmd
 .bss._ZZ12laji_controlvE1a
                0x00000000200000e8        0x4 ./Core/Src/baseball_intake.o
 .bss.htim1     0x00000000200000ec       0x48 ./Core/Src/main.o
                0x00000000200000ec                htim1
 .bss.htim2     0x0000000020000134       0x48 ./Core/Src/main.o
                0x0000000020000134                htim2
 .bss.htim3     0x000000002000017c       0x48 ./Core/Src/main.o
                0x000000002000017c                htim3
 .bss.htim4     0x00000000200001c4       0x48 ./Core/Src/main.o
                0x00000000200001c4                htim4
 .bss.htim5     0x000000002000020c       0x48 ./Core/Src/main.o
                0x000000002000020c                htim5
 .bss.htim8     0x0000000020000254       0x48 ./Core/Src/main.o
                0x0000000020000254                htim8
 .bss.htim12    0x000000002000029c       0x48 ./Core/Src/main.o
                0x000000002000029c                htim12
 .bss.huart2    0x00000000200002e4       0x44 ./Core/Src/main.o
                0x00000000200002e4                huart2
 .bss.hdma_usart2_rx
                0x0000000020000328       0x60 ./Core/Src/main.o
                0x0000000020000328                hdma_usart2_rx
 .bss.hdma_usart2_tx
                0x0000000020000388       0x60 ./Core/Src/main.o
                0x0000000020000388                hdma_usart2_tx
 .bss.go        0x00000000200003e8        0x4 ./Core/Src/reset_button.o
                0x00000000200003e8                go
 .bss.a         0x00000000200003ec        0x4 ./Core/Src/reset_button.o
                0x00000000200003ec                a
 .bss.b         0x00000000200003f0        0x4 ./Core/Src/reset_button.o
                0x00000000200003f0                b
 .bss.c         0x00000000200003f4        0x4 ./Core/Src/reset_button.o
                0x00000000200003f4                c
 .bss.d         0x00000000200003f8        0x4 ./Core/Src/reset_button.o
                0x00000000200003f8                d
 .bss._ZZN13STM32Hardware5flushEvE5mutex
                0x00000000200003fc        0x1 ./Core/Src/ros_port.o
                0x00000000200003fc                STM32Hardware::flush()::mutex
 *fill*         0x00000000200003fd        0x3 
 .bss.flag      0x0000000020000400        0x4 ./Core/Src/ros_port.o
                0x0000000020000400                flag
 .bss.laji      0x0000000020000404        0x8 ./Core/Src/ros_port.o
                0x0000000020000404                laji
 .bss.button_reset
                0x000000002000040c        0x8 ./Core/Src/ros_port.o
                0x000000002000040c                button_reset
 .bss.nh        0x0000000020000414     0x153c ./Core/Src/ros_port.o
                0x0000000020000414                nh
 .bss.sub_angle
                0x0000000020001950       0x38 ./Core/Src/ros_port.o
                0x0000000020001950                sub_angle
 .bss.sub_ori   0x0000000020001988       0x1c ./Core/Src/ros_port.o
                0x0000000020001988                sub_ori
 .bss.sub_laji  0x00000000200019a4       0x1c ./Core/Src/ros_port.o
                0x00000000200019a4                sub_laji
 .bss.pub_laji  0x00000000200019c0       0x14 ./Core/Src/ros_port.o
                0x00000000200019c0                pub_laji
 .bss.pub_reset
                0x00000000200019d4       0x14 ./Core/Src/ros_port.o
                0x00000000200019d4                pub_reset
 .bss.target_length
                0x00000000200019e8        0x8 ./Core/Src/shooter.o
                0x00000000200019e8                target_length
 .bss.actual_length
                0x00000000200019f0        0x8 ./Core/Src/shooter.o
                0x00000000200019f0                actual_length
 .bss.seat_ok   0x00000000200019f8        0x4 ./Core/Src/shooter.o
                0x00000000200019f8                seat_ok
 .bss.check_hook
                0x00000000200019fc        0x4 ./Core/Src/shooter.o
                0x00000000200019fc                check_hook
 .bss.check_fire
                0x0000000020001a00        0x4 ./Core/Src/shooter.o
                0x0000000020001a00                check_fire
 .bss.delay     0x0000000020001a04        0x4 ./Core/Src/shooter.o
                0x0000000020001a04                delay
 .bss.return_value
                0x0000000020001a08        0x4 ./Core/Src/shooter.o
                0x0000000020001a08                return_value
 .bss.enc_st    0x0000000020001a0c        0x2 ./Core/Src/shooter.o
                0x0000000020001a0c                enc_st
 *fill*         0x0000000020001a0e        0x2 
 .bss.angle_st  0x0000000020001a10        0x8 ./Core/Src/shooter.o
                0x0000000020001a10                angle_st
 .bss.enc_hz    0x0000000020001a18        0x2 ./Core/Src/shooter_base.o
                0x0000000020001a18                enc_hz
 .bss.enc_ev    0x0000000020001a1a        0x2 ./Core/Src/shooter_base.o
                0x0000000020001a1a                enc_ev
 *fill*         0x0000000020001a1c        0x4 
 .bss.target_hz
                0x0000000020001a20        0x8 ./Core/Src/shooter_base.o
                0x0000000020001a20                target_hz
 .bss.target_ev
                0x0000000020001a28        0x8 ./Core/Src/shooter_base.o
                0x0000000020001a28                target_ev
 .bss.hz_ok     0x0000000020001a30        0x4 ./Core/Src/shooter_base.o
                0x0000000020001a30                hz_ok
 .bss.ev_ok     0x0000000020001a34        0x4 ./Core/Src/shooter_base.o
                0x0000000020001a34                ev_ok
 .bss.et_hz     0x0000000020001a38        0x8 ./Core/Src/shooter_base.o
                0x0000000020001a38                et_hz
 .bss.et_ev     0x0000000020001a40        0x8 ./Core/Src/shooter_base.o
                0x0000000020001a40                et_ev
 .bss.sigma_et_hz
                0x0000000020001a48        0x8 ./Core/Src/shooter_base.o
                0x0000000020001a48                sigma_et_hz
 .bss.sigma_et_ev
                0x0000000020001a50        0x8 ./Core/Src/shooter_base.o
                0x0000000020001a50                sigma_et_ev
 .bss.ut_hz     0x0000000020001a58        0x8 ./Core/Src/shooter_base.o
                0x0000000020001a58                ut_hz
 .bss.ut_ev     0x0000000020001a60        0x8 ./Core/Src/shooter_base.o
                0x0000000020001a60                ut_ev
 .bss.last_et_hz
                0x0000000020001a68        0x8 ./Core/Src/shooter_base.o
                0x0000000020001a68                last_et_hz
 .bss.last_et_ev
                0x0000000020001a70        0x8 ./Core/Src/shooter_base.o
                0x0000000020001a70                last_et_ev
 .bss.hz_origin
                0x0000000020001a78        0x4 ./Core/Src/shooter_base.o
                0x0000000020001a78                hz_origin
 .bss.ev_origin
                0x0000000020001a7c        0x4 ./Core/Src/shooter_base.o
                0x0000000020001a7c                ev_origin
 .bss.__sbrk_heap_end
                0x0000000020001a80        0x4 ./Core/Src/sysmem.o
 .bss.uwTick    0x0000000020001a84        0x4 ./Drivers/STM32F4xx_HAL_Driver/Src/stm32f4xx_hal.o
                0x0000000020001a84                uwTick
 .bss.__sf      0x0000000020001a88      0x138 C:/ST/STM32CubeIDE_1.10.1/STM32CubeIDE/plugins/com.st.stm32cube.ide.mcu.externaltools.gnu-tools-for-stm32.11.3.rel1.win32_1.1.0.202305231506/tools/bin/../lib/gcc/arm-none-eabi/11.3.1/../../../../arm-none-eabi/lib/thumb/v7e-m+fp/hard\libc_nano.a(libc_a-findfp.o)
                0x0000000020001a88                __sf
 .bss.errno     0x0000000020001bc0        0x4 C:/ST/STM32CubeIDE_1.10.1/STM32CubeIDE/plugins/com.st.stm32cube.ide.mcu.externaltools.gnu-tools-for-stm32.11.3.rel1.win32_1.1.0.202305231506/tools/bin/../lib/gcc/arm-none-eabi/11.3.1/../../../../arm-none-eabi/lib/thumb/v7e-m+fp/hard\libc_nano.a(libc_a-reent.o)
                0x0000000020001bc0                errno
 .bss.__lock___malloc_recursive_mutex
                0x0000000020001bc4        0x1 C:/ST/STM32CubeIDE_1.10.1/STM32CubeIDE/plugins/com.st.stm32cube.ide.mcu.externaltools.gnu-tools-for-stm32.11.3.rel1.win32_1.1.0.202305231506/tools/bin/../lib/gcc/arm-none-eabi/11.3.1/../../../../arm-none-eabi/lib/thumb/v7e-m+fp/hard\libc_nano.a(libc_a-lock.o)
                0x0000000020001bc4                __lock___malloc_recursive_mutex
 *fill*         0x0000000020001bc5        0x3 
 .bss.__malloc_free_list
                0x0000000020001bc8        0x4 C:/ST/STM32CubeIDE_1.10.1/STM32CubeIDE/plugins/com.st.stm32cube.ide.mcu.externaltools.gnu-tools-for-stm32.11.3.rel1.win32_1.1.0.202305231506/tools/bin/../lib/gcc/arm-none-eabi/11.3.1/../../../../arm-none-eabi/lib/thumb/v7e-m+fp/hard\libc_nano.a(libc_a-mallocr.o)
                0x0000000020001bc8                __malloc_free_list
 .bss.__malloc_sbrk_start
                0x0000000020001bcc        0x4 C:/ST/STM32CubeIDE_1.10.1/STM32CubeIDE/plugins/com.st.stm32cube.ide.mcu.externaltools.gnu-tools-for-stm32.11.3.rel1.win32_1.1.0.202305231506/tools/bin/../lib/gcc/arm-none-eabi/11.3.1/../../../../arm-none-eabi/lib/thumb/v7e-m+fp/hard\libc_nano.a(libc_a-mallocr.o)
                0x0000000020001bcc                __malloc_sbrk_start
 *(COMMON)
                0x0000000020001bd0                . = ALIGN (0x4)
                0x0000000020001bd0                _ebss = .
                0x0000000020001bd0                __bss_end__ = _ebss

._user_heap_stack
                0x0000000020001bd0      0x600 load address 0x000000000800a8d8
                0x0000000020001bd0                . = ALIGN (0x8)
                [!provide]                        PROVIDE (end = .)
                0x0000000020001bd0                PROVIDE (_end = .)
                0x0000000020001dd0                . = (. + _Min_Heap_Size)
 *fill*         0x0000000020001bd0      0x200 
                0x00000000200021d0                . = (. + _Min_Stack_Size)
 *fill*         0x0000000020001dd0      0x400 
                0x00000000200021d0                . = ALIGN (0x8)

/DISCARD/
 libc.a(*)
 libm.a(*)
 libgcc.a(*)

.ARM.attributes
                0x0000000000000000       0x30
 *(.ARM.attributes)
 .ARM.attributes
                0x0000000000000000       0x1e C:/ST/STM32CubeIDE_1.10.1/STM32CubeIDE/plugins/com.st.stm32cube.ide.mcu.externaltools.gnu-tools-for-stm32.11.3.rel1.win32_1.1.0.202305231506/tools/bin/../lib/gcc/arm-none-eabi/11.3.1/thumb/v7e-m+fp/hard/crti.o
 .ARM.attributes
                0x000000000000001e       0x34 C:/ST/STM32CubeIDE_1.10.1/STM32CubeIDE/plugins/com.st.stm32cube.ide.mcu.externaltools.gnu-tools-for-stm32.11.3.rel1.win32_1.1.0.202305231506/tools/bin/../lib/gcc/arm-none-eabi/11.3.1/thumb/v7e-m+fp/hard/crtbegin.o
 .ARM.attributes
                0x0000000000000052       0x34 ./Core/Inc/time.o
 .ARM.attributes
                0x0000000000000086       0x34 ./Core/Src/TIM_IT.o
 .ARM.attributes
                0x00000000000000ba       0x34 ./Core/Src/baseball_intake.o
 .ARM.attributes
                0x00000000000000ee       0x34 ./Core/Src/main.o
 .ARM.attributes
                0x0000000000000122       0x34 ./Core/Src/mainpp.o
 .ARM.attributes
                0x0000000000000156       0x34 ./Core/Src/reset_button.o
 .ARM.attributes
                0x000000000000018a       0x34 ./Core/Src/ros_port.o
 .ARM.attributes
                0x00000000000001be       0x34 ./Core/Src/shooter.o
 .ARM.attributes
                0x00000000000001f2       0x34 ./Core/Src/shooter_base.o
 .ARM.attributes
                0x0000000000000226       0x34 ./Core/Src/stm32f4xx_hal_msp.o
 .ARM.attributes
                0x000000000000025a       0x34 ./Core/Src/stm32f4xx_it.o
 .ARM.attributes
                0x000000000000028e       0x34 ./Core/Src/sysmem.o
 .ARM.attributes
                0x00000000000002c2       0x34 ./Core/Src/system_stm32f4xx.o
 .ARM.attributes
                0x00000000000002f6       0x21 ./Core/Startup/startup_stm32f446retx.o
 .ARM.attributes
                0x0000000000000317       0x34 ./Drivers/STM32F4xx_HAL_Driver/Src/stm32f4xx_hal.o
 .ARM.attributes
                0x000000000000034b       0x34 ./Drivers/STM32F4xx_HAL_Driver/Src/stm32f4xx_hal_cortex.o
 .ARM.attributes
                0x000000000000037f       0x34 ./Drivers/STM32F4xx_HAL_Driver/Src/stm32f4xx_hal_dma.o
 .ARM.attributes
                0x00000000000003b3       0x34 ./Drivers/STM32F4xx_HAL_Driver/Src/stm32f4xx_hal_gpio.o
 .ARM.attributes
                0x00000000000003e7       0x34 ./Drivers/STM32F4xx_HAL_Driver/Src/stm32f4xx_hal_rcc.o
 .ARM.attributes
                0x000000000000041b       0x34 ./Drivers/STM32F4xx_HAL_Driver/Src/stm32f4xx_hal_rcc_ex.o
 .ARM.attributes
                0x000000000000044f       0x34 ./Drivers/STM32F4xx_HAL_Driver/Src/stm32f4xx_hal_tim.o
 .ARM.attributes
                0x0000000000000483       0x34 ./Drivers/STM32F4xx_HAL_Driver/Src/stm32f4xx_hal_tim_ex.o
 .ARM.attributes
                0x00000000000004b7       0x34 ./Drivers/STM32F4xx_HAL_Driver/Src/stm32f4xx_hal_uart.o
 .ARM.attributes
                0x00000000000004eb       0x34 C:/ST/STM32CubeIDE_1.10.1/STM32CubeIDE/plugins/com.st.stm32cube.ide.mcu.externaltools.gnu-tools-for-stm32.11.3.rel1.win32_1.1.0.202305231506/tools/bin/../lib/gcc/arm-none-eabi/11.3.1/../../../../arm-none-eabi/lib/thumb/v7e-m+fp/hard\libc_nano.a(libc_a-realloc.o)
 .ARM.attributes
                0x000000000000051f       0x34 C:/ST/STM32CubeIDE_1.10.1/STM32CubeIDE/plugins/com.st.stm32cube.ide.mcu.externaltools.gnu-tools-for-stm32.11.3.rel1.win32_1.1.0.202305231506/tools/bin/../lib/gcc/arm-none-eabi/11.3.1/../../../../arm-none-eabi/lib/thumb/v7e-m+fp/hard\libc_nano.a(libc_a-reallocr.o)
 .ARM.attributes
                0x0000000000000553       0x34 C:/ST/STM32CubeIDE_1.10.1/STM32CubeIDE/plugins/com.st.stm32cube.ide.mcu.externaltools.gnu-tools-for-stm32.11.3.rel1.win32_1.1.0.202305231506/tools/bin/../lib/gcc/arm-none-eabi/11.3.1/../../../../arm-none-eabi/lib/thumb/v7e-m+fp/hard\libc_nano.a(libc_a-findfp.o)
 .ARM.attributes
                0x0000000000000587       0x34 C:/ST/STM32CubeIDE_1.10.1/STM32CubeIDE/plugins/com.st.stm32cube.ide.mcu.externaltools.gnu-tools-for-stm32.11.3.rel1.win32_1.1.0.202305231506/tools/bin/../lib/gcc/arm-none-eabi/11.3.1/../../../../arm-none-eabi/lib/thumb/v7e-m+fp/hard\libc_nano.a(libc_a-memset.o)
 .ARM.attributes
                0x00000000000005bb       0x34 C:/ST/STM32CubeIDE_1.10.1/STM32CubeIDE/plugins/com.st.stm32cube.ide.mcu.externaltools.gnu-tools-for-stm32.11.3.rel1.win32_1.1.0.202305231506/tools/bin/../lib/gcc/arm-none-eabi/11.3.1/../../../../arm-none-eabi/lib/thumb/v7e-m+fp/hard\libc_nano.a(libc_a-reent.o)
 .ARM.attributes