../Core/Src/baseball_intake.cpp:16:5:int fliping_state(int)	40	static
../Core/Src/baseball_intake.cpp:34:5:int lifting_state(int)	40	static
../Core/Src/baseball_intake.cpp:52:6:void laji::move(int, int, GPIO_TypeDef*, uint16_t, GPIO_TypeDef*, uint16_t)	24	static
../Core/Src/baseball_intake.cpp:66:5:int fliping_RisingEdge(int)	24	static
../Core/Src/baseball_intake.cpp:73:5:int lifting_RisingEdge(int)	24	static
../Core/Src/baseball_intake.cpp:84:6:void laji_Reset()	8	static
../Core/Src/baseball_intake.cpp:100:6:void laji_control()	8	static
../Core/Src/baseball_intake.cpp:162:6:void laji_stop()	24	static
