../Core/Src/main.c:85:5:main	8	static
../Core/Src/main.c:139:6:SystemClock_Config	88	static
../Core/Src/main.c:186:13:MX_TIM1_Init	56	static
../Core/Src/main.c:236:13:MX_TIM2_Init	56	static
../Core/Src/main.c:285:13:MX_TIM3_Init	56	static
../Core/Src/main.c:334:13:MX_TIM4_Init	48	static
../Core/Src/main.c:387:13:MX_TIM5_Init	32	static
../Core/Src/main.c:432:13:MX_TIM8_Init	80	static
../Core/Src/main.c:497:13:MX_TIM12_Init	40	static
../Core/Src/main.c:543:13:MX_USART2_UART_Init	8	static
../Core/Src/main.c:576:13:MX_USART3_UART_Init	8	static
../Core/Src/main.c:607:13:MX_DMA_Init	16	static
../Core/Src/main.c:628:13:MX_GPIO_Init	48	static
../Core/Src/main.c:699:6:Error_Handler	4	static,ignoring_inline_asm
